GAMS 54.3.1  61154be4 Aug 21, 2026          LEX-LEG x86 64bit/Linux - 10/02/26 20:10:52 Page 1
G e n e r a l   A l g e b r a i c   M o d e l i n g   S y s t e m
C o m p i l a t i o n




COMPILATION TIME     =        0.014 SECONDS      3 MB  54.3.1 61154be4 LEX-LEG
GAMS 54.3.1  61154be4 Aug 21, 2026          LEX-LEG x86 64bit/Linux - 10/02/26 20:10:52 Page 2
G e n e r a l   A l g e b r a i c   M o d e l i n g   S y s t e m
Range Statistics    SOLVE m Using NLP From line 6834


RANGE STATISTICS (ABSOLUTE NON-ZERO FINITE VALUES)

RHS       [min, max] : [ 1.000E+00, 1.000E+00] - Zero values observed as well
Bound     [min, max] : [ 1.000E+00, 1.000E+00] - Zero values observed as well
Matrix    [min, max] : [ 6.250E-04, 1.001E+00] - Zero values observed as well

GAMS 54.3.1  61154be4 Aug 21, 2026          LEX-LEG x86 64bit/Linux - 10/02/26 20:10:52 Page 3
G e n e r a l   A l g e b r a i c   M o d e l i n g   S y s t e m
Model Statistics    SOLVE m Using NLP From line 6834


MODEL STATISTICS

BLOCKS OF EQUATIONS       1,601     SINGLE EQUATIONS        1,601
BLOCKS OF VARIABLES       2,404     SINGLE VARIABLES        2,404
NON ZERO ELEMENTS         9,603     NON LINEAR N-Z          9,600
CODE LENGTH              33,601     CONSTANT POOL              18


GENERATION TIME      =        0.022 SECONDS      5 MB  54.3.1 61154be4 LEX-LEG
GAMS 54.3.1  61154be4 Aug 21, 2026          LEX-LEG x86 64bit/Linux - 10/02/26 20:10:52 Page 4
G e n e r a l   A l g e b r a i c   M o d e l i n g   S y s t e m
Solution Report     SOLVE m Using NLP From line 6834


               S O L V E      S U M M A R Y

     MODEL   m                   OBJECTIVE  objvar
     TYPE    NLP                 DIRECTION  MINIMIZE
     SOLVER  CONVERT             FROM LINE  6834

**** SOLVER STATUS     1 Normal Completion
**** MODEL STATUS      14 No Solution Returned
**** OBJECTIVE VALUE                0.0000

 RESOURCE USAGE, LIMIT          0.030 10000000000.000
 ITERATION COUNT, LIMIT         0    2147483647
 EVALUATION ERRORS              0             0

--- Reading option file '/workspace/minlp-notes/research-20260929/publication/reviews/minlplib-st
---     atus-r1/conv/catmix800.cur/convert.opt':
--- Setting 'OSiL': out.osil
--- Setting 'Gams': scalar.gms

--- Writing Gams      : scalar.gms
--- Writing OSiL      : out.osil


No solution returned


EXECUTION TIME       =        0.073 SECONDS      5 MB  54.3.1 61154be4 LEX-LEG


USER: [REDACTED]
      License for teaching and research at degree granting institutions


**** FILE SUMMARY

Input      /workspace/minlp-notes/research-20260929/publication/reviews/minlplib-status-r1/conv/catmix800.cur/m.gms
Output     /workspace/minlp-notes/research-20260929/publication/reviews/minlplib-status-r1/conv/catmix800.cur/out.lst
