GAMS 54.3.1  61154be4 Aug 21, 2026          LEX-LEG x86 64bit/Linux - 09/23/26 01:12:50 Page 1
G e n e r a l   A l g e b r a i c   M o d e l i n g   S y s t e m
C o m p i l a t i o n




COMPILATION TIME     =        0.007 SECONDS      2 MB  54.3.1 61154be4 LEX-LEG
GAMS 54.3.1  61154be4 Aug 21, 2026          LEX-LEG x86 64bit/Linux - 09/23/26 01:12:50 Page 2
G e n e r a l   A l g e b r a i c   M o d e l i n g   S y s t e m
Range Statistics    SOLVE m Using MINLP From line 1974


RANGE STATISTICS (ABSOLUTE NON-ZERO FINITE VALUES)

RHS       [min, max] : [ 6.100E+00, 3.057E+03] - Zero values observed as well
Bound     [min, max] : [ 1.000E+00, 2.711E+02] - Zero values observed as well
Matrix    [min, max] : [ 2.605E-01, 2.333E+08] - Zero values observed as well

GAMS 54.3.1  61154be4 Aug 21, 2026          LEX-LEG x86 64bit/Linux - 09/23/26 01:12:50 Page 3
G e n e r a l   A l g e b r a i c   M o d e l i n g   S y s t e m
Model Statistics    SOLVE m Using MINLP From line 1974


MODEL STATISTICS

BLOCKS OF EQUATIONS         571     SINGLE EQUATIONS          571
BLOCKS OF VARIABLES         581     SINGLE VARIABLES          581  65 projected
NON ZERO ELEMENTS         2,266     NON LINEAR N-Z            815
CODE LENGTH               2,588     CONSTANT POOL              40     DISCRETE VARIABLES         60


GENERATION TIME      =        0.009 SECONDS      3 MB  54.3.1 61154be4 LEX-LEG
GAMS 54.3.1  61154be4 Aug 21, 2026          LEX-LEG x86 64bit/Linux - 09/23/26 01:12:50 Page 4
G e n e r a l   A l g e b r a i c   M o d e l i n g   S y s t e m
Solution Report     SOLVE m Using MINLP From line 1974


               S O L V E      S U M M A R Y

     MODEL   m                   OBJECTIVE  objvar
     TYPE    MINLP               DIRECTION  MINIMIZE
     SOLVER  SCIP                FROM LINE  1974

**** SOLVER STATUS     3 Resource Interrupt
**** MODEL STATUS      8 Integer Solution
**** OBJECTIVE VALUE            65374.0113

 RESOURCE USAGE, LIMIT        300.001       300.000
 ITERATION COUNT, LIMIT    401308    2147483647
 EVALUATION ERRORS              0             0

SCIP             54.3.1 61154be4 Aug 21, 2026          LEG x86 64bit/Linux    

                           LOWER          LEVEL          UPPER

---- EQU e1                  .              .              .          
---- EQU e2                  .              .              .          
---- EQU e3                  .       2.273737E-13          .          
---- EQU e4                  .       1.136868E-13          .          
---- EQU e5                  .              .              .          
---- EQU e6                  .              .              .          
---- EQU e7                  .              .              .          
---- EQU e8                  .              .              .          
---- EQU e9                  .              .              .          
---- EQU e10                 .              .              .          
---- EQU e11                 .       -1.13687E-13          .          
---- EQU e12                 .       1.136868E-13          .          
---- EQU e13                 .              .              .          
---- EQU e14                 .              .              .          
---- EQU e15                 .              .              .          
---- EQU e16                 .              .              .          
---- EQU e17                 .              .              .          
---- EQU e18                 .              .              .          
---- EQU e19                 .              .              .          
---- EQU e20                 .       1.136868E-13          .          
---- EQU e21              821.0400       821.0400       821.0400      
---- EQU e22             1460.6800      1460.6800      1460.6800      
---- EQU e23              970.8800       970.8800       970.8800      
---- EQU e24             1876.1400      1876.1400      1876.1400      
---- EQU e25             1161.1200      1161.1200      1161.1200      
---- EQU e26             -586.9600      -586.9600      -586.9600      
---- EQU e27            -1177.6600     -1177.6600     -1177.6600      
---- EQU e28            -2384.2800     -2384.2800     -2384.2800      
---- EQU e29            -1539.7200     -1539.7200     -1539.7200      
---- EQU e30            -2359.4100     -2359.4100     -2359.4100      
---- EQU e31            -1216.0000     -1216.0000     -1216.0000      
---- EQU e32            -1352.3700     -1352.3700     -1352.3700      
---- EQU e33            -1857.2400     -1857.2400     -1857.2400      
---- EQU e34            -3056.9100     -3056.9100     -3056.9100      
---- EQU e35            -2841.1600     -2841.1600     -2841.1600      
---- EQU e36             -760.0000      -760.0000      -760.0000      
---- EQU e37             -647.2100      -647.2100      -647.2100      
---- EQU e38            -1539.7200     -1539.7200     -1539.7200      
---- EQU e39            -1634.8500     -1634.8500     -1634.8500      
---- EQU e40            -1544.2900     -1544.2900     -1544.2900      
---- EQU e41                 .              .            +INF         
---- EQU e42                 .            66.7000        +INF         
---- EQU e43                 .            77.3821        +INF         
---- EQU e44                 .            33.7179        +INF         
---- EQU e45                 .            80.1946        +INF         
---- EQU e46                 .              .            +INF         
---- EQU e47                 .              .            +INF         
---- EQU e48                 .           122.2000        +INF         
---- EQU e49                 .            92.3644        +INF         
---- EQU e50                 .              .            +INF         
---- EQU e51                 .            22.7684        +INF         
---- EQU e52                 .            77.2316        +INF         
---- EQU e53                 .           106.1000        +INF         
---- EQU e54                 .              .            +INF         
---- EQU e55                 .              .            +INF         
---- EQU e56                 .           183.3000        +INF         
---- EQU e57                 .            94.5000        +INF         
---- EQU e58                 .              .            +INF         
---- EQU e59                 .            85.3871        +INF         
---- EQU e60                 .            25.7129        +INF         
---- EQU e61               93.3000        93.3000        +INF         
---- EQU e62              137.8000       137.8000        +INF         
---- EQU e63               65.6000       146.5054        +INF         
---- EQU e64              148.9000       148.9000        +INF         
---- EQU e65               65.6000       106.5356        +INF         
---- EQU e66             -160.0000      -160.0000        +INF         
---- EQU e67             -221.7000      -221.7000        +INF         
---- EQU e68             -221.1000      -221.1000        +INF         
---- EQU e69             -176.7000      -176.7000        +INF         
---- EQU e70             -204.4000      -204.4000        +INF         
---- EQU e71             -160.0000      -160.0000      -160.0000      
---- EQU e72             -248.9000      -248.9000      -248.9000      
---- EQU e73             -226.7000      -226.7000      -226.7000      
---- EQU e74             -271.1000      -271.1000      -271.1000      
---- EQU e75             -198.9000      -198.9000      -198.9000      
---- EQU e76              -60.0000       -60.0000       -60.0000      
---- EQU e77             -115.6000      -115.6000      -115.6000      
---- EQU e78              -37.8000       -37.8000       -37.8000      
---- EQU e79              -82.2000       -82.2000       -82.2000      
---- EQU e80              -93.3000       -93.3000       -93.3000      
---- EQU e81               -8.8000        -8.8000        -8.8000      
---- EQU e82               -8.8000        -8.8000        -8.8000      
---- EQU e83              -10.6000       -10.6000       -10.6000      
---- EQU e84              -10.6000       -10.6000       -10.6000      
---- EQU e85              -14.8000       -14.8000       -14.8000      
---- EQU e86              -14.8000       -14.8000       -14.8000      
---- EQU e87              -12.6000       -12.6000       -12.6000      
---- EQU e88              -12.6000       -12.6000       -12.6000      
---- EQU e89              -17.7000       -17.7000       -17.7000      
---- EQU e90              -17.7000       -17.7000       -17.7000      
---- EQU e91               -7.6000        -7.6000        -7.6000      
---- EQU e92               -7.6000        -7.6000        -7.6000      
---- EQU e93               -6.1000        -6.1000        -6.1000      
---- EQU e94               -6.1000        -6.1000        -6.1000      
---- EQU e95               -8.4000        -8.4000        -8.4000      
---- EQU e96               -8.4000        -8.4000        -8.4000      
---- EQU e97              -17.3000       -17.3000       -17.3000      
---- EQU e98              -17.3000       -17.3000       -17.3000      
---- EQU e99              -13.9000       -13.9000       -13.9000      
---- EQU e100             -13.9000       -13.9000       -13.9000      
---- EQU e101                .              .              .          
---- EQU e102                .       -1.13687E-13          .          
---- EQU e103                .              .              .          
---- EQU e104                .              .              .          
---- EQU e105                .              .              .          
---- EQU e106                .              .              .          
---- EQU e107                .              .              .          
---- EQU e108                .              .              .          
---- EQU e109                .              .              .          
---- EQU e110                .              .              .          
---- EQU e111                .              .              .          
---- EQU e112                .              .              .          
---- EQU e113                .              .              .          
---- EQU e114                .              .              .          
---- EQU e115                .              .              .          
---- EQU e116                .              .              .          
---- EQU e117                .              .              .          
---- EQU e118                .              .              .          
---- EQU e119                .              .              .          
---- EQU e120                .              .              .          
---- EQU e121                .              .              .          
---- EQU e122                .              .              .          
---- EQU e123                .              .              .          
---- EQU e124                .              .              .          
---- EQU e125                .              .              .          
---- EQU e126                .              .              .          
---- EQU e127                .              .              .          
---- EQU e128                .              .              .          
---- EQU e129                .              .              .          
---- EQU e130                .              .              .          
---- EQU e131                .              .              .          
---- EQU e132                .              .              .          
---- EQU e133                .              .              .          
---- EQU e134                .              .              .          
---- EQU e135                .              .              .          
---- EQU e136                .       2.273737E-13          .          
---- EQU e137                .              .              .          
---- EQU e138                .              .              .          
---- EQU e139                .              .              .          
---- EQU e140                .              .              .          
---- EQU e141                .              .              .          
---- EQU e142                .              .              .          
---- EQU e143                .              .              .          
---- EQU e144                .              .              .          
---- EQU e145                .              .              .          
---- EQU e146                .              .              .          
---- EQU e147                .       2.273737E-13          .          
---- EQU e148                .              .              .          
---- EQU e149                .              .              .          
---- EQU e150                .              .              .          
---- EQU e151                .              .              .          
---- EQU e152                .       -1.13687E-13          .          
---- EQU e153                .              .              .          
---- EQU e154                .              .              .          
---- EQU e155                .              .              .          
---- EQU e156                .              .              .          
---- EQU e157                .       -6.50579E-30          .          
---- EQU e158                .              .              .          
---- EQU e159                .              .              .          
---- EQU e160                .              .              .          
---- EQU e161                .       1.705303E-13          .          
---- EQU e162                .              .              .          
---- EQU e163                .              .              .          
---- EQU e164                .              .              .          
---- EQU e165                .              .              .          
---- EQU e166                .              .              .          
---- EQU e167                .              .              .          
---- EQU e168                .              .              .          
---- EQU e169                .              .              .          
---- EQU e170                .       5.684342E-14          .          
---- EQU e171                .              .              .          
---- EQU e172                .              .              .          
---- EQU e173                .              .              .          
---- EQU e174                .              .              .          
---- EQU e175                .              .              .          
---- EQU e176                .              .              .          
---- EQU e177                .              .              .          
---- EQU e178                .              .              .          
---- EQU e179                .              .              .          
---- EQU e180                .              .              .          
---- EQU e181                .              .              .          
---- EQU e182                .              .              .          
---- EQU e183                .              .              .          
---- EQU e184                .              .              .          
---- EQU e185                .              .              .          
---- EQU e186                .       -2.27374E-13          .          
---- EQU e187                .              .              .          
---- EQU e188                .              .              .          
---- EQU e189                .              .              .          
---- EQU e190                .              .              .          
---- EQU e191                .              .              .          
---- EQU e192                .              .              .          
---- EQU e193                .              .              .          
---- EQU e194                .              .              .          
---- EQU e195                .              .              .          
---- EQU e196                .              .              .          
---- EQU e197                .       -2.27374E-13          .          
---- EQU e198                .              .              .          
---- EQU e199                .              .              .          
---- EQU e200                .              .              .          
---- EQU e201                .              .              .          
---- EQU e202                .              .              .          
---- EQU e203                .              .              .          
---- EQU e204                .              .              .          
---- EQU e205                .              .              .          
---- EQU e206                .              .              .          
---- EQU e207                .              .              .          
---- EQU e208                .       -2.27374E-13          .          
---- EQU e209                .       -2.27374E-13          .          
---- EQU e210                .       -2.27374E-13          .          
---- EQU e211                .              .              .          
---- EQU e212                .              .              .          
---- EQU e213                .              .              .          
---- EQU e214                .              .              .          
---- EQU e215                .       -2.27374E-13          .          
---- EQU e216                .              .              .          
---- EQU e217                .              .              .          
---- EQU e218                .              .              .          
---- EQU e219                .              .              .          
---- EQU e220                .              .              .          
---- EQU e221                .       3.552714E-15          .          
---- EQU e222                .              .              .          
---- EQU e223                .              .              .          
---- EQU e224                .              .              .          
---- EQU e225                .              .              .          
---- EQU e226                .       1.501022E-12          .          
---- EQU e227                .              .              .          
---- EQU e228                .       1.501022E-12          .          
---- EQU e229                .              .              .          
---- EQU e230                .              .              .          
---- EQU e231                .              .              .          
---- EQU e232                .       -7.10543E-15          .          
---- EQU e233                .       7.105427E-15          .          
---- EQU e234                .       -7.10543E-15          .          
---- EQU e235                .              .              .          
---- EQU e236                .       1.776357E-15          .          
---- EQU e237                .              .              .          
---- EQU e238                .              .              .          
---- EQU e239                .              .              .          
---- EQU e240                .       7.105427E-15          .          
---- EQU e241                .       -2.84217E-14          .          
---- EQU e242                .       -7.10543E-15          .          
---- EQU e243                .              .              .          
---- EQU e244                .              .              .          
---- EQU e245                .              .              .          
---- EQU e246                .       1.501022E-12          .          
---- EQU e247                .       1.776357E-15          .          
---- EQU e248                .       -1.77636E-15          .          
---- EQU e249                .       -3.55271E-15          .          
---- EQU e250                .       3.552714E-15          .          
---- EQU e251                .              .              .          
---- EQU e252                .              .              .          
---- EQU e253                .       -2.84217E-14          .          
---- EQU e254                .       -5.68434E-14          .          
---- EQU e255                .              .              .          
---- EQU e256                .       -1.42109E-14          .          
---- EQU e257                .              .              .          
---- EQU e258                .       1.501022E-12          .          
---- EQU e259                .       -2.84217E-14          .          
---- EQU e260                .       -2.84217E-14          .          
---- EQU e261                .              .              .          
---- EQU e262                .       1.421085E-14          .          
---- EQU e263                .       -4.06083E-10          .          
---- EQU e264                .       -1.876345E-9          .          
---- EQU e265                .              .              .          
---- EQU e266                .              .              .          
---- EQU e267                .       4.973799E-14          .          
---- EQU e268                .              .              .          
---- EQU e269                .              .              .          
---- EQU e270                .              .              .          
---- EQU e271                .              .              .          
---- EQU e272                .       -3.55271E-15          .          
---- EQU e273                .              .              .          
---- EQU e274                .              .              .          
---- EQU e275                .              .              .          
---- EQU e276                .              .              .          
---- EQU e277                .              .              .          
---- EQU e278                .              .              .          
---- EQU e279                .              .              .          
---- EQU e280                .              .              .          
---- EQU e281                .       4.440892E-16          .          
---- EQU e282                .              .              .          
---- EQU e283                .       -3.55271E-15          .          
---- EQU e284                .              .              .          
---- EQU e285                .              .              .          
---- EQU e286                .              .              .          
---- EQU e287                .              .              .          
---- EQU e288                .              .              .          
---- EQU e289                .              .              .          
---- EQU e290                .              .              .          
---- EQU e291                .              .              .          
---- EQU e292                .              .              .          
---- EQU e293                .              .              .          
---- EQU e294                .              .              .          
---- EQU e295                .              .              .          
---- EQU e296                .              .              .          
---- EQU e297                .              .              .          
---- EQU e298                .              .              .          
---- EQU e299                .              .              .          
---- EQU e300                .              .              .          
---- EQU e301                .              .              .          
---- EQU e302                .              .              .          
---- EQU e303                .              .              .          
---- EQU e304                .              .              .          
---- EQU e305                .              .              .          
---- EQU e306                .              .              .          
---- EQU e307                .              .              .          
---- EQU e308                .              .              .          
---- EQU e309                .              .              .          
---- EQU e310                .              .              .          
---- EQU e311                .              .              .          
---- EQU e312                .              .              .          
---- EQU e313                .              .              .          
---- EQU e314                .              .              .          
---- EQU e315                .              .              .          
---- EQU e316                .              .              .          
---- EQU e317                .              .              .          
---- EQU e318                .              .              .          
---- EQU e319                .              .              .          
---- EQU e320                .              .              .          
---- EQU e321                .       3.552714E-14          .          
---- EQU e322                .       5.684342E-14          .          
---- EQU e323                .       1.421085E-14          .          
---- EQU e324                .       -7.10543E-14          .          
---- EQU e325                .       9.350742E-12          .          
---- EQU e326                .              .              .          
---- EQU e327                .       1.9504399E-7          .          
---- EQU e328                .       1.3429258E-7          .          
---- EQU e329                .       8.9954698E-7          .          
---- EQU e330                .       7.5885969E-7          .          
---- EQU e331                .       5.916457E-31          .          
---- EQU e332                .              .              .          
---- EQU e333                .              .              .          
---- EQU e334                .              .              .          
---- EQU e335                .       -3.55271E-15          .          
---- EQU e336                .              .              .          
---- EQU e337                .              .              .          
---- EQU e338                .              .              .          
---- EQU e339                .              .              .          
---- EQU e340                .              .              .          
---- EQU e341              -INF             .              .          
---- EQU e342              -INF             .              .          
---- EQU e343              -INF             .              .          
---- EQU e344              -INF             .              .          
---- EQU e345              -INF             .              .          
---- EQU e346              -INF             .              .          
---- EQU e347              -INF             .              .          
---- EQU e348              -INF             .              .          
---- EQU e349              -INF             .              .          
---- EQU e350              -INF             .              .          
---- EQU e351              -INF         -586.9600          .          
---- EQU e352              -INF             .              .          
---- EQU e353              -INF      -1.13687E-13          .          
---- EQU e354              -INF             .              .          
---- EQU e355              -INF             .              .          
---- EQU e356              -INF             .              .          
---- EQU e357              -INF             .              .          
---- EQU e358              -INF             .              .          
---- EQU e359              -INF             .              .          
---- EQU e360              -INF         -820.2500          .          
---- EQU e361              -INF             .              .          
---- EQU e362              -INF             .              .          
---- EQU e363              -INF             .              .          
---- EQU e364              -INF             .              .          
---- EQU e365              -INF             .              .          
---- EQU e366              -INF             .              .          
---- EQU e367              -INF             .              .          
---- EQU e368              -INF             .              .          
---- EQU e369              -INF         -357.4100          .          
---- EQU e370              -INF             .              .          
---- EQU e371              -INF             .              .          
---- EQU e372              -INF             .              .          
---- EQU e373              -INF             .              .          
---- EQU e374              -INF             .              .          
---- EQU e375              -INF             .              .          
---- EQU e376              -INF             .              .          
---- EQU e377              -INF             .              .          
---- EQU e378              -INF             .              .          
---- EQU e379              -INF             .              .          
---- EQU e380              -INF             .              .          
---- EQU e381              -INF             .              .          
---- EQU e382              -INF             .              .          
---- EQU e383              -INF             .              .          
---- EQU e384              -INF             .              .          
---- EQU e385              -INF             .              .          
---- EQU e386              -INF             .              .          
---- EQU e387              -INF      -2.27374E-13          .          
---- EQU e388              -INF             .              .          
---- EQU e389              -INF             .              .          
---- EQU e390              -INF             .              .          
---- EQU e391              -INF             .              .          
---- EQU e392              -INF             .              .          
---- EQU e393              -INF             .              .          
---- EQU e394              -INF             .              .          
---- EQU e395              -INF             .              .          
---- EQU e396              -INF             .              .          
---- EQU e397              -INF             .              .          
---- EQU e398              -INF        -1186.8800          .          
---- EQU e399              -INF             .              .          
---- EQU e400              -INF        -1634.8500          .          
---- EQU e401              -INF           10.0000        66.7000      
---- EQU e402              -INF           66.7000        66.7000      
---- EQU e403              -INF           71.7000       128.4000      
---- EQU e404              -INF          -34.4000       128.4000      
---- EQU e405              -INF           71.1000       127.8000      
---- EQU e406              -INF           71.1000       127.8000      
---- EQU e407              -INF           26.7000        83.4000      
---- EQU e408              -INF          -67.8000        83.4000      
---- EQU e409              -INF           54.4000       111.1000      
---- EQU e410              -INF          -30.9871       111.1000      
---- EQU e411              -INF           22.2000        22.2000      
---- EQU e412              -INF           -8.6169        22.2000      
---- EQU e413              -INF           83.9000        83.9000      
---- EQU e414              -INF      -1.42109E-14        83.9000      
---- EQU e415              -INF          -17.6249        83.3000      
---- EQU e416              -INF           63.2882        83.3000      
---- EQU e417              -INF          -62.2000        38.9000      
---- EQU e418              -INF          -79.3179        38.9000      
---- EQU e419              -INF          -34.5000        66.6000      
---- EQU e420              -INF           66.6000        66.6000      
---- EQU e421              -INF           94.4000        94.4000      
---- EQU e422              -INF           94.4000        94.4000      
---- EQU e423              -INF            5.0000       156.1000      
---- EQU e424              -INF          -20.9054       156.1000      
---- EQU e425              -INF            4.4000       155.5000      
---- EQU e426              -INF           84.5946       155.5000      
---- EQU e427              -INF          -39.9815       111.1000      
---- EQU e428              -INF          -53.2045       111.1000      
---- EQU e429              -INF          138.8000       138.8000      
---- EQU e430              -INF           -0.0894       138.8000      
---- EQU e431              -INF         -101.1000        11.1000      
---- EQU e432              -INF         -123.8684        11.1000      
---- EQU e433              -INF           72.8000        72.8000      
---- EQU e434              -INF           -9.0625        72.8000      
---- EQU e435              -INF          -33.7878        72.2000      
---- EQU e436              -INF           72.2000        72.2000      
---- EQU e437              -INF           21.1625        27.8000      
---- EQU e438              -INF         -178.9000        27.8000      
---- EQU e439              -INF           27.0375        55.5000      
---- EQU e440              -INF           49.6340        55.5000      
---- EQU e441              -INF          -20.3544        94.4000      
---- EQU e442              -INF           92.7284        94.4000      
---- EQU e443              -INF           32.8000       156.1000      
---- EQU e444              -INF           19.0644       156.1000      
---- EQU e445              -INF           32.2000       155.5000      
---- EQU e446              -INF          143.0755       155.5000      
---- EQU e447              -INF          111.1000       111.1000      
---- EQU e448              -INF      -3.55271E-15       111.1000      
---- EQU e449              -INF           15.5000       138.8000      
---- EQU e450              -INF           22.4774       138.8000      
---- EQU e451              -INF      1.421085E-14        66.7000      
---- EQU e452              -INF           66.7000        66.7000      
---- EQU e453              -INF          -34.4000       128.4000      
---- EQU e454              -INF           32.3000       128.4000      
---- EQU e455              -INF           71.1000       127.8000      
---- EQU e456              -INF          -45.4955       127.8000      
---- EQU e457              -INF          -67.8000        83.4000      
---- EQU e458              -INF           -1.0955        83.4000      
---- EQU e459              -INF          -30.9871       111.1000      
---- EQU e460              -INF           10.0000       111.1000      
---- EQU e461              -INF           13.5831        22.2000      
---- EQU e462              -INF            7.2123        22.2000      
---- EQU e463              -INF           83.9000        83.9000      
---- EQU e464              -INF           -4.8459        83.9000      
---- EQU e465              -INF           63.2882        83.3000      
---- EQU e466              -INF          -90.0000        83.3000      
---- EQU e467              -INF          -79.3179        38.9000      
---- EQU e468              -INF          -45.6000        38.9000      
---- EQU e469              -INF      2.842171E-14        66.6000      
---- EQU e470              -INF           41.7862        66.6000      
---- EQU e471              -INF           94.4000        94.4000      
---- EQU e472              -INF          -76.5054        94.4000      
---- EQU e473              -INF          -20.9054       156.1000      
---- EQU e474              -INF          -20.9054       156.1000      
---- EQU e475              -INF           84.5946       155.5000      
---- EQU e476              -INF          -98.7009       155.5000      
---- EQU e477              -INF          -53.2045       111.1000      
---- EQU e478              -INF          -54.3054       111.1000      
---- EQU e479              -INF          138.7106       138.8000      
---- EQU e480              -INF          -43.2054       138.8000      
---- EQU e481              -INF         -123.8684        11.1000      
---- EQU e482              -INF          -78.9000        11.1000      
---- EQU e483              -INF           -9.0625        72.8000      
---- EQU e484              -INF           72.8000        72.8000      
---- EQU e485              -INF             .            72.2000      
---- EQU e486              -INF           72.2000        72.2000      
---- EQU e487              -INF         -178.9000        27.8000      
---- EQU e488              -INF          -56.6955        27.8000      
---- EQU e489              -INF           49.6340        55.5000      
---- EQU e490              -INF           55.5000        55.5000      
---- EQU e491              -INF           92.7284        94.4000      
---- EQU e492              -INF           74.1326        94.4000      
---- EQU e493              -INF           19.0644       156.1000      
---- EQU e494              -INF           19.0644       156.1000      
---- EQU e495              -INF          143.0755       155.5000      
---- EQU e496              -INF          144.0905       155.5000      
---- EQU e497              -INF          111.1000       111.1000      
---- EQU e498              -INF          -12.7675       111.1000      
---- EQU e499              -INF           22.4774       138.8000      
---- EQU e500              -INF           -3.2356       138.8000      
---- EQU e501              -INF          -40.0000       -40.0000      
---- EQU e502              -INF          -40.0000       -40.0000      
---- EQU e503              -INF          -73.9908       -40.0000      
---- EQU e504              -INF          -40.0000       -40.0000      
---- EQU e505              -INF          -62.7704       -40.0000      
---- EQU e506              -INF          240.0000       240.0000      
---- EQU e507              -INF          240.0000       240.0000      
---- EQU e508              -INF          240.0000       240.0000      
---- EQU e509              -INF          240.0000       240.0000      
---- EQU e510              -INF          240.0000       240.0000      
---- EQU e511                .       3.637979E-12          .          
---- EQU am0               -INF           -0.8658          .          
---- EQU am1               -INF           -0.3329          .          
---- EQU am2               -INF          -10.0000          .          
---- EQU am3               -INF          -10.0000          .          
---- EQU am4               -INF          -10.0000          .          
---- EQU am5               -INF           -0.0022          .          
---- EQU am6               -INF          -10.0000          .          
---- EQU am7               -INF           -0.0022          .          
---- EQU am8               -INF          -10.0000          .          
---- EQU am9               -INF          -10.0000          .          
---- EQU am10              -INF           -6.3831          .          
---- EQU am11              -INF           -5.7850          .          
---- EQU am12              -INF           -1.7099          .          
---- EQU am13              -INF           -3.6771          .          
---- EQU am14              -INF           -0.0875          .          
---- EQU am15              -INF           -0.0972          .          
---- EQU am16              -INF          -10.0000          .          
---- EQU am17              -INF          -10.0000          .          
---- EQU am18              -INF           -5.6212          .          
---- EQU am19              -INF           -2.6408          .          
---- EQU am20              -INF           -2.1025          .          
---- EQU am21              -INF          -16.7825          .          
---- EQU am22              -INF          -10.0000          .          
---- EQU am23              -INF          -10.0000          .          
---- EQU am24              -INF          -10.0000          .          
---- EQU am25              -INF           -0.0022          .          
---- EQU am26              -INF           -0.0093          .          
---- EQU am27              -INF           -0.0096          .          
---- EQU am28              -INF           -0.0876          .          
---- EQU am29              -INF           -1.4378          .          
---- EQU am30              -INF          -10.0000          .          
---- EQU am31              -INF          -10.0000          .          
---- EQU am32              -INF           -0.3653          .          
---- EQU am33              -INF           -1.0812          .          
---- EQU am34              -INF           -3.1061          .          
---- EQU am35              -INF           -4.0227          .          
---- EQU am36              -INF          -19.6457          .          
---- EQU am37              -INF           -0.0022          .          
---- EQU am38              -INF           -6.8299          .          
---- EQU am39              -INF           -4.4778          .          
---- EQU am40              -INF           -4.2728          .          
---- EQU am41              -INF           -3.2276          .          
---- EQU am42              -INF           -9.9780          .          
---- EQU am43              -INF           -8.8042          .          
---- EQU am44              -INF           -1.5874          .          
---- EQU am45              -INF          -28.9779          .          
---- EQU am46              -INF           -0.0164          .          
---- EQU am47              -INF           -0.7841          .          
---- EQU am48              -INF          -10.0000          .          
---- EQU am49              -INF          -10.0000          .          
---- EQU am50              -INF           33.8403        34.1500      
---- EQU am51              -INF           56.2217        56.4000      
---- EQU am52              -INF           18.7660        20.3000      
---- EQU am53              -INF           61.7887        61.9500      
---- EQU am54              -INF           20.2802        20.3000      
---- EQU am55              -INF          -40.0000        40.0000      
---- EQU am56              -INF           -9.1500         9.1500      
---- EQU am57              -INF           -9.4500         9.4500      
---- EQU am58              -INF          -31.6500        31.6500      
---- EQU am59              -INF          -17.8000        17.8000      

                           LOWER          LEVEL          UPPER

---- VAR b1                  .              .             1.0000      
---- VAR b2                  .             1.0000         1.0000      
---- VAR b3                  .              .             1.0000      
---- VAR b4                  .              .             1.0000      
---- VAR b5                  .              .             1.0000      
---- VAR b6                  .              .             1.0000      
---- VAR b7                  .              .             1.0000      
---- VAR b8                  .              .             1.0000      
---- VAR b9                  .              .             1.0000      
---- VAR b10                 .              .             1.0000      
---- VAR b11                 .             1.0000         1.0000      
---- VAR b12                 .              .             1.0000      
---- VAR b13                 .             1.0000         1.0000      
---- VAR b14                 .              .             1.0000      
---- VAR b15                 .              .             1.0000      
---- VAR b16                 .              .             1.0000      
---- VAR b17                 .              .             1.0000      
---- VAR b18                 .              .             1.0000      
---- VAR b19                 .              .             1.0000      
---- VAR b20                 .             1.0000         1.0000      
---- VAR b21                 .              .             1.0000      
---- VAR b22                 .              .             1.0000      
---- VAR b23                 .              .             1.0000      
---- VAR b24                 .              .             1.0000      
---- VAR b25                 .              .             1.0000      
---- VAR b26                 .              .             1.0000      
---- VAR b27                 .              .             1.0000      
---- VAR b28                 .              .             1.0000      
---- VAR b29                 .             1.0000         1.0000      
---- VAR b30                 .              .             1.0000      
---- VAR b31                 .              .             1.0000      
---- VAR b32                 .              .             1.0000      
---- VAR b33                 .              .             1.0000      
---- VAR b34                 .              .             1.0000      
---- VAR b35                 .              .             1.0000      
---- VAR b36                 .             1.0000         1.0000      
---- VAR b37                 .              .             1.0000      
---- VAR b38                 .              .             1.0000      
---- VAR b39                 .              .             1.0000      
---- VAR b40                 .              .             1.0000      
---- VAR b41                 .              .             1.0000      
---- VAR b42                 .              .             1.0000      
---- VAR b43                 .              .             1.0000      
---- VAR b44                 .              .             1.0000      
---- VAR b45                 .              .             1.0000      
---- VAR b46                 .              .             1.0000      
---- VAR b47                 .             1.0000         1.0000      
---- VAR b48                 .              .             1.0000      
---- VAR b49                 .              .             1.0000      
---- VAR b50                 .              .             1.0000      
---- VAR b51                 .       1.192708E-16         1.0000      
---- VAR b52                 .              .             1.0000      
---- VAR b53                 .             1.0000         1.0000      
---- VAR b54                 .              .             1.0000      
---- VAR b55                 .             1.0000         1.0000      
---- VAR b56                 .              .             1.0000      
---- VAR b57                 .              .             1.0000      
---- VAR b58                 .              .             1.0000      
---- VAR b59                 .              .             1.0000      
---- VAR b60                 .              .             1.0000      
---- VAR x61               93.3000       160.0000       160.0000      
---- VAR x62               93.3000       160.0000       160.0000      
---- VAR x63               93.3000        93.3000       160.0000      
---- VAR x64              137.8000       248.9000       248.9000      
---- VAR x65              137.8000       171.5179       248.9000      
---- VAR x66              137.8000       137.8000       248.9000      
---- VAR x67               65.6000       226.7000       226.7000      
---- VAR x68               65.6000       146.5054       226.7000      
---- VAR x69               65.6000       146.5054       226.7000      
---- VAR x70              148.9000       271.1000       271.1000      
---- VAR x71              148.9000       271.1000       271.1000      
---- VAR x72              148.9000       148.9000       271.1000      
---- VAR x73               65.6000       198.9000       198.9000      
---- VAR x74               65.6000       106.5356       198.9000      
---- VAR x75               65.6000       106.5356       198.9000      
---- VAR x76               60.0000       160.0000       160.0000      
---- VAR x77               60.0000       137.2316       160.0000      
---- VAR x78               60.0000        60.0000       160.0000      
---- VAR x79              115.6000       221.7000       221.7000      
---- VAR x80              115.6000       115.6000       221.7000      
---- VAR x81              115.6000       115.6000       221.7000      
---- VAR x82               37.8000       221.1000       221.1000      
---- VAR x83               37.8000       221.1000       221.1000      
---- VAR x84               37.8000        37.8000       221.1000      
---- VAR x85               82.2000       176.7000       176.7000      
---- VAR x86               82.2000        82.2000       176.7000      
---- VAR x87               82.2000        82.2000       176.7000      
---- VAR x88               93.3000       204.4000       204.4000      
---- VAR x89               93.3000       119.0129       204.4000      
---- VAR x90               93.3000        93.3000       204.4000      
---- VAR x91                 .              .            +INF         
---- VAR x92                 .           586.9600        +INF         
---- VAR x93                 .              .            +INF         
---- VAR x94                 .              .            +INF         
---- VAR x95                 .              .            +INF         
---- VAR x96                 .              .            +INF         
---- VAR x97                 .              .            +INF         
---- VAR x98                 .              .            +INF         
---- VAR x99                 .              .            +INF         
---- VAR x100                .              .            +INF         
---- VAR x101                .           173.0400        +INF         
---- VAR x102                .              .            +INF         
---- VAR x103                .           647.2100        +INF         
---- VAR x104                .              .            +INF         
---- VAR x105                .              .            +INF         
---- VAR x106                .              .            +INF         
---- VAR x107                .              .            +INF         
---- VAR x108                .              .            +INF         
---- VAR x109                .              .            +INF         
---- VAR x110                .           357.4100        +INF         
---- VAR x111                .              .            +INF         
---- VAR x112                .              .            +INF         
---- VAR x113                .              .            +INF         
---- VAR x114                .              .            +INF         
---- VAR x115                .              .            +INF         
---- VAR x116                .              .            +INF         
---- VAR x117                .              .            +INF         
---- VAR x118                .              .            +INF         
---- VAR x119                .          1186.8800        +INF         
---- VAR x120                .              .            +INF         
---- VAR x121                .              .            +INF         
---- VAR x122                .              .            +INF         
---- VAR x123                .              .            +INF         
---- VAR x124                .              .            +INF         
---- VAR x125                .              .            +INF         
---- VAR x126                .          1539.7200        +INF         
---- VAR x127                .              .            +INF         
---- VAR x128                .              .            +INF         
---- VAR x129                .              .            +INF         
---- VAR x130                .              .            +INF         
---- VAR x131                .              .            +INF         
---- VAR x132                .              .            +INF         
---- VAR x133                .              .            +INF         
---- VAR x134                .              .            +INF         
---- VAR x135                .              .            +INF         
---- VAR x136                .              .            +INF         
---- VAR x137                .          1634.8500        +INF         
---- VAR x138                .              .            +INF         
---- VAR x139                .              .            +INF         
---- VAR x140                .              .            +INF         
---- VAR x141                .       7.000719E-14        +INF         
---- VAR x142                .              .            +INF         
---- VAR x143                .          1197.4000        +INF         
---- VAR x144                .              .            +INF         
---- VAR x145                .           724.5600        +INF         
---- VAR x146                .              .            +INF         
---- VAR x147                .              .            +INF         
---- VAR x148                .              .            +INF         
---- VAR x149                .              .            +INF         
---- VAR x150                .              .            +INF         
---- VAR x151              10.0000        10.0000        +INF         
---- VAR x152              10.0000        22.7684        +INF         
---- VAR x153              10.0000        33.3000        +INF         
---- VAR x154              10.0000        10.0000        +INF         
---- VAR x155              10.0000        10.0000        +INF         
---- VAR x156              10.0000        10.0000        +INF         
---- VAR x157              10.0000        10.0000        +INF         
---- VAR x158              10.0000        10.0000        +INF         
---- VAR x159              10.0000        10.0045        +INF         
---- VAR x160              10.0000        10.0000        +INF         
---- VAR x161              10.0000        10.0000        +INF         
---- VAR x162              10.0000        10.0045        +INF         
---- VAR x163              10.0000        10.0000        +INF         
---- VAR x164              10.0000        10.0000        +INF         
---- VAR x165              10.0000        10.0000        +INF         
---- VAR x166              10.0000        88.9000        +INF         
---- VAR x167              10.0000        25.6694        +INF         
---- VAR x168              10.0000        85.0123        +INF         
---- VAR x169              10.0000        27.2000        +INF         
---- VAR x170              10.0000        55.9179        +INF         
---- VAR x171              10.0000        17.3541        +INF         
---- VAR x172              10.0000        10.1751        +INF         
---- VAR x173              10.0000        13.7062        +INF         
---- VAR x174              10.0000        10.0000        +INF         
---- VAR x175              10.0000        10.0000        +INF         
---- VAR x176              10.0000        10.0000        +INF         
---- VAR x177              10.0000        10.0000        +INF         
---- VAR x178              10.0000        10.0000        +INF         
---- VAR x179              10.0000        52.5050        +INF         
---- VAR x180              10.0000        19.6862        +INF         
---- VAR x181              10.0000       161.1000        +INF         
---- VAR x182              10.0000       103.6738        +INF         
---- VAR x183              10.0000        10.0000        +INF         
---- VAR x184              10.0000        10.0000        +INF         
---- VAR x185              10.0000        10.0000        +INF         
---- VAR x186              10.0000        10.0000        +INF         
---- VAR x187              10.0000        10.0000        +INF         
---- VAR x188              10.0000        10.0000        +INF         
---- VAR x189              10.0000        10.0045        +INF         
---- VAR x190              10.0000        10.0185        +INF         
---- VAR x191              10.0000        11.1009        +INF         
---- VAR x192              10.0000        10.0000        +INF         
---- VAR x193              10.0000        22.3000        +INF         
---- VAR x194              10.0000        27.4031        +INF         
---- VAR x195              10.0000        10.0000        +INF         
---- VAR x196              10.0000        10.0000        +INF         
---- VAR x197              10.0000        10.0000        +INF         
---- VAR x198              10.0000        10.0000        +INF         
---- VAR x199              10.0000       122.2000        +INF         
---- VAR x200              10.0000       146.4375        +INF         
---- VAR x201              10.0000       106.1000        +INF         
---- VAR x202              10.0000        16.2122        +INF         
---- VAR x203              10.0000        50.0000        +INF         
---- VAR x204              10.0000       111.1000        +INF         
---- VAR x205              10.0000       115.5625        +INF         
---- VAR x206              10.0000        10.0000        +INF         
---- VAR x207              10.0000        10.0045        +INF         
---- VAR x208              10.0000        93.7375        +INF         
---- VAR x209              10.0000       201.7211        +INF         
---- VAR x210              10.0000       111.1000        +INF         
---- VAR x211              10.0000        18.5456        +INF         
---- VAR x212              10.0000        62.0324        +INF         
---- VAR x213              10.0000       120.6682        +INF         
---- VAR x214              10.0000        10.0000        +INF         
---- VAR x215              10.0000        10.0000        +INF         
---- VAR x216              10.0000        10.0000        +INF         
---- VAR x217              10.0000        10.0000        +INF         
---- VAR x218              10.0000        28.5111        +INF         
---- VAR x219              10.0000       212.8261        +INF         
---- VAR x220              10.0000        22.2000        +INF         
---- VAR x221              10.0000        24.3356        +INF         
---- VAR x222              10.0000        11.5681        +INF         
---- VAR x223              10.0000        10.0000        +INF         
---- VAR x224              10.0000        10.0000        +INF         
---- VAR x225              10.0000        10.0000        +INF         
---- VAR x226              10.0000        53.3000        +INF         
---- VAR x227              10.0000        97.8000        +INF         
---- VAR x228              10.0000        72.5146        +INF         
---- VAR x229              10.0000       108.9000        +INF         
---- VAR x230              10.0000        43.7652        +INF         
---- VAR x231              10.0000        80.0000        +INF         
---- VAR x232              10.0000        18.3000        +INF         
---- VAR x233              10.0000        18.9000        +INF         
---- VAR x234              10.0000        63.3000        +INF         
---- VAR x235              10.0000        35.6000        +INF         
---- VAR x236                .             8.8000         8.8000      
---- VAR x237                .             8.8000         8.8000      
---- VAR x238                .              .             8.8000      
---- VAR x239                .              .             8.8000      
---- VAR x240                .              .             8.8000      
---- VAR x241                .              .             8.8000      
---- VAR x242                .              .             8.8000      
---- VAR x243                .              .             8.8000      
---- VAR x244                .              .             8.8000      
---- VAR x245                .              .             8.8000      
---- VAR x246                .             1.5575        10.6000      
---- VAR x247                .              .            10.6000      
---- VAR x248                .             5.8255        10.6000      
---- VAR x249                .              .            10.6000      
---- VAR x250                .             3.2170        10.6000      
---- VAR x251                .              .            10.6000      
---- VAR x252                .              .            10.6000      
---- VAR x253                .              .            10.6000      
---- VAR x254                .              .            10.6000      
---- VAR x255                .            10.6000        10.6000      
---- VAR x256                .              .            14.8000      
---- VAR x257                .              .            14.8000      
---- VAR x258                .              .            14.8000      
---- VAR x259                .              .            14.8000      
---- VAR x260                .              .            14.8000      
---- VAR x261                .            14.8000        14.8000      
---- VAR x262                .              .            14.8000      
---- VAR x263                .              .            14.8000      
---- VAR x264                .            14.8000        14.8000      
---- VAR x265                .              .            14.8000      
---- VAR x266                .            12.6000        12.6000      
---- VAR x267                .       3.113712E-15        12.6000      
---- VAR x268                .              .            12.6000      
---- VAR x269                .              .            12.6000      
---- VAR x270                .              .            12.6000      
---- VAR x271                .            12.6000        12.6000      
---- VAR x272                .              .            12.6000      
---- VAR x273                .              .            12.6000      
---- VAR x274                .              .            12.6000      
---- VAR x275                .              .            12.6000      
---- VAR x276                .              .            17.7000      
---- VAR x277                .             5.4356        17.7000      
---- VAR x278                .             5.4355        17.7000      
---- VAR x279                .              .            17.7000      
---- VAR x280                .              .            17.7000      
---- VAR x281                .              .            17.7000      
---- VAR x282                .            12.2645        17.7000      
---- VAR x283                .            12.2644        17.7000      
---- VAR x284                .              .            17.7000      
---- VAR x285                .              .            17.7000      
---- VAR x286                .              .             7.6000      
---- VAR x287                .             7.6000         7.6000      
---- VAR x288                .              .             6.1000      
---- VAR x289                .             6.1000         6.1000      
---- VAR x290                .             8.3974         8.4000      
---- VAR x291                .              .             8.4000      
---- VAR x292                .       1.526015E-16        17.3000      
---- VAR x293                .            17.3000        17.3000      
---- VAR x294                .              .            13.9000      
---- VAR x295                .              .            13.9000      
---- VAR x296                .             7.6000         7.6000      
---- VAR x297                .              .             7.6000      
---- VAR x298                .             6.1000         6.1000      
---- VAR x299                .              .             6.1000      
---- VAR x300                .             0.0026         8.4000      
---- VAR x301                .              .             8.4000      
---- VAR x302                .              .            17.3000      
---- VAR x303                .              .            17.3000      
---- VAR x304                .              .            13.9000      
---- VAR x305                .            13.9000        13.9000      
---- VAR x306                .              .             7.6000      
---- VAR x307                .              .             7.6000      
---- VAR x308                .              .             6.1000      
---- VAR x309                .              .             6.1000      
---- VAR x310                .              .             8.4000      
---- VAR x311                .              .             8.4000      
---- VAR x312                .              .            17.3000      
---- VAR x313                .              .            17.3000      
---- VAR x314                .            13.9000        13.9000      
---- VAR x315                .              .            13.9000      
---- VAR x316                .              .             7.6000      
---- VAR x317                .              .             7.6000      
---- VAR x318                .              .             6.1000      
---- VAR x319                .              .             6.1000      
---- VAR x320                .              .             8.4000      
---- VAR x321                .             8.4000         8.4000      
---- VAR x322                .              .            17.3000      
---- VAR x323                .              .            17.3000      
---- VAR x324                .              .            13.9000      
---- VAR x325                .              .            13.9000      
---- VAR x326                .              .             7.6000      
---- VAR x327                .              .             7.6000      
---- VAR x328                .              .             6.1000      
---- VAR x329                .              .             6.1000      
---- VAR x330                .              .             8.4000      
---- VAR x331                .              .             8.4000      
---- VAR x332                .            17.3000        17.3000      
---- VAR x333                .              .            17.3000      
---- VAR x334                .              .            13.9000      
---- VAR x335                .              .            13.9000      
---- VAR x336              93.3000       160.0000       160.0000      
---- VAR x337              93.3000        93.3000       160.0000      
---- VAR x338              93.3000        93.3000       160.0000      
---- VAR x339              93.3000        93.3000       160.0000      
---- VAR x340              93.3000        93.3000       160.0000      
---- VAR x341              93.3000        93.3000       160.0000      
---- VAR x342              93.3000        93.3000       160.0000      
---- VAR x343              93.3000        93.3000       160.0000      
---- VAR x344              93.3000        93.3000       160.0000      
---- VAR x345              93.3000        93.3000       160.0000      
---- VAR x346             137.8000       137.8000       248.9000      
---- VAR x347             137.8000       137.8000       248.9000      
---- VAR x348             137.8000       137.8000       248.9000      
---- VAR x349             137.8000       137.8000       248.9000      
---- VAR x350             137.8000       248.9000       248.9000      
---- VAR x351             137.8000       137.8000       248.9000      
---- VAR x352             137.8000       137.8000       248.9000      
---- VAR x353             137.8000       137.8000       248.9000      
---- VAR x354             137.8000       137.8000       248.9000      
---- VAR x355             137.8000       137.8000       248.9000      
---- VAR x356              65.6000       226.7000       226.7000      
---- VAR x357              65.6000       226.7000       226.7000      
---- VAR x358              65.6000       226.7000       226.7000      
---- VAR x359              65.6000       226.7000       226.7000      
---- VAR x360              65.6000       226.7000       226.7000      
---- VAR x361              65.6000       146.5054       226.7000      
---- VAR x362              65.6000       226.7000       226.7000      
---- VAR x363              65.6000       226.7000       226.7000      
---- VAR x364              65.6000       146.5054       226.7000      
---- VAR x365              65.6000       226.7000       226.7000      
---- VAR x366             148.9000       271.1000       271.1000      
---- VAR x367             148.9000       271.1000       271.1000      
---- VAR x368             148.9000       271.1000       271.1000      
---- VAR x369             148.9000       271.1000       271.1000      
---- VAR x370             148.9000       271.1000       271.1000      
---- VAR x371             148.9000       148.9000       271.1000      
---- VAR x372             148.9000       271.1000       271.1000      
---- VAR x373             148.9000       271.0983       271.1000      
---- VAR x374             148.9000       271.1000       271.1000      
---- VAR x375             148.9000       271.1000       271.1000      
---- VAR x376              65.6000       198.9000       198.9000      
---- VAR x377              65.6000       106.5356       198.9000      
---- VAR x378              65.6000       198.9000       198.9000      
---- VAR x379              65.6000       198.9000       198.9000      
---- VAR x380              65.6000       198.9000       198.9000      
---- VAR x381              65.6000       156.1368       198.9000      
---- VAR x382              65.6000        65.6003       198.9000      
---- VAR x383              65.6000       106.5356       198.9000      
---- VAR x384              65.6000       198.9000       198.9000      
---- VAR x385              65.6000       198.9000       198.9000      
---- VAR x386              60.0000       160.0000       160.0000      
---- VAR x387              60.0000       137.2316       160.0000      
---- VAR x388             115.6000       221.7000       221.7000      
---- VAR x389             115.6000       115.6000       221.7000      
---- VAR x390              37.8000       221.1000       221.1000      
---- VAR x391              37.8000       221.1000       221.1000      
---- VAR x392              82.2000        82.2000       176.7000      
---- VAR x393              82.2000        82.2000       176.7000      
---- VAR x394              93.3000       204.4000       204.4000      
---- VAR x395              93.3000       204.4000       204.4000      
---- VAR x396              60.0000       160.0000       160.0000      
---- VAR x397              60.0000       160.0000       160.0000      
---- VAR x398             115.6000       221.7000       221.7000      
---- VAR x399             115.6000       221.7000       221.7000      
---- VAR x400              37.8000       221.1000       221.1000      
---- VAR x401              37.8000       221.1000       221.1000      
---- VAR x402              82.2000       176.7000       176.7000      
---- VAR x403              82.2000       176.7000       176.7000      
---- VAR x404              93.3000       204.4000       204.4000      
---- VAR x405              93.3000       119.0129       204.4000      
---- VAR x406              60.0000       160.0000       160.0000      
---- VAR x407              60.0000       160.0000       160.0000      
---- VAR x408             115.6000       221.7000       221.7000      
---- VAR x409             115.6000       221.7000       221.7000      
---- VAR x410              37.8000       221.0963       221.1000      
---- VAR x411              37.8000       221.1000       221.1000      
---- VAR x412              82.2000       176.7000       176.7000      
---- VAR x413              82.2000       176.7000       176.7000      
---- VAR x414              93.3000       204.4000       204.4000      
---- VAR x415              93.3000       204.4000       204.4000      
---- VAR x416              60.0000       160.0000       160.0000      
---- VAR x417              60.0000       160.0000       160.0000      
---- VAR x418             115.6000       221.7000       221.7000      
---- VAR x419             115.6000       221.7000       221.7000      
---- VAR x420              37.8000       221.1000       221.1000      
---- VAR x421              37.8000       221.1000       221.1000      
---- VAR x422              82.2000       176.7000       176.7000      
---- VAR x423              82.2000       176.7000       176.7000      
---- VAR x424              93.3000       204.4000       204.4000      
---- VAR x425              93.3000       204.4000       204.4000      
---- VAR x426              60.0000       137.2316       160.0000      
---- VAR x427              60.0000       160.0000       160.0000      
---- VAR x428             115.6000       221.7000       221.7000      
---- VAR x429             115.6000       221.7000       221.7000      
---- VAR x430              37.8000       221.1000       221.1000      
---- VAR x431              37.8000       221.1000       221.1000      
---- VAR x432              82.2000       176.7000       176.7000      
---- VAR x433              82.2000       176.7000       176.7000      
---- VAR x434              93.3000       204.4000       204.4000      
---- VAR x435              93.3000       204.4000       204.4000      
---- VAR x436                .            15.5185        +INF         
---- VAR x437                .            27.7013        +INF         
---- VAR x438                .              .            +INF         
---- VAR x439                .              .            +INF         
---- VAR x440                .              .            +INF         
---- VAR x441                .            10.0000        +INF         
---- VAR x442                .              .            +INF         
---- VAR x443                .            10.0000        +INF         
---- VAR x444                .              .            +INF         
---- VAR x445                .              .            +INF         
---- VAR x446                .            50.9016        +INF         
---- VAR x447                .            49.5558        +INF         
---- VAR x448                .            39.8490        +INF         
---- VAR x449                .            32.9590        +INF         
---- VAR x450                .            11.8531        +INF         
---- VAR x451                .            11.7559        +INF         
---- VAR x452                .              .            +INF         
---- VAR x453                .              .            +INF         
---- VAR x454                .            25.6313        +INF         
---- VAR x455                .            33.4548        +INF         
---- VAR x456                .           130.2844        +INF         
---- VAR x457                .            40.0544        +INF         
---- VAR x458                .              .            +INF         
---- VAR x459                .              .            +INF         
---- VAR x460                .              .            +INF         
---- VAR x461                .            10.0000        +INF         
---- VAR x462                .            10.5505        +INF         
---- VAR x463                .            10.5409        +INF         
---- VAR x464                .            24.7640        +INF         
---- VAR x465                .            17.2638        +INF         
---- VAR x466                .              .            +INF         
---- VAR x467                .              .            +INF         
---- VAR x468                .           133.9535        +INF         
---- VAR x469                .           125.1875        +INF         
---- VAR x470                .            30.0000        +INF         
---- VAR x471                .            76.5273        +INF         
---- VAR x472                .            43.1356        +INF         
---- VAR x473                .            10.0000        +INF         
---- VAR x474                .           140.8994        +INF         
---- VAR x475                .           151.9327        +INF         
---- VAR x476                .            36.0162        +INF         
---- VAR x477                .            88.1227        +INF         
---- VAR x478                .             0.0220        +INF         
---- VAR x479                .             1.1958        +INF         
---- VAR x480                .            17.6682        +INF         
---- VAR x481                .            91.6907        +INF         
---- VAR x482                .            23.2514        +INF         
---- VAR x483                .            17.1678        +INF         
---- VAR x484                .              .            +INF         
---- VAR x485                .              .            +INF         
---- VAR x486                .            60.4903        +INF         
---- VAR x487                .           105.1217        +INF         
---- VAR x488                .            55.0233        +INF         
---- VAR x489                .           116.2387        +INF         
---- VAR x490                .            42.1628        +INF         
---- VAR x491                .              .            +INF         
---- VAR x492                .              .            +INF         
---- VAR x493                .              .            +INF         
---- VAR x494                .              .            +INF         
---- VAR x495                .              .            +INF         
---- VAR x496                .              .            +INF         
---- VAR x497                .            24.9191        +INF         
---- VAR x498                .              .            +INF         
---- VAR x499                .              .            +INF         
---- VAR x500                .              .            +INF         
---- VAR x501                .              .            +INF         
---- VAR x502                .              .            +INF         
---- VAR x503                .              .            +INF         
---- VAR x504                .              .            +INF         
---- VAR x505                .              .            +INF         
---- VAR x506                .              .            +INF         
---- VAR x507                .              .            +INF         
---- VAR x508                .              .            +INF         
---- VAR x509                .              .            +INF         
---- VAR x510                .              .            +INF         
---- VAR x511                .             3.9986        +INF         
---- VAR x512                .              .            +INF         
---- VAR x513                .              .            +INF         
---- VAR x514                .            19.1029        +INF         
---- VAR x515                .              .            +INF         
---- VAR x516                .              .            +INF         
---- VAR x517                .              .            +INF         
---- VAR x518                .              .            +INF         
---- VAR x519                .              .            +INF         
---- VAR x520                .              .            +INF         
---- VAR x521                .              .            +INF         
---- VAR x522                .              .            +INF         
---- VAR x523                .              .            +INF         
---- VAR x524                .            12.5649        +INF         
---- VAR x525                .              .            +INF         
---- VAR x526                .              .            +INF         
---- VAR x527                .              .            +INF         
---- VAR x528                .              .            +INF         
---- VAR x529                .              .            +INF         
---- VAR x530                .              .            +INF         
---- VAR x531                .              .            +INF         
---- VAR x532                .              .            +INF         
---- VAR x533                .              .            +INF         
---- VAR x534                .              .            +INF         
---- VAR x535                .              .            +INF         
---- VAR x536                .              .            +INF         
---- VAR x537                .              .            +INF         
---- VAR x538                .            56.3628        +INF         
---- VAR x539                .              .            +INF         
---- VAR x540                .              .            +INF         
---- VAR x541                .              .            +INF         
---- VAR x542                .              .            +INF         
---- VAR x543                .              .            +INF         
---- VAR x544                .              .            +INF         
---- VAR x545                .              .            +INF         
---- VAR x546                .              .            +INF         
---- VAR x547                .              .            +INF         
---- VAR x548                .            23.6673        +INF         
---- VAR x549                .              .            +INF         
---- VAR x550                .              .            +INF         
---- VAR x551                .              .            +INF         
---- VAR x552                .              .            +INF         
---- VAR x553                .              .            +INF         
---- VAR x554                .              .            +INF         
---- VAR x555                .              .            +INF         
---- VAR x556                .              .            +INF         
---- VAR x557                .              .            +INF         
---- VAR x558                .              .            +INF         
---- VAR x559                .              .            +INF         
---- VAR x560                .              .            +INF         
---- VAR x561                .              .            +INF         
---- VAR x562                .              .            +INF         
---- VAR x563                .              .            +INF         
---- VAR x564                .              .            +INF         
---- VAR x565                .            82.6842        +INF         
---- VAR x566                .              .            +INF         
---- VAR x567                .              .            +INF         
---- VAR x568                .              .            +INF         
---- VAR x569                .              .            +INF         
---- VAR x570                .              .            +INF         
---- VAR x571                .       1.361338E-15        +INF         
---- VAR x572                .              .            +INF         
---- VAR x573                .            25.5973        +INF         
---- VAR x574                .              .            +INF         
---- VAR x575                .            20.2126        +INF         
---- VAR x576                .              .            +INF         
---- VAR x577                .              .            +INF         
---- VAR x578                .              .            +INF         
---- VAR x579                .              .            +INF         
---- VAR x580                .              .            +INF         
---- VAR objvar            -INF        65374.0113        +INF         


**** REPORT SUMMARY :        0     NONOPT
                             0 INFEASIBLE
                             0  UNBOUNDED
                             0     ERRORS


EXECUTION TIME       =      300.470 SECONDS      3 MB  54.3.1 61154be4 LEX-LEG


USER: [REDACTED]
      License for teaching and research at degree granting institutions


**** FILE SUMMARY

Input      /tmp/b2probe/heatexch_gen3_am.gms
Output     /tmp/b2probe/run_heatexch_gen3_am/heatexch_gen3_am.lst
