[Third-party model listing omitted; original solver results follow.]
MODEL STATISTICS

BLOCKS OF EQUATIONS         307     SINGLE EQUATIONS          307
BLOCKS OF VARIABLES           9     SINGLE VARIABLES          237
NON ZERO ELEMENTS         1,167     NON LINEAR N-Z            826
CODE LENGTH               3,459     CONSTANT POOL             125


GENERATION TIME      =        0.014 SECONDS      4 MB  54.3.1 61154be4 LEX-LEG
GAMS 54.3.1  61154be4 Aug 21, 2026          LEX-LEG x86 64bit/Linux - 10/01/26 23:46:45 Page 5
G e n e r a l   A l g e b r a i c   M o d e l i n g   S y s t e m
Solution Report     SOLVE m Using NLP From line 661


               S O L V E      S U M M A R Y

     MODEL   m                   OBJECTIVE  obj
     TYPE    NLP                 DIRECTION  MINIMIZE
     SOLVER  CONOPT              FROM LINE  661

**** SOLVER STATUS     1 Normal Completion
**** MODEL STATUS      2 Locally Optimal
**** OBJECTIVE VALUE              576.8934

 RESOURCE USAGE, LIMIT          0.233 10000000000.000
 ITERATION COUNT, LIMIT        24    2147483647
 EVALUATION ERRORS              0             0
 
 
    C O N O P T   version 4.39.1
    Copyright (C) GAMS Software GmbH
                  GAMS Development Corporation
 
 
    The user model has 307 constraints and 237 variables
    with 1167 Jacobian elements, 826 of which are nonlinear.
 
    The pre-triangular part of the model has 11 constraints and 5 variables.
    The post-triangular part of the model has 1 constraints and variables.
    There are 28 definitional constraints and defined variables.
 
    Preprocessed model has 267 constraints and 203 variables
    with 1074 Jacobian elements, 798 of which are nonlinear.
 
 ** Optimal solution. Reduced gradient less than tolerance.
 
 
 CONOPT time Total                            0.137 seconds
   of which: Function evaluations             0.034 = 24.8%
             1st Derivative evaluations       0.010 =  7.3%
             Directional 2nd Deriv(Hess)      0.011 =  8.0%
             Interval derivative evals        0.003 =  2.2%
 

                           LOWER          LEVEL          UPPER         MARGINAL

---- EQU eobj                .              .              .             1.0000      
---- EQU epf1                .              .              .           366.1766      
---- EQU eqf1                .              .              .             EPS         
---- EQU ept1                .              .              .           368.9147      
---- EQU eqt1                .              .              .             EPS         
---- EQU esf1              -INF            0.0448         1.6900          .          
---- EQU est1              -INF            0.0439         1.6900          .          
---- EQU epf2                .              .              .           366.1766      
---- EQU eqf2                .              .              .             EPS         
---- EQU ept2                .              .              .           375.4250      
---- EQU eqt2                .              .              .            -1.6369      
---- EQU esf2              -INF            0.0430         1.6900          .          
---- EQU est2              -INF            0.0415         1.6900          .          
---- EQU epf3                .              .              .           368.9147      
---- EQU eqf3                .              .              .             EPS         
---- EQU ept3                .              .              .           377.0964      
---- EQU eqt3                .              .              .            -2.0793      
---- EQU esf3              -INF            0.0381         0.4225          .          
---- EQU est3              -INF            0.0360         0.4225          .          
---- EQU epf4                .              .              .           375.4250      
---- EQU eqf4                .              .              .            -1.6369      
---- EQU ept4                .              .              .           377.0964      
---- EQU eqt4                .              .              .            -2.0793      
---- EQU esf4              -INF            0.0330         1.6900          .          
---- EQU est4              -INF            0.0330         1.6900          .          
---- EQU epf5                .              .              .           368.9147      
---- EQU eqf5                .              .              .             EPS         
---- EQU ept5                .              .              .           374.4457      
---- EQU eqt5                .              .              .            -0.0125      
---- EQU esf5              -INF            0.0206         1.6900          .          
---- EQU est5              -INF            0.0204         1.6900          .          
---- EQU epf6                .              .              .           368.9147      
---- EQU eqf6                .              .              .             EPS         
---- EQU ept6                .              .              .           377.9194      
---- EQU eqt6                .              .              .            -1.9667      
---- EQU esf6              -INF            0.0487         0.4225          .          
---- EQU est6              -INF            0.0467         0.4225          .          
---- EQU epf7                .              .              .           377.0964      
---- EQU eqf7                .              .              .            -2.0793      
---- EQU ept7                .              .              .           377.9194      
---- EQU eqt7                .              .              .            -1.9667      
---- EQU esf7              -INF            0.0342         0.8100          .          
---- EQU est7              -INF            0.0339         0.8100          .          
---- EQU epf8                .              .              .           374.4457      
---- EQU eqf8                .              .              .            -0.0125      
---- EQU ept8                .              .              .           380.0934      
---- EQU eqt8                .              .              .             0.3416      
---- EQU esf8              -INF            0.0204         0.4900          .          
---- EQU est8              -INF            0.0202         0.4900          .          
---- EQU epf9                .              .              .           377.9194      
---- EQU eqf9                .              .              .            -1.9667      
---- EQU ept9                .              .              .           380.0934      
---- EQU eqt9                .              .              .             0.3416      
---- EQU esf9              -INF            0.0149         1.6900          .          
---- EQU est9              -INF            0.0162         1.6900          .          
---- EQU epf10               .              .              .           555.3558      
---- EQU eqf10               .              .              .           157.1720      
---- EQU ept10               .              .              .           538.0678      
---- EQU eqt10               .              .              .           140.2689      
---- EQU esf10             -INF            0.1024         0.1024      -372.4155      
---- EQU est10             -INF            0.1001         0.1024          .          
---- EQU epf11               .              .              .           377.9194      
---- EQU eqf11               .              .              .            -1.9667      
---- EQU ept11               .              .              .           382.3275      
---- EQU eqt11               .              .              .             1.9848      
---- EQU esf11             -INF            0.0121         0.4225          .          
---- EQU est11             -INF            0.0126         0.4225          .          
---- EQU epf12               .              .              .           377.9194      
---- EQU eqf12               .              .              .            -1.9667      
---- EQU ept12               .              .              .           384.6204      
---- EQU eqt12               .              .              .             3.9434      
---- EQU esf12             -INF            0.0040         0.1024          .          
---- EQU est12             -INF            0.0042         0.1024          .          
---- EQU epf13               .              .              .           382.3275      
---- EQU eqf13               .              .              .             1.9848      
---- EQU ept13               .              .              .           382.3275      
---- EQU eqt13               .              .              .             1.9848      
---- EQU esf13             -INF             .             0.4225          .          
---- EQU est13             -INF             .             0.4225          .          
---- EQU epf14               .              .              .           382.3275      
---- EQU eqf14               .              .              .             1.9848      
---- EQU ept14               .              .              .           384.6204      
---- EQU eqt14               .              .              .             3.9434      
---- EQU esf14             -INF            0.0126         0.4225          .          
---- EQU est14             -INF            0.0128         0.4225          .          
---- EQU epf15               .              .              .           377.0964      
---- EQU eqf15               .              .              .            -2.0793      
---- EQU ept15               .              .              .           381.0039      
---- EQU eqt15               .              .              .             EPS         
---- EQU esf15             -INF            0.0355         0.4225          .          
---- EQU est15             -INF            0.0385         0.4225          .          
---- EQU epf16               .              .              .           381.0039      
---- EQU eqf16               .              .              .             EPS         
---- EQU ept16               .              .              .           381.0039      
---- EQU eqt16               .              .              .             EPS         
---- EQU esf16             -INF            0.1420         0.4225          .          
---- EQU est16             -INF            0.1554         0.4225          .          
---- EQU epf17               .              .              .           381.0039      
---- EQU eqf17               .              .              .             EPS         
---- EQU ept17               .              .              .           386.7751      
---- EQU eqt17               .              .              .             1.8091      
---- EQU esf17             -INF            0.0026         0.1024          .          
---- EQU est17             -INF            0.0026         0.1024          .          
---- EQU epf18               .              .              .           381.0039      
---- EQU eqf18               .              .              .             EPS         
---- EQU ept18               .              .              .           385.6104      
---- EQU eqt18               .              .              .             1.7906      
---- EQU esf18             -INF            0.0047         0.1024          .          
---- EQU est18             -INF            0.0046         0.1024          .          
---- EQU epf19               .              .              .           381.0039      
---- EQU eqf19               .              .              .             EPS         
---- EQU ept19               .              .              .           384.8820      
---- EQU eqt19               .              .              .             3.0896      
---- EQU esf19             -INF            0.0054         0.1024          .          
---- EQU est19             -INF            0.0052         0.1024          .          
---- EQU epf20               .              .              .           386.7751      
---- EQU eqf20               .              .              .             1.8091      
---- EQU ept20               .              .              .           385.6104      
---- EQU eqt20               .              .              .             1.7906      
---- EQU esf20             -INF            0.0003         0.0256          .          
---- EQU est20             -INF            0.0003         0.0256          .          
---- EQU epf21               .              .              .           384.8820      
---- EQU eqf21               .              .              .             3.0896      
---- EQU ept21               .              .              .           386.2489      
---- EQU eqt21               .              .              .             4.7345      
---- EQU esf21             -INF            0.0013         0.0256          .          
---- EQU est21             -INF            0.0013         0.0256          .          
---- EQU epf22               .              .              .           385.6104      
---- EQU eqf22               .              .              .             1.7906      
---- EQU ept22               .              .              .           391.1160      
---- EQU eqt22               .              .              .             4.6920      
---- EQU esf22             -INF            0.0066         0.0256          .          
---- EQU est22             -INF            0.0064         0.0256          .          
---- EQU epf23               .              .              .           391.1160      
---- EQU eqf23               .              .              .             4.6920      
---- EQU ept23               .              .              .           392.6228      
---- EQU eqt23               .              .              .             5.8038      
---- EQU esf23             -INF            0.0023         0.0256          .          
---- EQU est23             -INF            0.0023         0.0256          .          
---- EQU epf24               .              .              .           392.6228      
---- EQU eqf24               .              .              .             5.8038      
---- EQU ept24               .              .              .           391.0045      
---- EQU eqt24               .              .              .             5.4932      
---- EQU esf24             -INF            0.0032         0.1024          .          
---- EQU est24             -INF            0.0032         0.1024          .          
---- EQU epf25               .              .              .           384.6204      
---- EQU eqf25               .              .              .             3.9434      
---- EQU ept25               .              .              .           391.0045      
---- EQU eqt25               .              .              .             5.4932      
---- EQU esf25             -INF            0.0064         0.1024          .          
---- EQU est25             -INF            0.0063         0.1024          .          
---- EQU epf26               .              .              .           384.6204      
---- EQU eqf26               .              .              .             3.9434      
---- EQU ept26               .              .              .           386.2489      
---- EQU eqt26               .              .              .             4.7345      
---- EQU esf26             -INF            0.0060         0.1024          .          
---- EQU est26             -INF            0.0060         0.1024          .          
---- EQU epf27               .              .              .           384.6204      
---- EQU eqf27               .              .              .             3.9434      
---- EQU ept27               .              .              .           385.3912      
---- EQU eqt27               .              .              .             1.6495      
---- EQU esf27             -INF            0.0153         0.1024          .          
---- EQU est27             -INF            0.0156         0.1024          .          
---- EQU epf28               .              .              .           384.6204      
---- EQU eqf28               .              .              .             3.9434      
---- EQU ept28               .              .              .           384.2564      
---- EQU eqt28               .              .              .             EPS         
---- EQU esf28             -INF            0.0096         0.1024          .          
---- EQU est28             -INF            0.0099         0.1024          .          
---- EQU epf29               .              .              .           385.3912      
---- EQU eqf29               .              .              .             1.6495      
---- EQU ept29               .              .              .           384.2564      
---- EQU eqt29               .              .              .       3.7364032E-9      
---- EQU esf29             -INF            0.1006         0.1024          .          
---- EQU est29             -INF            0.1020         0.1024   -8.095777E-9      
---- EQU epf30               .              .              .           385.6104      
---- EQU eqf30               .              .              .             1.7906      
---- EQU ept30               .              .              .           381.3304      
---- EQU eqt30               .              .              .             EPS         
---- EQU esf30             -INF            0.0127         0.0256          .          
---- EQU est30             -INF            0.0131         0.0256          .          
---- EQU epf31               .              .              .           384.2564      
---- EQU eqf31               .              .              .             EPS         
---- EQU ept31               .              .              .           388.4289      
---- EQU eqt31               .              .              .             2.7720      
---- EQU esf31             -INF            0.0027         0.0256          .          
---- EQU est31             -INF            0.0027         0.0256          .          
---- EQU epf32               .              .              .           381.3304      
---- EQU eqf32               .              .              .             EPS         
---- EQU ept32               .              .              .           388.4289      
---- EQU eqt32               .              .              .             2.7720      
---- EQU esf32             -INF            0.0010         0.0256          .          
---- EQU est32             -INF            0.0010         0.0256          .          
---- EQU epf33               .              .              .           388.4289      
---- EQU eqf33               .              .              .             2.7720      
---- EQU ept33               .              .              .           393.1606      
---- EQU eqt33               .              .              .             2.2399      
---- EQU esf33             -INF            0.0128         0.0256          .          
---- EQU est33             -INF            0.0135         0.0256          .          
---- EQU epf34               .              .              .           393.1606      
---- EQU eqf34               .              .              .             2.2399      
---- EQU ept34               .              .              .           399.8243      
---- EQU eqt34               .              .              .             6.6864      
---- EQU esf34             -INF            0.0018         0.0256          .          
---- EQU est34             -INF            0.0018         0.0256          .          
---- EQU epf35               .              .              .           393.1606      
---- EQU eqf35               .              .              .             2.2399      
---- EQU ept35               .              .              .           393.7889      
---- EQU eqt35               .              .              .             0.7317      
---- EQU esf35             -INF            0.0244         0.0256          .          
---- EQU est35             -INF            0.0256         0.0256        -7.3252      
---- EQU epf36               .              .              .           410.5452      
---- EQU eqf36               .              .              .            24.9812      
---- EQU ept36               .              .              .           391.5620      
---- EQU eqt36               .              .              .             EPS         
---- EQU esf36             -INF            0.0576         0.4225          .          
---- EQU est36             -INF            0.0683         0.4225          .          
---- EQU epf37               .              .              .           391.5620      
---- EQU eqf37               .              .              .             EPS         
---- EQU ept37               .              .              .           396.6330      
---- EQU eqt37               .              .              .            -5.8811      
---- EQU esf37             -INF            0.0041         0.0256          .          
---- EQU est37             -INF            0.0039         0.0256          .          
---- EQU epf38               .              .              .           391.5620      
---- EQU eqf38               .              .              .             EPS         
---- EQU ept38               .              .              .           405.0748      
---- EQU eqt38               .              .              .            -1.1621      
---- EQU esf38             -INF            0.0053         0.0256          .          
---- EQU est38             -INF            0.0050         0.0256          .          
---- EQU epf39               .              .              .           396.6330      
---- EQU eqf39               .              .              .            -5.8811      
---- EQU ept39               .              .              .           405.0748      
---- EQU eqt39               .              .              .            -1.1621      
---- EQU esf39             -INF            0.0014         0.0256          .          
---- EQU est39             -INF            0.0014         0.0256          .          
---- EQU epf40               .              .              .           538.0678      
---- EQU eqf40               .              .              .           140.2689      
---- EQU ept40               .              .              .           410.5452      
---- EQU eqt40               .              .              .            24.9812      
---- EQU esf40             -INF            0.0122         0.1024          .          
---- EQU est40             -INF            0.0095         0.1024          .          
---- EQU epf41               .              .              .           377.9194      
---- EQU eqf41               .              .              .            -1.9667      
---- EQU ept41               .              .              .           410.5452      
---- EQU eqt41               .              .              .            24.9812      
---- EQU esf41             -INF            0.0236         0.1024          .          
---- EQU est41             -INF            0.0213         0.1024          .          
---- EQU ep1                 .              .              .           366.1766      
---- EQU eq1                 .              .              .             EPS         
---- EQU ep2                0.2170         0.2170         0.2170       368.9147      
---- EQU eq2                0.1270         0.1270         0.1270         EPS         
---- EQU ep3                0.0240         0.0240         0.0240       375.4250      
---- EQU eq3                0.0120         0.0120         0.0120        -1.6369      
---- EQU ep4                0.0760         0.0760         0.0760       377.0964      
---- EQU eq4                0.0160         0.0160         0.0160        -2.0793      
---- EQU ep5                 .              .              .           374.4457      
---- EQU eq5                 .              .              .            -0.0125      
---- EQU ep6                 .              .              .           377.9194      
---- EQU eq6                 .              .              .            -1.9667      
---- EQU ep7                0.2280         0.2280         0.2280       380.0934      
---- EQU eq7                0.1090         0.1090         0.1090         0.3416      
---- EQU ep8                0.3000         0.3000         0.3000       538.0678      
---- EQU eq8                0.3000         0.3000         0.3000       140.2689      
---- EQU ep9                 .              .              .           382.3275      
---- EQU eq9                 .              .              .             1.9848      
---- EQU ep10               0.0580         0.0580         0.0580       384.6204      
---- EQU eq10               0.0200         0.0200         0.0200         3.9434      
---- EQU ep11                .              .              .           382.3275      
---- EQU eq11                .              .              .             1.9848      
---- EQU ep12               0.1120         0.1120         0.1120       381.0039      
---- EQU eq12               0.0750         0.0750         0.0750         EPS         
---- EQU ep13                .              .              .           381.0039      
---- EQU eq13                .              .              .             EPS         
---- EQU ep14               0.0620         0.0620         0.0620       386.7751      
---- EQU eq14               0.0160         0.0160         0.0160         1.8091      
---- EQU ep15               0.0820         0.0820         0.0820       385.6104      
---- EQU eq15               0.0250         0.0250         0.0250         1.7906      
---- EQU ep16               0.0350         0.0350         0.0350       384.8820      
---- EQU eq16               0.0180         0.0180         0.0180         3.0896      
---- EQU ep17               0.0900         0.0900         0.0900       386.2489      
---- EQU eq17               0.0580         0.0580         0.0580         4.7345      
---- EQU ep18               0.0320         0.0320         0.0320       391.1160      
---- EQU eq18               0.0090         0.0090         0.0090         4.6920      
---- EQU ep19               0.0950         0.0950         0.0950       392.6228      
---- EQU eq19               0.0340         0.0340         0.0340         5.8038      
---- EQU ep20               0.0220         0.0220         0.0220       391.0045      
---- EQU eq20               0.0070         0.0070         0.0070         5.4932      
---- EQU ep21               0.1750         0.1750         0.1750       385.3912      
---- EQU eq21               0.1120         0.1120         0.1120         1.6495      
---- EQU ep22                .              .              .           384.2564      
---- EQU eq22                .              .              .             EPS         
---- EQU ep23               0.0320         0.0320         0.0320       381.3304      
---- EQU eq23               0.0160         0.0160         0.0160         EPS         
---- EQU ep24               0.0870         0.0870         0.0870       388.4289      
---- EQU eq24               0.0670         0.0670         0.0670         2.7720      
---- EQU ep25                .              .              .           393.1606      
---- EQU eq25                .              .              .             2.2399      
---- EQU ep26               0.0350         0.0350         0.0350       399.8243      
---- EQU eq26               0.0230         0.0230         0.0230         6.6864      
---- EQU ep27                .              .              .           391.5620      
---- EQU eq27                .              .              .             EPS         
---- EQU ep28                .              .              .           410.5452      
---- EQU eq28                .              .              .            24.9812      
---- EQU ep29               0.0240         0.0240         0.0240       396.6330      
---- EQU eq29               0.0090         0.0090         0.0090        -5.8811      
---- EQU ep30               0.1060         0.1060         0.1060       405.0748      
---- EQU eq30               0.0190         0.0190         0.0190        -1.1621      

---- VAR vm  

           LOWER          LEVEL          UPPER         MARGINAL

b1          0.9500         0.9824         1.0500          .          
b2          0.9500         0.9788         1.1000          .          
b3          0.9500         0.9769         1.0500          .          
b4          0.9500         0.9764         1.0500          .          
b5          0.9500         0.9711         1.0500          .          
b6          0.9500         0.9723         1.0500          .          
b7          0.9500         0.9622         1.0500          .          
b8          0.9500         0.9611         1.0500          .          
b9          0.9500         0.9903         1.0500          .          
b10         0.9500         0.9999         1.0500          .          
b11         0.9500         0.9903         1.0500          .          
b12         0.9500         1.0175         1.0500          .          
b13         0.9500         1.0645         1.1000          .          
b14         0.9500         1.0067         1.0500          .          
b15         0.9500         1.0092         1.0500          .          
b16         0.9500         1.0029         1.0500          .          
b17         0.9500         0.9955         1.0500          .          
b18         0.9500         0.9933         1.0500          .          
b19         0.9500         0.9874         1.0500          .          
b20         0.9500         0.9896         1.0500          .          
b21         0.9500         1.0093         1.0500          .          
b22         0.9500         1.0160         1.1000          .          
b23         0.9500         1.0256         1.1000          .          
b24         0.9500         1.0167         1.0500          .          
b25         0.9500         1.0438         1.0500          .          
b26         0.9500         1.0267         1.0500          .          
b27         0.9500         1.0690         1.1000          .          
b28         0.9500         0.9820         1.0500          .          
b29         0.9500         1.0500         1.0500       -29.8058      
b30         0.9500         1.0391         1.0500          .          

---- VAR va  

           LOWER          LEVEL          UPPER         MARGINAL

b1           .              .              .       5.1353810E-9      
b2         -INF           -0.0133        +INF             .          
b3         -INF           -0.0417        +INF             .          
b4         -INF           -0.0495        +INF             .          
b5         -INF           -0.0433        +INF             .          
b6         -INF           -0.0563        +INF             .          
b7         -INF           -0.0609        +INF             .          
b8         -INF           -0.0643        +INF             .          
b9         -INF           -0.0722        +INF             .          
b10        -INF           -0.0803        +INF             .          
b11        -INF           -0.0722        +INF             .          
b12        -INF           -0.0785        +INF             .          
b13        -INF           -0.0576        +INF             .          
b14        -INF           -0.0880        +INF             .          
b15        -INF           -0.0840        +INF             .          
b16        -INF           -0.0845        +INF             .          
b17        -INF           -0.0853        +INF             .          
b18        -INF           -0.0957        +INF             .          
b19        -INF           -0.0993        +INF             .          
b20        -INF           -0.0955        +INF             .          
b21        -INF           -0.0806        +INF             .          
b22        -INF           -0.0786        +INF             .          
b23        -INF           -0.0655        +INF      -9.164682E-9      
b24        -INF           -0.0678        +INF             .          
b25        -INF           -0.0362        +INF             .          
b26        -INF           -0.0432        +INF             .          
b27        -INF           -0.0125        +INF             .          
b28        -INF           -0.0561        +INF             .          
b29        -INF           -0.0323        +INF             .          
b30        -INF           -0.0461        +INF             .          

---- VAR pg  

          LOWER          LEVEL          UPPER         MARGINAL

g1          .             0.4154         0.8000          .          
g2          .             0.5540         0.8000   -1.221167E-9      
g3          .             0.2274         0.5000         EPS         
g4          .             0.3991         0.5500          .          
g5          .             0.1627         0.3000          .          
g6          .             0.1620         0.4000   3.6877168E-9      

---- VAR qg  

          LOWER          LEVEL          UPPER         MARGINAL

g1        -0.2000        -0.0542         1.5000          .          
g2        -0.2000         0.0182         0.6000          .          
g3        -0.1500         0.3423         0.6250          .          
g4        -0.1500         0.3176         0.4870   2.7782274E-9      
g5        -0.1000         0.0697         0.4000          .          
g6        -0.1500         0.3594         0.4470         EPS         

---- VAR pf  

           LOWER          LEVEL          UPPER         MARGINAL

l1         -INF            0.2104        +INF             .          
l2         -INF            0.2050        +INF             .          
l3         -INF            0.1864        +INF             .          
l4         -INF            0.1788        +INF             .          
l5         -INF            0.1436        +INF             .          
l6         -INF            0.2166        +INF             .          
l7         -INF            0.1759        +INF             .          
l8         -INF            0.1425        +INF             .          
l9         -INF            0.0871        +INF             .          
l10        -INF            0.2382        +INF             .          
l11        -INF            0.0727        +INF             .          
l12        -INF            0.0415        +INF             .          
l13        -INF             .            +INF             .          
l14        -INF            0.0727        +INF             .          
l15        -INF            0.1106        +INF             .          
l16        -INF           -0.1620        +INF             .          
l17        -INF            0.0468        +INF             .          
l18        -INF            0.0607        +INF             .          
l19        -INF            0.0531        +INF             .          
l20        -INF           -0.0155        +INF             .          
l21        -INF            0.0176        +INF             .          
l22        -INF            0.0720        +INF             .          
l23        -INF            0.0393        +INF             .          
l24        -INF           -0.0558        +INF             .          
l25        -INF            0.0785        +INF             .          
l26        -INF            0.0727        +INF             .          
l27        -INF           -0.0443        +INF             .          
l28        -INF           -0.0506        +INF             .          
l29        -INF           -0.2197        +INF             .          
l30        -INF           -0.1092        +INF             .          
l31        -INF           -0.0446        +INF             .          
l32        -INF            0.0203        +INF             .          
l33        -INF           -0.1118        +INF             .          
l34        -INF            0.0354        +INF             .          
l35        -INF           -0.1495        +INF             .          
l36        -INF           -0.1145        +INF             .          
l37        -INF            0.0616        +INF             .          
l38        -INF            0.0710        +INF             .          
l39        -INF            0.0368        +INF             .          
l40        -INF           -0.0629        +INF             .          
l41        -INF           -0.0505        +INF             .          

---- VAR qf  

           LOWER          LEVEL          UPPER         MARGINAL

l1         -INF           -0.0234        +INF            EPS         
l2         -INF           -0.0309        +INF             .          
l3         -INF           -0.0583        +INF             .          
l4         -INF           -0.0320        +INF             .          
l5         -INF           -0.0058        +INF             .          
l6         -INF           -0.0419        +INF             .          
l7         -INF            0.0572        +INF             .          
l8         -INF            0.0089        +INF             .          
l9         -INF            0.0854        +INF             .          
l10        -INF            0.2137        +INF             .          
l11        -INF           -0.0828        +INF             .          
l12        -INF           -0.0473        +INF             .          
l13        -INF             .            +INF             .          
l14        -INF           -0.0855        +INF             .          
l15        -INF           -0.1524        +INF             .          
l16        -INF           -0.3402        +INF             .          
l17        -INF            0.0208        +INF             .          
l18        -INF            0.0318        +INF             .          
l19        -INF            0.0505        +INF             .          
l20        -INF            0.0041        +INF             .          
l21        -INF            0.0314        +INF             .          
l22        -INF            0.0375        +INF             .          
l23        -INF            0.0271        +INF             .          
l24        -INF           -0.0072        +INF             .          
l25        -INF            0.0158        +INF             .          
l26        -INF            0.0273        +INF             .          
l27        -INF           -0.1157        +INF             .          
l28        -INF           -0.0840        +INF             .          
l29        -INF           -0.2288        +INF             .          
l30        -INF           -0.0272        +INF             .          
l31        -INF            0.0261        +INF             .          
l32        -INF            0.0241        +INF             .          
l33        -INF           -0.0175        +INF             .          
l34        -INF            0.0236        +INF             .          
l35        -INF           -0.0452        +INF             .          
l36        -INF           -0.2109        +INF             .          
l37        -INF            0.0165        +INF             .          
l38        -INF            0.0163        +INF             .          
l39        -INF            0.0060        +INF             .          
l40        -INF           -0.0907        +INF             .          
l41        -INF           -0.1450        +INF             .          

---- VAR pt  

           LOWER          LEVEL          UPPER         MARGINAL

l1         -INF           -0.2095        +INF             .          
l2         -INF           -0.2028        +INF             .          
l3         -INF           -0.1840        +INF             .          
l4         -INF           -0.1785        +INF             .          
l5         -INF           -0.1425        +INF             .          
l6         -INF           -0.2136        +INF             .          
l7         -INF           -0.1755        +INF             .          
l8         -INF           -0.1414        +INF             .          
l9         -INF           -0.0866        +INF             .          
l10        -INF           -0.2371        +INF             .          
l11        -INF           -0.0727        +INF             .          
l12        -INF           -0.0415        +INF             .          
l13        -INF             .            +INF             .          
l14        -INF           -0.0727        +INF             .          
l15        -INF           -0.1106        +INF             .          
l16        -INF            0.1620        +INF             .          
l17        -INF           -0.0465        +INF             .          
l18        -INF           -0.0604        +INF             .          
l19        -INF           -0.0526        +INF             .          
l20        -INF            0.0155        +INF             .          
l21        -INF           -0.0175        +INF             .          
l22        -INF           -0.0713        +INF             .          
l23        -INF           -0.0392        +INF             .          
l24        -INF            0.0559        +INF             .          
l25        -INF           -0.0779        +INF             .          
l26        -INF           -0.0725        +INF             .          
l27        -INF            0.0447        +INF             .          
l28        -INF            0.0513        +INF             .          
l29        -INF            0.2207        +INF             .          
l30        -INF            0.1104        +INF             .          
l31        -INF            0.0449        +INF             .          
l32        -INF           -0.0201        +INF             .          
l33        -INF            0.1141        +INF             .          
l34        -INF           -0.0350        +INF             .          
l35        -INF            0.1520        +INF             .          
l36        -INF            0.1145        +INF             .          
l37        -INF           -0.0608        +INF             .          
l38        -INF           -0.0695        +INF             .          
l39        -INF           -0.0365        +INF             .          
l40        -INF            0.0635        +INF             .          
l41        -INF            0.0509        +INF             .          

---- VAR qt  

           LOWER          LEVEL          UPPER         MARGINAL

l1         -INF           -0.0027        +INF             .          
l2         -INF            0.0200        +INF             .          
l3         -INF            0.0458        +INF             .          
l4         -INF            0.0334        +INF             .          
l5         -INF           -0.0089        +INF             .          
l6         -INF            0.0319        +INF             .          
l7         -INF           -0.0558        +INF             .          
l8         -INF           -0.0156        +INF             .          
l9         -INF           -0.0934        +INF             .          
l10        -INF           -0.2093        +INF             .          
l11        -INF            0.0855        +INF             .          
l12        -INF            0.0497        +INF             .          
l13        -INF             .            +INF             .          
l14        -INF            0.0869        +INF             .          
l15        -INF            0.1621        +INF             .          
l16        -INF            0.3594        +INF             .          
l17        -INF           -0.0201        +INF             .          
l18        -INF           -0.0312        +INF             .          
l19        -INF           -0.0494        +INF             .          
l20        -INF           -0.0041        +INF             .          
l21        -INF           -0.0312        +INF             .          
l22        -INF           -0.0361        +INF             .          
l23        -INF           -0.0268        +INF             .          
l24        -INF            0.0075        +INF             .          
l25        -INF           -0.0145        +INF             .          
l26        -INF           -0.0268        +INF             .          
l27        -INF            0.1168        +INF             .          
l28        -INF            0.0854        +INF             .          
l29        -INF            0.2308        +INF             .          
l30        -INF            0.0297        +INF             .          
l31        -INF           -0.0256        +INF             .          
l32        -INF           -0.0238        +INF             .          
l33        -INF            0.0216        +INF             .          
l34        -INF           -0.0230        +INF             .          
l35        -INF            0.0499        +INF             .          
l36        -INF            0.2348        +INF             .          
l37        -INF           -0.0150        +INF             .          
l38        -INF           -0.0136        +INF             .          
l39        -INF           -0.0054        +INF             .          
l40        -INF            0.0741        +INF             .          
l41        -INF            0.1369        +INF             .          

                           LOWER          LEVEL          UPPER         MARGINAL

---- VAR obj               -INF          576.8934        +INF             .          


**** REPORT SUMMARY :        0     NONOPT
                             0 INFEASIBLE
                             0  UNBOUNDED
                             0     ERRORS
GAMS 54.3.1  61154be4 Aug 21, 2026          LEX-LEG x86 64bit/Linux - 10/01/26 23:46:45 Page 6
G e n e r a l   A l g e b r a i c   M o d e l i n g   S y s t e m
E x e c u t i o n


**** REPORT FILE SUMMARY

res /workspace/minlp-notes/research-20260929/publication/reviews/lit-network-r1/opf/case30_noshunt/res_conopt.txt


EXECUTION TIME       =        0.306 SECONDS      4 MB  54.3.1 61154be4 LEX-LEG


USER: [REDACTED]
      License for teaching and research at degree granting institutions


**** FILE SUMMARY

Input      /workspace/minlp-notes/research-20260929/publication/reviews/lit-network-r1/opf/case30_noshunt/opf.gms
Output     /workspace/minlp-notes/research-20260929/publication/reviews/lit-network-r1/opf/case30_noshunt/opf.lst
