GAMS 54.3.1  61154be4 Aug 21, 2026          LEX-LEG x86 64bit/Linux - 09/23/26 01:10:49 Page 1
G e n e r a l   A l g e b r a i c   M o d e l i n g   S y s t e m
C o m p i l a t i o n




COMPILATION TIME     =        0.000 SECONDS      2 MB  54.3.1 61154be4 LEX-LEG
GAMS 54.3.1  61154be4 Aug 21, 2026          LEX-LEG x86 64bit/Linux - 09/23/26 01:10:49 Page 2
G e n e r a l   A l g e b r a i c   M o d e l i n g   S y s t e m
Range Statistics    SOLVE m Using MINLP From line 417


RANGE STATISTICS (ABSOLUTE NON-ZERO FINITE VALUES)

RHS       [min, max] : [ 1.000E+01, 9.750E+03] - Zero values observed as well
Bound     [min, max] : [ 1.000E+00, 6.500E+02] - Zero values observed as well
Matrix    [min, max] : [ 2.710E-01, 3.000E+08] - Zero values observed as well

GAMS 54.3.1  61154be4 Aug 21, 2026          LEX-LEG x86 64bit/Linux - 09/23/26 01:10:49 Page 3
G e n e r a l   A l g e b r a i c   M o d e l i n g   S y s t e m
Model Statistics    SOLVE m Using MINLP From line 417


MODEL STATISTICS

BLOCKS OF EQUATIONS         121     SINGLE EQUATIONS          121
BLOCKS OF VARIABLES         113     SINGLE VARIABLES          113  14 projected
NON ZERO ELEMENTS           401     NON LINEAR N-Z            124
CODE LENGTH                 396     CONSTANT POOL              25     DISCRETE VARIABLES         12


GENERATION TIME      =        0.008 SECONDS      3 MB  54.3.1 61154be4 LEX-LEG
GAMS 54.3.1  61154be4 Aug 21, 2026          LEX-LEG x86 64bit/Linux - 09/23/26 01:10:49 Page 4
G e n e r a l   A l g e b r a i c   M o d e l i n g   S y s t e m
Solution Report     SOLVE m Using MINLP From line 417


               S O L V E      S U M M A R Y

     MODEL   m                   OBJECTIVE  objvar
     TYPE    MINLP               DIRECTION  MINIMIZE
     SOLVER  SCIP                FROM LINE  417

**** SOLVER STATUS     3 Resource Interrupt
**** MODEL STATUS      8 Integer Solution
**** OBJECTIVE VALUE           154895.9330

 RESOURCE USAGE, LIMIT        300.001       300.000
 ITERATION COUNT, LIMIT    587089    2147483647
 EVALUATION ERRORS              0             0

SCIP             54.3.1 61154be4 Aug 21, 2026          LEG x86 64bit/Linux    

                           LOWER          LEVEL          UPPER

---- EQU e1                  .       6.821210E-13          .          
---- EQU e2                  .       -9.09495E-13          .          
---- EQU e3                  .              .              .          
---- EQU e4                  .       -4.54747E-13          .          
---- EQU e5                  .       -2.95586E-12          .          
---- EQU e6                  .       1.364242E-12          .          
---- EQU e7                  .              .              .          
---- EQU e8                  .              .              .          
---- EQU e9              3700.0000      3700.0000      3700.0000      
---- EQU e10             7400.0000      7400.0000      7400.0000      
---- EQU e11            -2800.0000     -2800.0000     -2800.0000      
---- EQU e12            -4400.0000     -4400.0000     -4400.0000      
---- EQU e13            -9750.0000     -9750.0000     -9750.0000      
---- EQU e14            -6500.0000     -6500.0000     -6500.0000      
---- EQU e15            -3600.0000     -3600.0000     -3600.0000      
---- EQU e16            -1950.0000     -1950.0000     -1950.0000      
---- EQU e17                 .            68.1055        +INF         
---- EQU e18                 .           195.0000        +INF         
---- EQU e19                 .              .            +INF         
---- EQU e20                 .           121.4208        +INF         
---- EQU e21                 .            45.4037        +INF         
---- EQU e22                 .           161.8945        +INF         
---- EQU e23                 .              .            +INF         
---- EQU e24                 .           150.0000        +INF         
---- EQU e25              370.0000       386.8945        +INF         
---- EQU e26              370.0000       468.5792        +INF         
---- EQU e27             -650.0000      -617.2982        +INF         
---- EQU e28             -500.0000      -500.0000        +INF         
---- EQU e29             -650.0000      -650.0000      -650.0000      
---- EQU e30             -590.0000      -590.0000      -590.0000      
---- EQU e31             -410.0000      -410.0000      -410.0000      
---- EQU e32             -350.0000      -350.0000      -350.0000      
---- EQU e33              -10.0000       -10.0000       -10.0000      
---- EQU e34              -10.0000       -10.0000       -10.0000      
---- EQU e35              -20.0000       -20.0000       -20.0000      
---- EQU e36              -20.0000       -20.0000       -20.0000      
---- EQU e37              -15.0000       -15.0000       -15.0000      
---- EQU e38              -15.0000       -15.0000       -15.0000      
---- EQU e39              -13.0000       -13.0000       -13.0000      
---- EQU e40              -13.0000       -13.0000       -13.0000      
---- EQU e41                 .       -4.54747E-13          .          
---- EQU e42                 .              .              .          
---- EQU e43                 .              .              .          
---- EQU e44                 .       1.136868E-12          .          
---- EQU e45                 .              .              .          
---- EQU e46                 .       -4.54747E-13          .          
---- EQU e47                 .              .              .          
---- EQU e48                 .              .              .          
---- EQU e49                 .       2.387424E-12          .          
---- EQU e50                 .              .              .          
---- EQU e51                 .              .              .          
---- EQU e52                 .              .              .          
---- EQU e53                 .              .              .          
---- EQU e54                 .       4.547474E-13          .          
---- EQU e55                 .              .              .          
---- EQU e56                 .              .              .          
---- EQU e57                 .              .              .          
---- EQU e58                 .       -4.54747E-13          .          
---- EQU e59                 .              .              .          
---- EQU e60                 .              .              .          
---- EQU e61                 .              .              .          
---- EQU e62                 .       1.818989E-12          .          
---- EQU e63                 .              .              .          
---- EQU e64                 .              .              .          
---- EQU e65                 .       3.552714E-15          .          
---- EQU e66                 .       6.622702E-10          .          
---- EQU e67                 .              .              .          
---- EQU e68                 .       -7.10543E-15          .          
---- EQU e69                 .              .              .          
---- EQU e70                 .       7.105427E-15          .          
---- EQU e71                 .              .              .          
---- EQU e72                 .              .              .          
---- EQU e73                 .       1.421085E-14          .          
---- EQU e74                 .              .              .          
---- EQU e75                 .              .              .          
---- EQU e76                 .       1.421085E-14          .          
---- EQU e77                 .              .              .          
---- EQU e78                 .       -1.13687E-13          .          
---- EQU e79                 .              .              .          
---- EQU e80                 .              .              .          
---- EQU e81                 .       1.421085E-13          .          
---- EQU e82                 .       4.263256E-14          .          
---- EQU e83                 .       1.421085E-14          .          
---- EQU e84                 .              .              .          
---- EQU e85                 .              .              .          
---- EQU e86                 .       7.105427E-15          .          
---- EQU e87                 .       1.776357E-15          .          
---- EQU e88                 .              .              .          
---- EQU e89               -INF        -2118.9446          .          
---- EQU e90               -INF             .              .          
---- EQU e91               -INF             .              .          
---- EQU e92               -INF             .              .          
---- EQU e93               -INF             .              .          
---- EQU e94               -INF        -1171.5830          .          
---- EQU e95               -INF             .              .          
---- EQU e96               -INF             .              .          
---- EQU e97               -INF        -3109.4723          .          
---- EQU e98               -INF             .              .          
---- EQU e99               -INF        -2631.0554          .          
---- EQU e100              -INF        -2428.4170          .          
---- EQU e101              -INF          280.0000       280.0000      
---- EQU e102              -INF      1.136868E-13       280.0000      
---- EQU e103              -INF          -68.1055       130.0000      
---- EQU e104              -INF          130.0000       130.0000      
---- EQU e105              -INF           45.4037       280.0000      
---- EQU e106              -INF          280.0000       280.0000      
---- EQU e107              -INF          -80.0000       130.0000      
---- EQU e108              -INF          -80.0000       130.0000      
---- EQU e109              -INF          280.0000       280.0000      
---- EQU e110              -INF           33.1055       280.0000      
---- EQU e111              -INF      4.263256E-14       130.0000      
---- EQU e112              -INF          130.0000       130.0000      
---- EQU e113              -INF      7.105427E-14       280.0000      
---- EQU e114              -INF          280.0000       280.0000      
---- EQU e115              -INF          -80.0000       130.0000      
---- EQU e116              -INF         -108.5792       130.0000      
---- EQU e117              -INF         -320.0000      -320.0000      
---- EQU e118              -INF         -320.0000      -320.0000      
---- EQU e119              -INF          680.0000       680.0000      
---- EQU e120              -INF          510.0000       680.0000      
---- EQU e121                .              .              .          

                           LOWER          LEVEL          UPPER

---- VAR b1                  .             1.0000         1.0000      
---- VAR b2                  .              .             1.0000      
---- VAR b3                  .              .             1.0000      
---- VAR b4                  .             1.0000         1.0000      
---- VAR b5                  .              .             1.0000      
---- VAR b6                  .             1.0000         1.0000      
---- VAR b7                  .              .             1.0000      
---- VAR b8                  .              .             1.0000      
---- VAR b9                  .             1.0000         1.0000      
---- VAR b10                 .             1.0000         1.0000      
---- VAR b11                 .             1.0000         1.0000      
---- VAR b12                 .              .             1.0000      
---- VAR x13              370.0000       650.0000       650.0000      
---- VAR x14              370.0000       581.8945       650.0000      
---- VAR x15              370.0000       386.8945       650.0000      
---- VAR x16              370.0000       590.0000       590.0000      
---- VAR x17              370.0000       590.0000       590.0000      
---- VAR x18              370.0000       468.5792       590.0000      
---- VAR x19              410.0000       617.2982       650.0000      
---- VAR x20              410.0000       571.8945       650.0000      
---- VAR x21              410.0000       410.0000       650.0000      
---- VAR x22              350.0000       500.0000       500.0000      
---- VAR x23              350.0000       500.0000       500.0000      
---- VAR x24              350.0000       350.0000       500.0000      
---- VAR x25                 .           681.0554        +INF         
---- VAR x26                 .              .            +INF         
---- VAR x27                 .              .            +INF         
---- VAR x28                 .          1950.0000        +INF         
---- VAR x29                 .              .            +INF         
---- VAR x30                 .          2428.4170        +INF         
---- VAR x31                 .              .            +INF         
---- VAR x32                 .              .            +INF         
---- VAR x33                 .           168.9446        +INF         
---- VAR x34                 .          1971.5830        +INF         
---- VAR x35                 .           490.5277        +INF         
---- VAR x36                 .              .            +INF         
---- VAR x37               10.0000        32.7018        +INF         
---- VAR x38               10.0000        10.0000        +INF         
---- VAR x39               10.0000        10.0000        +INF         
---- VAR x40               10.0000        81.8945        +INF         
---- VAR x41               10.0000        81.8945        +INF         
---- VAR x42               10.0000        36.8945        +INF         
---- VAR x43               10.0000        18.1055        +INF         
---- VAR x44               10.0000        18.1055        +INF         
---- VAR x45               10.0000        58.5792        +INF         
---- VAR x46               10.0000        10.0000        +INF         
---- VAR x47               10.0000        10.0000        +INF         
---- VAR x48               10.0000        10.0000        +INF         
---- VAR x49               10.0000        66.8945        +INF         
---- VAR x50               10.0000       148.5792        +INF         
---- VAR x51               10.0000        62.7018        +INF         
---- VAR x52               10.0000        10.0000        +INF         
---- VAR x53                 .            10.0000        10.0000      
---- VAR x54                 .              .            10.0000      
---- VAR x55                 .              .            10.0000      
---- VAR x56                 .            10.0000        10.0000      
---- VAR x57                 .            20.0000        20.0000      
---- VAR x58                 .            20.0000        20.0000      
---- VAR x59                 .              .            20.0000      
---- VAR x60                 .              .            20.0000      
---- VAR x61                 .            15.0000        15.0000      
---- VAR x62                 .             4.8816        15.0000      
---- VAR x63                 .            13.0000        13.0000      
---- VAR x64                 .            13.0000        13.0000      
---- VAR x65                 .              .            15.0000      
---- VAR x66                 .            10.1184        15.0000      
---- VAR x67                 .              .            13.0000      
---- VAR x68                 .              .            13.0000      
---- VAR x69              370.0000       581.8945       650.0000      
---- VAR x70              370.0000       370.0000       650.0000      
---- VAR x71              370.0000       650.0000       650.0000      
---- VAR x72              370.0000       386.8945       650.0000      
---- VAR x73              370.0000       590.0000       590.0000      
---- VAR x74              370.0000       468.5792       590.0000      
---- VAR x75              370.0000       590.0000       590.0000      
---- VAR x76              370.0000       590.0000       590.0000      
---- VAR x77              410.0000       617.2982       650.0000      
---- VAR x78              410.0000       410.0000       650.0000      
---- VAR x79              350.0000       500.0000       500.0000      
---- VAR x80              350.0000       500.0000       500.0000      
---- VAR x81              410.0000       650.0000       650.0000      
---- VAR x82              410.0000       650.0000       650.0000      
---- VAR x83              350.0000       500.0000       500.0000      
---- VAR x84              350.0000       350.0000       500.0000      
---- VAR x85                 .            19.1602        +INF         
---- VAR x86                 .             9.0882        +INF         
---- VAR x87                 .              .            +INF         
---- VAR x88                 .            56.4355        +INF         
---- VAR x89                 .              .            +INF         
---- VAR x90                 .            34.4702        +INF         
---- VAR x91                 .              .            +INF         
---- VAR x92                 .              .            +INF         
---- VAR x93                 .            68.4355        +INF         
---- VAR x94                 .           104.4071        +INF         
---- VAR x95                 .            44.3599        +INF         
---- VAR x96                 .            58.8160        +INF         
---- VAR x97                 .            71.0537        +INF         
---- VAR x98                 .              .            +INF         
---- VAR x99                 .              .            +INF         
---- VAR x100                .              .            +INF         
---- VAR x101                .            69.0931        +INF         
---- VAR x102                .              .            +INF         
---- VAR x103                .              .            +INF         
---- VAR x104                .           140.8585        +INF         
---- VAR x105                .              .            +INF         
---- VAR x106                .              .            +INF         
---- VAR x107                .              .            +INF         
---- VAR x108                .              .            +INF         
---- VAR x109                .             4.9366        +INF         
---- VAR x110                .            37.7636        +INF         
---- VAR x111                .            13.2665        +INF         
---- VAR x112                .              .            +INF         
---- VAR objvar            -INF       154895.9330        +INF         


**** REPORT SUMMARY :        0     NONOPT
                             0 INFEASIBLE
                             0  UNBOUNDED
                             0     ERRORS


EXECUTION TIME       =      300.857 SECONDS      3 MB  54.3.1 61154be4 LEX-LEG


USER: [REDACTED]
      License for teaching and research at degree granting institutions


**** FILE SUMMARY

Input      /tmp/b2probe/heatexch_gen1.gms
Output     /tmp/b2probe/run_heatexch_gen1/heatexch_gen1.lst
