GAMS 54.3.1  61154be4 Aug 21, 2026          LEX-LEG x86 64bit/Linux - 10/02/26 20:11:52 Page 1
G e n e r a l   A l g e b r a i c   M o d e l i n g   S y s t e m
C o m p i l a t i o n




COMPILATION TIME     =        0.516 SECONDS     57 MB  54.3.1 61154be4 LEX-LEG
GAMS 54.3.1  61154be4 Aug 21, 2026          LEX-LEG x86 64bit/Linux - 10/02/26 20:11:52 Page 2
G e n e r a l   A l g e b r a i c   M o d e l i n g   S y s t e m
Range Statistics    SOLVE m Using MINLP From line 242580


RANGE STATISTICS (ABSOLUTE NON-ZERO FINITE VALUES)

RHS       [min, max] : [ 3.000E+00, 9.620E+03] - Zero values observed as well
Bound     [min, max] : [ 1.000E+00, 1.000E+00] - Zero values observed as well
Matrix    [min, max] : [ 3.785E-05, 1.569E+04] - Zero values observed as well

GAMS 54.3.1  61154be4 Aug 21, 2026          LEX-LEG x86 64bit/Linux - 10/02/26 20:11:52 Page 3
G e n e r a l   A l g e b r a i c   M o d e l i n g   S y s t e m
Model Statistics    SOLVE m Using MINLP From line 242580


MODEL STATISTICS

BLOCKS OF EQUATIONS     108,218     SINGLE EQUATIONS      108,218
BLOCKS OF VARIABLES     107,223     SINGLE VARIABLES      107,223
NON ZERO ELEMENTS       213,766     NON LINEAR N-Z          4,521
CODE LENGTH              13,835     CONSTANT POOL           2,231     DISCRETE VARIABLES         14


GENERATION TIME      =        1.036 SECONDS    105 MB  54.3.1 61154be4 LEX-LEG
GAMS 54.3.1  61154be4 Aug 21, 2026          LEX-LEG x86 64bit/Linux - 10/02/26 20:11:52 Page 4
G e n e r a l   A l g e b r a i c   M o d e l i n g   S y s t e m
Solution Report     SOLVE m Using MINLP From line 242580


               S O L V E      S U M M A R Y

     MODEL   m                   OBJECTIVE  objvar
     TYPE    MINLP               DIRECTION  MINIMIZE
     SOLVER  CONVERT             FROM LINE  242580

**** SOLVER STATUS     1 Normal Completion
**** MODEL STATUS      14 No Solution Returned
**** OBJECTIVE VALUE                0.0000

 RESOURCE USAGE, LIMIT          0.711 10000000000.000
 ITERATION COUNT, LIMIT         0    2147483647
 EVALUATION ERRORS              0             0

--- Reading option file '/workspace/minlp-notes/research-20260929/publication/reviews/minlplib-st
---     atus-r1/conv/watercontamination0303.cur/convert.opt':
--- Setting 'OSiL': out.osil
--- Setting 'Gams': scalar.gms

--- Writing Gams      : scalar.gms
--- Writing OSiL      : out.osil


No solution returned


EXECUTION TIME       =        2.036 SECONDS    105 MB  54.3.1 61154be4 LEX-LEG


USER: [REDACTED]
      License for teaching and research at degree granting institutions


**** FILE SUMMARY

Input      /workspace/minlp-notes/research-20260929/publication/reviews/minlplib-status-r1/conv/watercontamination0303.cur/m.gms
Output     /workspace/minlp-notes/research-20260929/publication/reviews/minlplib-status-r1/conv/watercontamination0303.cur/out.lst
