GAMS 54.3.1  61154be4 Aug 21, 2026          LEX-LEG x86 64bit/Linux - 09/23/26 01:13:46 Page 1
G e n e r a l   A l g e b r a i c   M o d e l i n g   S y s t e m
C o m p i l a t i o n




COMPILATION TIME     =        0.002 SECONDS      2 MB  54.3.1 61154be4 LEX-LEG
GAMS 54.3.1  61154be4 Aug 21, 2026          LEX-LEG x86 64bit/Linux - 09/23/26 01:13:46 Page 2
G e n e r a l   A l g e b r a i c   M o d e l i n g   S y s t e m
Range Statistics    SOLVE m Using MINLP From line 633


RANGE STATISTICS (ABSOLUTE NON-ZERO FINITE VALUES)

RHS       [min, max] : [ 7.162E+00, 9.750E+03] - Zero values observed as well
Bound     [min, max] : [ 1.000E+00, 6.500E+02] - Zero values observed as well
Matrix    [min, max] : [ 2.387E-01, 3.000E+08] - Zero values observed as well

GAMS 54.3.1  61154be4 Aug 21, 2026          LEX-LEG x86 64bit/Linux - 09/23/26 01:13:46 Page 3
G e n e r a l   A l g e b r a i c   M o d e l i n g   S y s t e m
Model Statistics    SOLVE m Using MINLP From line 633


MODEL STATISTICS

BLOCKS OF EQUATIONS         229     SINGLE EQUATIONS          229
BLOCKS OF VARIABLES         113     SINGLE VARIABLES          113  14 projected
NON ZERO ELEMENTS           689     NON LINEAR N-Z            124
CODE LENGTH                 396     CONSTANT POOL              25     DISCRETE VARIABLES         12


GENERATION TIME      =        0.010 SECONDS      3 MB  54.3.1 61154be4 LEX-LEG
GAMS 54.3.1  61154be4 Aug 21, 2026          LEX-LEG x86 64bit/Linux - 09/23/26 01:13:46 Page 4
G e n e r a l   A l g e b r a i c   M o d e l i n g   S y s t e m
Solution Report     SOLVE m Using MINLP From line 633


               S O L V E      S U M M A R Y

     MODEL   m                   OBJECTIVE  objvar
     TYPE    MINLP               DIRECTION  MINIMIZE
     SOLVER  SCIP                FROM LINE  633

**** SOLVER STATUS     3 Resource Interrupt
**** MODEL STATUS      8 Integer Solution
**** OBJECTIVE VALUE           160395.9330

 RESOURCE USAGE, LIMIT        300.002       300.000
 ITERATION COUNT, LIMIT    615272    2147483647
 EVALUATION ERRORS              0             0

SCIP             54.3.1 61154be4 Aug 21, 2026          LEG x86 64bit/Linux    

                           LOWER          LEVEL          UPPER

---- EQU e1                  .       4.547474E-13          .          
---- EQU e2                  .              .              .          
---- EQU e3                  .              .              .          
---- EQU e4                  .       -9.09495E-13          .          
---- EQU e5                  .       4.547474E-13          .          
---- EQU e6                  .       -9.09495E-13          .          
---- EQU e7                  .              .              .          
---- EQU e8                  .              .              .          
---- EQU e9              3700.0000      3700.0000      3700.0000      
---- EQU e10             7400.0000      7400.0000      7400.0000      
---- EQU e11            -2800.0000     -2800.0000     -2800.0000      
---- EQU e12            -4400.0000     -4400.0000     -4400.0000      
---- EQU e13            -9750.0000     -9750.0000     -9750.0000      
---- EQU e14            -6500.0000     -6500.0000     -6500.0000      
---- EQU e15            -3600.0000     -3600.0000     -3600.0000      
---- EQU e16            -1950.0000     -1950.0000     -1950.0000      
---- EQU e17                 .            68.1055        +INF         
---- EQU e18                 .           195.0000        +INF         
---- EQU e19                 .              .            +INF         
---- EQU e20                 .           121.4208        +INF         
---- EQU e21                 .            45.4037        +INF         
---- EQU e22                 .           161.8945        +INF         
---- EQU e23                 .              .            +INF         
---- EQU e24                 .           150.0000        +INF         
---- EQU e25              370.0000       386.8945        +INF         
---- EQU e26              370.0000       468.5792        +INF         
---- EQU e27             -650.0000      -617.2982        +INF         
---- EQU e28             -500.0000      -500.0000        +INF         
---- EQU e29             -650.0000      -650.0000      -650.0000      
---- EQU e30             -590.0000      -590.0000      -590.0000      
---- EQU e31             -410.0000      -410.0000      -410.0000      
---- EQU e32             -350.0000      -350.0000      -350.0000      
---- EQU e33              -10.0000       -10.0000       -10.0000      
---- EQU e34              -10.0000       -10.0000       -10.0000      
---- EQU e35              -20.0000       -20.0000       -20.0000      
---- EQU e36              -20.0000       -20.0000       -20.0000      
---- EQU e37              -15.0000       -15.0000       -15.0000      
---- EQU e38              -15.0000       -15.0000       -15.0000      
---- EQU e39              -13.0000       -13.0000       -13.0000      
---- EQU e40              -13.0000       -13.0000       -13.0000      
---- EQU e41                 .       -2.27374E-13          .          
---- EQU e42                 .       -1.05520E-12          .          
---- EQU e43                 .              .              .          
---- EQU e44                 .       4.547474E-13          .          
---- EQU e45                 .              .              .          
---- EQU e46                 .              .              .          
---- EQU e47                 .              .              .          
---- EQU e48                 .              .              .          
---- EQU e49                 .       -7.95808E-13          .          
---- EQU e50                 .              .              .          
---- EQU e51                 .              .              .          
---- EQU e52                 .              .              .          
---- EQU e53                 .              .              .          
---- EQU e54                 .       4.547474E-13          .          
---- EQU e55                 .              .              .          
---- EQU e56                 .       -6.09864E-18          .          
---- EQU e57                 .              .              .          
---- EQU e58                 .       4.547474E-13          .          
---- EQU e59                 .              .              .          
---- EQU e60                 .              .              .          
---- EQU e61                 .              .              .          
---- EQU e62                 .              .              .          
---- EQU e63                 .              .              .          
---- EQU e64                 .              .              .          
---- EQU e65                 .       4.342837E-11          .          
---- EQU e66                 .              .              .          
---- EQU e67                 .       4.967262E-10          .          
---- EQU e68                 .       2.764935E-10          .          
---- EQU e69                 .       9.731984E-10          .          
---- EQU e70                 .       1.3542802E-9          .          
---- EQU e71                 .       1.421085E-14          .          
---- EQU e72                 .       -1.66978E-13          .          
---- EQU e73                 .       9.953567E-10          .          
---- EQU e74                 .              .              .          
---- EQU e75                 .              .              .          
---- EQU e76                 .       -6.454044E-9          .          
---- EQU e77                 .              .              .          
---- EQU e78                 .       -4.082298E-8          .          
---- EQU e79                 .              .              .          
---- EQU e80                 .              .              .          
---- EQU e81                 .       3.417995E-10          .          
---- EQU e82                 .       5.879031E-11          .          
---- EQU e83                 .       2.773248E-11          .          
---- EQU e84                 .              .              .          
---- EQU e85                 .       5.077370E-10          .          
---- EQU e86                 .       1.369216E-10          .          
---- EQU e87                 .       7.639755E-11          .          
---- EQU e88                 .              .              .          
---- EQU e89               -INF        -2118.9446          .          
---- EQU e90               -INF             .              .          
---- EQU e91               -INF             .              .          
---- EQU e92               -INF             .              .          
---- EQU e93               -INF             .              .          
---- EQU e94               -INF        -1171.5830          .          
---- EQU e95               -INF             .              .          
---- EQU e96               -INF        -1950.0000          .          
---- EQU e97               -INF        -3109.4723          .          
---- EQU e98               -INF             .              .          
---- EQU e99               -INF        -2631.0554          .          
---- EQU e100              -INF        -2428.4170          .          
---- EQU e101              -INF          280.0000       280.0000      
---- EQU e102              -INF             .           280.0000      
---- EQU e103              -INF          105.1421       130.0000      
---- EQU e104              -INF          130.0000       130.0000      
---- EQU e105              -INF           38.4487       280.0000      
---- EQU e106              -INF          280.0000       280.0000      
---- EQU e107              -INF          130.0000       130.0000      
---- EQU e108              -INF           62.1182       130.0000      
---- EQU e109              -INF          280.0000       280.0000      
---- EQU e110              -INF           33.1055       280.0000      
---- EQU e111              -INF      1.421085E-14       130.0000      
---- EQU e112              -INF          130.0000       130.0000      
---- EQU e113              -INF      -2.48690E-14       280.0000      
---- EQU e114              -INF          280.0000       280.0000      
---- EQU e115              -INF          -67.8818       130.0000      
---- EQU e116              -INF           33.6827       130.0000      
---- EQU e117              -INF         -320.0000      -320.0000      
---- EQU e118              -INF         -320.0000      -320.0000      
---- EQU e119              -INF          680.0000       680.0000      
---- EQU e120              -INF          510.0000       680.0000      
---- EQU e121                .              .              .          
---- EQU tg0_0             -INF           -4.5525          .          
---- EQU tg0_1             -INF           -1.3282          .          
---- EQU tg0_2             -INF           -0.0639          .          
---- EQU tg0_3             -INF           -0.3731          .          
---- EQU tg0_4             -INF           -2.1908          .          
---- EQU tg0_5             -INF           -5.7458          .          
---- EQU tg0_6             -INF          -11.6098          .          
---- EQU tg0_7             -INF          -20.8381          .          
---- EQU tg0_8             -INF          -35.2429          .          
---- EQU tg1_0             -INF          -18.2933          .          
---- EQU tg1_1             -INF          -14.1649          .          
---- EQU tg1_2             -INF          -11.7077          .          
---- EQU tg1_3             -INF          -10.4068          .          
---- EQU tg1_4             -INF          -10.0000          .          
---- EQU tg1_5             -INF          -10.4068          .          
---- EQU tg1_6             -INF          -11.7077          .          
---- EQU tg1_7             -INF          -14.1649          .          
---- EQU tg1_8             -INF          -18.2933          .          
---- EQU tg2_0             -INF          -38.7148          .          
---- EQU tg2_1             -INF          -11.8049          .          
---- EQU tg2_2             -INF           -0.7858          .          
---- EQU tg2_3             -INF           -2.4192          .          
---- EQU tg2_4             -INF          -16.0638          .          
---- EQU tg2_5             -INF          -43.4206          .          
---- EQU tg2_6             -INF          -88.8975          .          
---- EQU tg2_7             -INF         -160.6941          .          
---- EQU tg2_8             -INF         -272.9267          .          
---- EQU tg3_0             -INF          -21.7989          .          
---- EQU tg3_1             -INF           -8.3594          .          
---- EQU tg3_2             -INF           -1.6585          .          
---- EQU tg3_3             -INF           -0.0504          .          
---- EQU tg3_4             -INF           -2.9589          .          
---- EQU tg3_5             -INF          -10.7003          .          
---- EQU tg3_6             -INF          -24.5450          .          
---- EQU tg3_7             -INF          -47.0325          .          
---- EQU tg3_8             -INF          -82.6340          .          
---- EQU tg4_0             -INF          -17.1125          .          
---- EQU tg4_1             -INF           -9.3608          .          
---- EQU tg4_2             -INF           -4.5465          .          
---- EQU tg4_3             -INF           -1.6980          .          
---- EQU tg4_4             -INF           -0.2799          .          
---- EQU tg4_5             -INF           -0.0520          .          
---- EQU tg4_6             -INF           -1.0093          .          
---- EQU tg4_7             -INF           -3.3837          .          
---- EQU tg4_8             -INF           -7.7101          .          
---- EQU tg5_0             -INF          -63.0285          .          
---- EQU tg5_1             -INF          -37.2327          .          
---- EQU tg5_2             -INF          -20.7120          .          
---- EQU tg5_3             -INF          -10.2214          .          
---- EQU tg5_4             -INF           -3.8721          .          
---- EQU tg5_5             -INF           -0.6427          .          
---- EQU tg5_6             -INF           -0.1276          .          
---- EQU tg5_7             -INF           -2.4497          .          
---- EQU tg5_8             -INF           -8.3125          .          
---- EQU tg6_0             -INF           -1.5601          .          
---- EQU tg6_1             -INF           -0.3093          .          
---- EQU tg6_2             -INF           -5.2727          .          
---- EQU tg6_3             -INF          -16.4292          .          
---- EQU tg6_4             -INF          -34.9197          .          
---- EQU tg6_5             -INF          -63.2606          .          
---- EQU tg6_6             -INF         -105.9131          .          
---- EQU tg6_7             -INF         -170.3692          .          
---- EQU tg6_8             -INF         -269.0747          .          
---- EQU tg7_0             -INF          -18.5002          .          
---- EQU tg7_1             -INF           -9.3038          .          
---- EQU tg7_2             -INF           -3.8262          .          
---- EQU tg7_3             -INF           -0.9200          .          
---- EQU tg7_4             -INF           -0.0002          .          
---- EQU tg7_5             -INF           -0.8860          .          
---- EQU tg7_6             -INF           -3.7531          .          
---- EQU tg7_7             -INF           -9.1804          .          
---- EQU tg7_8             -INF          -18.3059          .          
---- EQU tg8_0             -INF          -37.9675        16.7103      
---- EQU tg8_1             -INF           -7.6867        19.4980      
---- EQU tg8_2             -INF           12.2656        23.1764      
---- EQU tg8_3             -INF           25.7117        28.1407      
---- EQU tg8_4             -INF           34.9882        35.0000      
---- EQU tg8_5             -INF           41.5432        44.7072      
---- EQU tg8_6             -INF           46.2873        58.7775      
---- EQU tg8_7             -INF           49.8025        79.6561      
---- EQU tg8_8             -INF           52.4665       111.3427      
---- EQU tg9_0             -INF         -131.9243        16.7103      
---- EQU tg9_1             -INF          -64.6677        19.4980      
---- EQU tg9_2             -INF          -20.3517        23.1764      
---- EQU tg9_3             -INF            9.5135        28.1407      
---- EQU tg9_4             -INF           30.1175        35.0000      
---- EQU tg9_5             -INF           44.6767        44.7072      
---- EQU tg9_6             -INF           55.2139        58.7775      
---- EQU tg9_7             -INF           63.0214        79.6561      
---- EQU tg9_8             -INF           68.9385       111.3427      
---- EQU tg10_0            -INF          -55.3742         7.1616      
---- EQU tg10_1            -INF          -26.9913         8.3563      
---- EQU tg10_2            -INF           -8.2895         9.9327      
---- EQU tg10_3            -INF            4.3139        12.0603      
---- EQU tg10_4            -INF           13.0090        15.0000      
---- EQU tg10_5            -INF           19.1531        19.1602      
---- EQU tg10_6            -INF           23.5999        25.1904      
---- EQU tg10_7            -INF           26.8948        34.1383      
---- EQU tg10_8            -INF           29.3918        47.7183      
---- EQU tg11_0            -INF           42.9099        42.9693      
---- EQU tg11_1            -INF           47.4365        50.1377      
---- EQU tg11_2            -INF           50.4192        59.5964      
---- EQU tg11_3            -INF           52.4292        72.3619      
---- EQU tg11_4            -INF           53.8160        90.0000      
---- EQU tg11_5            -INF           54.7959       114.9613      
---- EQU tg11_6            -INF           55.5051       151.1423      
---- EQU tg11_7            -INF           56.0305       204.8300      
---- EQU tg11_8            -INF           56.4288       286.3097      

                           LOWER          LEVEL          UPPER

---- VAR b1                  .             1.0000         1.0000      
---- VAR b2                  .              .             1.0000      
---- VAR b3                  .              .             1.0000      
---- VAR b4                  .             1.0000         1.0000      
---- VAR b5                  .              .             1.0000      
---- VAR b6                  .             1.0000         1.0000      
---- VAR b7                  .              .             1.0000      
---- VAR b8                  .             1.0000         1.0000      
---- VAR b9                  .             1.0000         1.0000      
---- VAR b10                 .             1.0000         1.0000      
---- VAR b11                 .             1.0000         1.0000      
---- VAR b12                 .              .             1.0000      
---- VAR x13              370.0000       650.0000       650.0000      
---- VAR x14              370.0000       581.8945       650.0000      
---- VAR x15              370.0000       386.8945       650.0000      
---- VAR x16              370.0000       590.0000       590.0000      
---- VAR x17              370.0000       590.0000       590.0000      
---- VAR x18              370.0000       468.5792       590.0000      
---- VAR x19              410.0000       617.2982       650.0000      
---- VAR x20              410.0000       571.8945       650.0000      
---- VAR x21              410.0000       410.0000       650.0000      
---- VAR x22              350.0000       500.0000       500.0000      
---- VAR x23              350.0000       500.0000       500.0000      
---- VAR x24              350.0000       350.0000       500.0000      
---- VAR x25                 .           681.0554        +INF         
---- VAR x26                 .              .            +INF         
---- VAR x27                 .              .            +INF         
---- VAR x28                 .          1950.0000        +INF         
---- VAR x29                 .              .            +INF         
---- VAR x30                 .          2428.4170        +INF         
---- VAR x31                 .              .            +INF         
---- VAR x32                 .              .            +INF         
---- VAR x33                 .           168.9446        +INF         
---- VAR x34                 .          1971.5830        +INF         
---- VAR x35                 .           490.5277        +INF         
---- VAR x36                 .              .            +INF         
---- VAR x37               10.0000        32.7018        +INF         
---- VAR x38               10.0000        10.0000        +INF         
---- VAR x39               10.0000        10.0000        +INF         
---- VAR x40               10.0000       255.1421        +INF         
---- VAR x41               10.0000        81.8945        +INF         
---- VAR x42               10.0000        36.8945        +INF         
---- VAR x43               10.0000        11.1505        +INF         
---- VAR x44               10.0000        18.1055        +INF         
---- VAR x45               10.0000        58.5792        +INF         
---- VAR x46               10.0000       220.0000        +INF         
---- VAR x47               10.0000        22.1182        +INF         
---- VAR x48               10.0000        22.2619        +INF         
---- VAR x49               10.0000        66.8945        +INF         
---- VAR x50               10.0000       148.5792        +INF         
---- VAR x51               10.0000        62.7018        +INF         
---- VAR x52               10.0000        10.0000        +INF         
---- VAR x53                 .            10.0000        10.0000      
---- VAR x54                 .       5.329071E-15        10.0000      
---- VAR x55                 .              .            10.0000      
---- VAR x56                 .            10.0000        10.0000      
---- VAR x57                 .            20.0000        20.0000      
---- VAR x58                 .            18.8765        20.0000      
---- VAR x59                 .              .            20.0000      
---- VAR x60                 .             1.1235        20.0000      
---- VAR x61                 .            15.0000        15.0000      
---- VAR x62                 .             4.8816        15.0000      
---- VAR x63                 .            13.0000        13.0000      
---- VAR x64                 .            13.0000        13.0000      
---- VAR x65                 .              .            15.0000      
---- VAR x66                 .            10.1184        15.0000      
---- VAR x67                 .              .            13.0000      
---- VAR x68                 .       4.065758E-20        13.0000      
---- VAR x69              370.0000       581.8945       650.0000      
---- VAR x70              370.0000       383.8858       650.0000      
---- VAR x71              370.0000       650.0000       650.0000      
---- VAR x72              370.0000       386.8945       650.0000      
---- VAR x73              370.0000       590.0000       590.0000      
---- VAR x74              370.0000       461.3525       590.0000      
---- VAR x75              370.0000       590.0000       590.0000      
---- VAR x76              370.0000       590.0000       590.0000      
---- VAR x77              410.0000       617.2982       650.0000      
---- VAR x78              410.0000       410.0000       650.0000      
---- VAR x79              350.0000       500.0000       500.0000      
---- VAR x80              350.0000       500.0000       500.0000      
---- VAR x81              410.0000       650.0000       650.0000      
---- VAR x82              410.0000       650.0000       650.0000      
---- VAR x83              350.0000       500.0000       500.0000      
---- VAR x84              350.0000       500.0000       500.0000      
---- VAR x85                 .            19.1602        +INF         
---- VAR x86                 .              .            +INF         
---- VAR x87                 .           152.4545        +INF         
---- VAR x88                 .            56.4355        +INF         
---- VAR x89                 .            14.3482        +INF         
---- VAR x90                 .            34.4702        +INF         
---- VAR x91                 .            86.1394        +INF         
---- VAR x92                 .            22.1898        +INF         
---- VAR x93                 .            68.4355        +INF         
---- VAR x94                 .           104.4071        +INF         
---- VAR x95                 .            44.3599        +INF         
---- VAR x96                 .            58.8160        +INF         
---- VAR x97                 .            71.0537        +INF         
---- VAR x98                 .              .            +INF         
---- VAR x99                 .              .            +INF         
---- VAR x100                .              .            +INF         
---- VAR x101                .            69.0931        +INF         
---- VAR x102                .              .            +INF         
---- VAR x103                .              .            +INF         
---- VAR x104                .           140.8585        +INF         
---- VAR x105                .              .            +INF         
---- VAR x106                .              .            +INF         
---- VAR x107                .              .            +INF         
---- VAR x108                .              .            +INF         
---- VAR x109                .             4.9366        +INF         
---- VAR x110                .            37.7636        +INF         
---- VAR x111                .            13.2665        +INF         
---- VAR x112                .              .            +INF         
---- VAR objvar            -INF       160395.9330        +INF         


**** REPORT SUMMARY :        0     NONOPT
                             0 INFEASIBLE
                             0  UNBOUNDED
                             0     ERRORS


EXECUTION TIME       =      300.807 SECONDS      3 MB  54.3.1 61154be4 LEX-LEG


USER: David Bernal / SECQUOIA Research Group         G251008+0003Ac-GEN
      Purdue University, Davidson School of Chemical EngineeringDCE4838
      License for teaching and research at degree granting institutions


**** FILE SUMMARY

Input      /tmp/b2probe/heatexch_gen1_tg.gms
Output     /tmp/b2probe/run_heatexch_gen1_tg/heatexch_gen1_tg.lst
