GAMS 54.3.1  61154be4 Aug 21, 2026          LEX-LEG x86 64bit/Linux - 10/02/26 14:02:19 Page 1
G e n e r a l   A l g e b r a i c   M o d e l i n g   S y s t e m
C o m p i l a t i o n




COMPILATION TIME     =        0.001 SECONDS      2 MB  54.3.1 61154be4 LEX-LEG
GAMS 54.3.1  61154be4 Aug 21, 2026          LEX-LEG x86 64bit/Linux - 10/02/26 14:02:19 Page 2
G e n e r a l   A l g e b r a i c   M o d e l i n g   S y s t e m
Range Statistics    SOLVE m Using MINLP From line 414


RANGE STATISTICS (ABSOLUTE NON-ZERO FINITE VALUES)

RHS       [min, max] : [ 1.000E+00, 3.000E+02] - Zero values observed as well
Bound     [min, max] : [ 1.000E+00, 1.560E+02] - Zero values observed as well
Matrix    [min, max] : [ 1.000E+00, 1.774E+04]

GAMS 54.3.1  61154be4 Aug 21, 2026          LEX-LEG x86 64bit/Linux - 10/02/26 14:02:19 Page 3
G e n e r a l   A l g e b r a i c   M o d e l i n g   S y s t e m
Model Statistics    SOLVE m Using MINLP From line 414


MODEL STATISTICS

BLOCKS OF EQUATIONS          98     SINGLE EQUATIONS           98
BLOCKS OF VARIABLES         481     SINGLE VARIABLES          481  48 projected
NON ZERO ELEMENTS         1,009     NON LINEAR N-Z             48
CODE LENGTH                 194     CONSTANT POOL              64     DISCRETE VARIABLES        432


GENERATION TIME      =        0.003 SECONDS      3 MB  54.3.1 61154be4 LEX-LEG
GAMS 54.3.1  61154be4 Aug 21, 2026          LEX-LEG x86 64bit/Linux - 10/02/26 14:02:19 Page 4
G e n e r a l   A l g e b r a i c   M o d e l i n g   S y s t e m
Solution Report     SOLVE m Using MINLP From line 414


               S O L V E      S U M M A R Y

     MODEL   m                   OBJECTIVE  objvar
     TYPE    MINLP               DIRECTION  MINIMIZE
     SOLVER  CONVERT             FROM LINE  414

**** SOLVER STATUS     1 Normal Completion
**** MODEL STATUS      14 No Solution Returned
**** OBJECTIVE VALUE                0.0000

 RESOURCE USAGE, LIMIT          0.002 10000000000.000
 ITERATION COUNT, LIMIT         0    2147483647
 EVALUATION ERRORS              0             0

--- Reading option file '/workspace/minlp-notes/research-20260929/publication/reviews/minlplib-st
---     atus-r1/conv/stockcycle.cur/convert.opt':
--- Setting 'OSiL': out.osil
--- Setting 'Gams': scalar.gms

--- Writing Gams      : scalar.gms
--- Writing OSiL      : out.osil


No solution returned


EXECUTION TIME       =        0.017 SECONDS      3 MB  54.3.1 61154be4 LEX-LEG


USER: [REDACTED]
      License for teaching and research at degree granting institutions


**** FILE SUMMARY

Input      /workspace/minlp-notes/research-20260929/publication/reviews/minlplib-status-r1/conv/stockcycle.cur/m.gms
Output     /workspace/minlp-notes/research-20260929/publication/reviews/minlplib-status-r1/conv/stockcycle.cur/out.lst
