[Third-party model listing omitted; original solver results follow.]
MODEL STATISTICS

BLOCKS OF EQUATIONS         355     SINGLE EQUATIONS          355
BLOCKS OF VARIABLES           9     SINGLE VARIABLES          283  2 projected
NON ZERO ELEMENTS         1,319     NON LINEAR N-Z            930
CODE LENGTH               4,041     CONSTANT POOL             163


GENERATION TIME      =        0.014 SECONDS      4 MB  54.3.1 61154be4 LEX-LEG
GAMS 54.3.1  61154be4 Aug 21, 2026          LEX-LEG x86 64bit/Linux - 10/01/26 23:46:02 Page 5
G e n e r a l   A l g e b r a i c   M o d e l i n g   S y s t e m
Solution Report     SOLVE m Using NLP From line 774


               S O L V E      S U M M A R Y

     MODEL   m                   OBJECTIVE  obj
     TYPE    NLP                 DIRECTION  MINIMIZE
     SOLVER  CONOPT              FROM LINE  774

**** SOLVER STATUS     1 Normal Completion
**** MODEL STATUS      2 Locally Optimal
**** OBJECTIVE VALUE            41864.1778

 RESOURCE USAGE, LIMIT          0.163 10000000000.000
 ITERATION COUNT, LIMIT        29    2147483647
 EVALUATION ERRORS              0             0
 
 
    C O N O P T   version 4.39.1
    Copyright (C) GAMS Software GmbH
                  GAMS Development Corporation
 
 
    The user model has 355 constraints and 283 variables
    with 1319 Jacobian elements, 930 of which are nonlinear.
 
    The pre-triangular part of the model has 9 constraints and 1 variables.
    The post-triangular part of the model has 2 constraints and variables.
    There are 39 definitional constraints and defined variables.
 
    Preprocessed model has 305 constraints and 241 variables
    with 1206 Jacobian elements, 898 of which are nonlinear.
 
 ** Optimal solution. Reduced gradient less than tolerance.
 
 
 CONOPT time Total                            0.107 seconds
   of which: Function evaluations             0.021 = 19.6%
             1st Derivative evaluations       0.011 = 10.3%
             Directional 2nd Deriv(Hess)      0.001 =  0.9%
             Interval derivative evals        0.013 = 12.1%
 

                           LOWER          LEVEL          UPPER         MARGINAL

---- EQU eobj               2.0000         2.0000         2.0000         1.0000      
---- EQU epf1                .              .              .          1402.9732      
---- EQU eqf1                .              .              .            -1.2881      
---- EQU ept1                .              .              .          1371.8842      
---- EQU eqt1                .              .              .            -5.7901      
---- EQU esf1              -INF           13.4975        36.0000          .          
---- EQU est1              -INF           13.8117        36.0000          .          
---- EQU epf2                .              .              .          1402.9732      
---- EQU eqf2                .              .              .            -1.2881      
---- EQU ept2                .              .              .          1409.1819      
---- EQU eqt2                .              .              .       1.3777679E-8      
---- EQU esf2              -INF            7.3524       100.0000          .          
---- EQU est2              -INF            7.3462       100.0000          .          
---- EQU epf3                .              .              .          1371.8842      
---- EQU eqf3                .              .              .            -5.7901      
---- EQU ept3                .              .              .          1383.4782      
---- EQU eqt3                .              .              .            -1.5487      
---- EQU esf3              -INF           20.6973        25.0000          .          
---- EQU est3              -INF           20.4777        25.0000          .          
---- EQU epf4                .              .              .          1371.8842      
---- EQU eqf4                .              .              .            -5.7901      
---- EQU ept4                .              .              .          1344.7753      
---- EQU eqt4                .              .              .            -0.9106      
---- EQU esf4              -INF            2.6367        25.0000          .          
---- EQU est4              -INF            2.8541        25.0000          .          
---- EQU epf5                .              .              .          1371.8842      
---- EQU eqf5                .              .              .            -5.7901      
---- EQU ept5                .              .              .          1373.1867      
---- EQU eqt5                .              .              .            -5.6695      
---- EQU esf5              -INF           45.4906        81.0000          .          
---- EQU est5              -INF           47.0638        81.0000          .          
---- EQU epf6                .              .              .          1383.4782      
---- EQU eqf6                .              .              .            -1.5487      
---- EQU ept6                .              .              .          1387.6361      
---- EQU eqt6                .              .              .             3.2234      
---- EQU esf6              -INF            1.7435        25.0000          .          
---- EQU est6              -INF            1.9080        25.0000          .          
---- EQU epf7                .              .              .          1383.4782      
---- EQU eqf7                .              .              .            -1.5487      
---- EQU ept7                .              .              .          1381.1442      
---- EQU eqt7                .              .              .            -0.7917      
---- EQU esf7              -INF            0.0129        25.0000          .          
---- EQU est7              -INF            0.0150        25.0000          .          
---- EQU epf8                .              .              .          1387.6361      
---- EQU eqf8                .              .              .             3.2234      
---- EQU ept8                .              .              .          1385.7451      
---- EQU eqt8                .              .              .             3.0891      
---- EQU esf8              -INF            1.6245        36.0000          .          
---- EQU est8              -INF            1.4676        36.0000          .          
---- EQU epf9                .              .              .          1387.6361      
---- EQU eqf9                .              .              .             3.2234      
---- EQU ept9                .              .              .          1381.5285      
---- EQU eqt9                .              .              .             2.6022      
---- EQU esf9              -INF            7.4155        25.0000          .          
---- EQU est9              -INF            7.3711        25.0000          .          
---- EQU epf10               .              .              .          1385.7451      
---- EQU eqf10               .              .              .             3.0891      
---- EQU ept10               .              .              .          1383.1393      
---- EQU eqt10               .              .              .             2.5922      
---- EQU esf10             -INF           27.9013       144.0000          .          
---- EQU est10             -INF           28.0004       144.0000          .          
---- EQU epf11               .              .              .          1385.7451      
---- EQU eqf11               .              .              .             3.0891      
---- EQU ept11               .              .              .          1394.4903      
---- EQU eqt11               .              .              .             4.6283      
---- EQU esf11             -INF           16.9753        81.0000          .          
---- EQU est11             -INF           16.8523        81.0000          .          
---- EQU epf12               .              .              .          1383.1393      
---- EQU eqf12               .              .              .             2.5922      
---- EQU ept12               .              .              .          1391.4511      
---- EQU eqt12               .              .              .             4.4538      
---- EQU esf12             -INF           26.7296        81.0000          .          
---- EQU est12             -INF           26.3647        81.0000          .          
---- EQU epf13               .              .              .          1383.1393      
---- EQU eqf13               .              .              .             2.5922      
---- EQU ept13               .              .              .          1376.2628      
---- EQU eqt13               .              .              .             1.6025      
---- EQU esf13             -INF           14.9263        23.0400          .          
---- EQU est13             -INF           14.9548        23.0400          .          
---- EQU epf14               .              .              .          1383.1393      
---- EQU eqf14               .              .              .             2.5922      
---- EQU ept14               .              .              .          1382.3532      
---- EQU eqt14               .              .              .             2.3686      
---- EQU esf14             -INF           43.8335       324.0000          .          
---- EQU est14             -INF           49.2775       324.0000          .          
---- EQU epf15               .              .              .          1391.4511      
---- EQU eqf15               .              .              .             4.4538      
---- EQU ept15               .              .              .          1394.4903      
---- EQU eqt15               .              .              .             4.6283      
---- EQU esf15             -INF            7.3012        81.0000          .          
---- EQU est15             -INF            7.3067        81.0000          .          
---- EQU epf16               .              .              .          1394.4903      
---- EQU eqf16               .              .              .             4.6283      
---- EQU ept16               .              .              .          1404.7451      
---- EQU eqt16               .              .              .            -0.8736      
---- EQU esf16             -INF            3.1616        81.0000          .          
---- EQU est16             -INF            2.6655        81.0000          .          
---- EQU epf17               .              .              .          1404.7451      
---- EQU eqf17               .              .              .            -0.8736      
---- EQU ept17               .              .              .          1409.1819      
---- EQU eqt17               .              .              .       1.3777679E-8      
---- EQU esf17             -INF            2.1322        81.0000          .          
---- EQU est17             -INF            3.8997        81.0000          .          
---- EQU epf18               .              .              .          1372.4483      
---- EQU eqf18               .              .              .             0.5557      
---- EQU ept18               .              .              .          1376.2628      
---- EQU eqt18               .              .              .             1.6025      
---- EQU esf18             -INF           15.5808        36.0000          .          
---- EQU est18             -INF           15.5784        36.0000          .          
---- EQU epf19               .              .              .          1372.4483      
---- EQU eqf19               .              .              .             0.5557      
---- EQU ept19               .              .              .          1375.2814      
---- EQU eqt19               .              .              .             1.4740      
---- EQU esf19             -INF            9.4158        36.0000          .          
---- EQU est19             -INF            9.4951        36.0000          .          
---- EQU epf20               .              .              .          1372.4483      
---- EQU eqf20               .              .              .             0.5557      
---- EQU ept20               .              .              .          1372.3077      
---- EQU eqt20               .              .              .             0.5138      
---- EQU esf20             -INF           49.0455        81.0000          .          
---- EQU est20             -INF           54.0448        81.0000          .          
---- EQU epf21               .              .              .          1375.9537      
---- EQU eqf21               .              .              .             3.4334      
---- EQU ept21               .              .              .          1376.2628      
---- EQU eqt21               .              .              .             1.6025      
---- EQU esf21             -INF            0.1982        25.0000          .          
---- EQU est21             -INF            0.2054        25.0000          .          
---- EQU epf22               .              .              .          1375.9537      
---- EQU eqf22               .              .              .             3.4334      
---- EQU ept22               .              .              .          1375.2814      
---- EQU eqt22               .              .              .             1.4740      
---- EQU esf22             -INF            0.1971        25.0000          .          
---- EQU est22             -INF            0.2042        25.0000          .          
---- EQU epf23               .              .              .          1375.2814      
---- EQU eqf23               .              .              .             1.4740      
---- EQU ept23               .              .              .          1381.5285      
---- EQU eqt23               .              .              .             2.6022      
---- EQU esf23             -INF            8.1926        36.0000          .          
---- EQU est23             -INF            8.3223        36.0000          .          
---- EQU epf24               .              .              .          1381.5285      
---- EQU eqf24               .              .              .             2.6022      
---- EQU ept24               .              .              .          1381.0151      
---- EQU eqt24               .              .              .             4.0968      
---- EQU esf24             -INF            0.0636        36.0000          .          
---- EQU est24             -INF            0.3917        36.0000          .          
---- EQU epf25               .              .              .          1381.0151      
---- EQU eqf25               .              .              .             4.0968      
---- EQU ept25               .              .              .          1373.3188      
---- EQU eqt25               .              .              .             1.7195      
---- EQU esf25             -INF           10.3287        36.0000          .          
---- EQU est25             -INF           10.2143        36.0000          .          
---- EQU epf26               .              .              .          1373.3188      
---- EQU eqf26               .              .              .             1.7195      
---- EQU ept26               .              .              .          1376.9358      
---- EQU eqt26               .              .              .            -0.5627      
---- EQU esf26             -INF            5.7206        36.0000          .          
---- EQU est26             -INF            5.6416        36.0000          .          
---- EQU epf27               .              .              .          1373.3188      
---- EQU eqf27               .              .              .             1.7195      
---- EQU ept27               .              .              .          1354.4827      
---- EQU eqt27               .              .              .             1.0285      
---- EQU esf27             -INF           22.2913        36.0000          .          
---- EQU est27             -INF           22.6385        36.0000          .          
---- EQU epf28               .              .              .          1373.3188      
---- EQU eqf28               .              .              .             1.7195      
---- EQU ept28               .              .              .          1365.8863      
---- EQU eqt28               .              .              .             2.8847      
---- EQU esf28             -INF           12.1966        36.0000          .          
---- EQU est28             -INF           12.3569        36.0000          .          
---- EQU epf29               .              .              .          1373.3188      
---- EQU eqf29               .              .              .             1.7195      
---- EQU ept29               .              .              .          1373.0156      
---- EQU eqt29               .              .              .             1.2829      
---- EQU esf29             -INF            0.9360        36.0000          .          
---- EQU est29             -INF            0.8303        36.0000          .          
---- EQU epf30               .              .              .          1376.9358      
---- EQU eqf30               .              .              .            -0.5627      
---- EQU ept30               .              .              .          1381.1442      
---- EQU eqt30               .              .              .            -0.7917      
---- EQU esf30             -INF            2.4498        36.0000          .          
---- EQU est30             -INF            2.4740        36.0000          .          
---- EQU epf31               .              .              .          1376.9358      
---- EQU eqf31               .              .              .            -0.5627      
---- EQU ept31               .              .              .          1375.3098      
---- EQU eqt31               .              .              .            -3.6043      
---- EQU esf31             -INF            0.7306        36.0000          .          
---- EQU est31             -INF            0.6352        36.0000          .          
---- EQU epf32               .              .              .          1354.4827      
---- EQU eqf32               .              .              .             1.0285      
---- EQU ept32               .              .              .          1357.9358      
---- EQU eqt32               .              .              .             2.2562      
---- EQU esf32             -INF            3.0768        81.0000          .          
---- EQU est32             -INF            3.0573        81.0000          .          
---- EQU epf33               .              .              .          1354.4827      
---- EQU eqf33               .              .              .             1.0285      
---- EQU ept33               .              .              .          1342.0580      
---- EQU eqt33               .              .              .             EPS         
---- EQU esf33             -INF           42.4055        81.0000          .          
---- EQU est33             -INF           43.8347        81.0000          .          
---- EQU epf34               .              .              .          1357.9358      
---- EQU eqf34               .              .              .             2.2562      
---- EQU ept34               .              .              .          1345.3913      
---- EQU eqt34               .              .              .             EPS         
---- EQU esf34             -INF           26.3866        81.0000          .          
---- EQU est34             -INF           27.7550        81.0000          .          
---- EQU epf35               .              .              .          1365.8863      
---- EQU eqf35               .              .              .             2.8847      
---- EQU ept35               .              .              .          1352.9869      
---- EQU eqt35               .              .              .             0.9016      
---- EQU esf35             -INF           39.2602        81.0000          .          
---- EQU est35             -INF           39.9717        81.0000          .          
---- EQU epf36               .              .              .          1352.9869      
---- EQU eqf36               .              .              .             0.9016      
---- EQU ept36               .              .              .          1353.3314      
---- EQU eqt36               .              .              .             2.0277      
---- EQU esf36             -INF            0.6050        36.0000          .          
---- EQU est36             -INF            0.9194        36.0000          .          
---- EQU epf37               .              .              .          1352.9869      
---- EQU eqf37               .              .              .             0.9016      
---- EQU ept37               .              .              .          1352.9087      
---- EQU eqt37               .              .              .             EPS         
---- EQU esf37             -INF           46.3410        81.0000          .          
---- EQU est37             -INF           48.7209        81.0000          .          
---- EQU epf38               .              .              .          1353.3314      
---- EQU eqf38               .              .              .             2.0277      
---- EQU ept38               .              .              .          1373.0156      
---- EQU eqt38               .              .              .             1.2829      
---- EQU esf38             -INF           13.4908        36.0000          .          
---- EQU est38             -INF           13.3051        36.0000          .          
---- EQU epf39               .              .              .          1353.3314      
---- EQU eqf39               .              .              .             2.0277      
---- EQU ept39               .              .              .          1345.9295      
---- EQU eqt39               .              .              .             EPS         
---- EQU esf39             -INF           33.5118        81.0000          .          
---- EQU est39             -INF           34.0076        81.0000          .          
---- EQU epf40               .              .              .          1344.7753      
---- EQU eqf40               .              .              .            -0.9106      
---- EQU ept40               .              .              .          1365.0904      
---- EQU eqt40               .              .              .            -7.9185      
---- EQU esf40             -INF            3.5058        36.0000          .          
---- EQU est40             -INF            3.2909        36.0000          .          
---- EQU epf41               .              .              .          1344.7753      
---- EQU eqf41               .              .              .            -0.9106      
---- EQU ept41               .              .              .          1336.3452      
---- EQU eqt41               .              .              .       1.3944525E-8      
---- EQU esf41             -INF           31.9764        81.0000          .          
---- EQU est41             -INF           31.8171        81.0000          .          
---- EQU epf42               .              .              .          1365.0904      
---- EQU eqf42               .              .              .            -7.9185      
---- EQU ept42               .              .              .          1375.3098      
---- EQU eqt42               .              .              .            -3.6043      
---- EQU esf42             -INF            4.3411        36.0000          .          
---- EQU est42             -INF            4.5745        36.0000          .          
---- EQU epf43               .              .              .          1365.0904      
---- EQU eqf43               .              .              .            -7.9185      
---- EQU ept43               .              .              .          1359.9041      
---- EQU eqt43               .              .              .            -3.9441      
---- EQU esf43             -INF            0.3790        36.0000          .          
---- EQU est43             -INF            0.6403        36.0000          .          
---- EQU epf44               .              .              .          1365.0904      
---- EQU eqf44               .              .              .            -7.9185      
---- EQU ept44               .              .              .          1351.2644      
---- EQU eqt44               .              .              .            -1.9615      
---- EQU esf44             -INF            1.2091        36.0000          .          
---- EQU est44             -INF            1.6715        36.0000          .          
---- EQU epf45               .              .              .          1359.9041      
---- EQU eqf45               .              .              .            -3.9441      
---- EQU ept45               .              .              .          1351.2644      
---- EQU eqt45               .              .              .            -1.9615      
---- EQU esf45             -INF            6.9074        36.0000          .          
---- EQU est45             -INF            7.0972        36.0000          .          
---- EQU epf46               .              .              .          1351.2644      
---- EQU eqf46               .              .              .            -1.9615      
---- EQU ept46               .              .              .          1338.0677      
---- EQU eqt46               .              .              .             EPS         
---- EQU esf46             -INF           43.2836       144.0000          .          
---- EQU est46             -INF           42.8834       144.0000          .          
---- EQU ep1                0.9760         0.9760         0.9760      1402.9732      
---- EQU eq1                0.4420         0.4420         0.4420        -1.2881      
---- EQU ep2                 .              .              .          1371.8842      
---- EQU eq2                 .              .              .            -5.7901      
---- EQU ep3                3.2200         3.2200         3.2200      1383.4782      
---- EQU eq3                0.0240         0.0240         0.0240        -1.5487      
---- EQU ep4                5.0000         5.0000         5.0000      1387.6361      
---- EQU eq4                1.8400         1.8400         1.8400         3.2234      
---- EQU ep5                 .              .              .          1385.7451      
---- EQU eq5                 .              .              .             3.0891      
---- EQU ep6                 .              .              .          1383.1393      
---- EQU eq6                 .              .              .             2.5922      
---- EQU ep7                2.3380         2.3380         2.3380      1391.4511      
---- EQU eq7                0.8400         0.8400         0.8400         4.4538      
---- EQU ep8                5.2200         5.2200         5.2200      1394.4903      
---- EQU eq8                1.7660         1.7660         1.7660         4.6283      
---- EQU ep9                0.0650         0.0650         0.0650      1404.7451      
---- EQU eq9               -0.6660        -0.6660        -0.6660        -0.8736      
---- EQU ep10                .              .              .          1372.4483      
---- EQU eq10                .              .              .             0.5557      
---- EQU ep11                .              .              .          1376.2628      
---- EQU eq11                .              .              .             1.6025      
---- EQU ep12               0.0853         0.0853         0.0853      1375.9537      
---- EQU eq12               0.8800         0.8800         0.8800         3.4334      
---- EQU ep13                .              .              .          1375.2814      
---- EQU eq13                .              .              .             1.4740      
---- EQU ep14                .              .              .          1381.5285      
---- EQU eq14                .              .              .             2.6022      
---- EQU ep15               3.2000         3.2000         3.2000      1381.0151      
---- EQU eq15               1.5300         1.5300         1.5300         4.0968      
---- EQU ep16               3.2900         3.2900         3.2900      1373.3188      
---- EQU eq16               0.3230         0.3230         0.3230         1.7195      
---- EQU ep17                .              .              .          1376.9358      
---- EQU eq17                .              .              .            -0.5627      
---- EQU ep18               1.5800         1.5800         1.5800      1381.1442      
---- EQU eq18               0.3000         0.3000         0.3000        -0.7917      
---- EQU ep19                .              .              .          1354.4827      
---- EQU eq19                .              .              .             1.0285      
---- EQU ep20               6.8000         6.8000         6.8000      1357.9358      
---- EQU eq20               1.0300         1.0300         1.0300         2.2562      
---- EQU ep21               2.7400         2.7400         2.7400      1365.8863      
---- EQU eq21               1.1500         1.1500         1.1500         2.8847      
---- EQU ep22                .              .              .          1352.9869      
---- EQU eq22                .              .              .             0.9016      
---- EQU ep23               2.4750         2.4750         2.4750      1353.3314      
---- EQU eq23               0.8460         0.8460         0.8460         2.0277      
---- EQU ep24               3.0860         3.0860         3.0860      1373.0156      
---- EQU eq24              -0.9220        -0.9220        -0.9220         1.2829      
---- EQU ep25               2.2400         2.2400         2.2400      1344.7753      
---- EQU eq25               0.4720         0.4720         0.4720        -0.9106      
---- EQU ep26               1.3900         1.3900         1.3900      1365.0904      
---- EQU eq26               0.1700         0.1700         0.1700        -7.9185      
---- EQU ep27               2.8100         2.8100         2.8100      1375.3098      
---- EQU eq27               0.7550         0.7550         0.7550        -3.6043      
---- EQU ep28               2.0600         2.0600         2.0600      1359.9041      
---- EQU eq28               0.2760         0.2760         0.2760        -3.9441      
---- EQU ep29               2.8350         2.8350         2.8350      1351.2644      
---- EQU eq29               0.2690         0.2690         0.2690        -1.9615      
---- EQU ep30                .              .              .          1373.1867      
---- EQU eq30                .              .              .            -5.6695      
---- EQU ep31               0.0920         0.0920         0.0920      1382.3532      
---- EQU eq31               0.0460         0.0460         0.0460         2.3686      
---- EQU ep32                .              .              .          1372.3077      
---- EQU eq32                .              .              .             0.5138      
---- EQU ep33                .              .              .          1342.0580      
---- EQU eq33                .              .              .             EPS         
---- EQU ep34                .              .              .          1345.3913      
---- EQU eq34                .              .              .             EPS         
---- EQU ep35                .              .              .          1352.9087      
---- EQU eq35                .              .              .             EPS         
---- EQU ep36                .              .              .          1345.9295      
---- EQU eq36                .              .              .             EPS         
---- EQU ep37                .              .              .          1336.3452      
---- EQU eq37                .              .              .       1.3944525E-8      
---- EQU ep38                .              .              .          1338.0677      
---- EQU eq38                .              .              .             EPS         
---- EQU ep39              11.0400        11.0400        11.0400      1409.1819      
---- EQU eq39               2.5000         2.5000         2.5000         EPS         

---- VAR vm  

           LOWER          LEVEL          UPPER         MARGINAL

b1          0.9400         1.0412         1.0600          .          
b2          0.9400         1.0544         1.0600          .          
b3          0.9400         1.0455         1.0600          .          
b4          0.9400         1.0354         1.0600          .          
b5          0.9400         1.0440         1.0600          .          
b6          0.9400         1.0480         1.0600          .          
b7          0.9400         1.0357         1.0600          .          
b8          0.9400         1.0338         1.0600          .          
b9          0.9400         1.0566         1.0600          .          
b10         0.9400         1.0598         1.0600          .          
b11         0.9400         1.0546         1.0600          .          
b12         0.9400         1.0421         1.0600          .          
b13         0.9400         1.0543         1.0600          .          
b14         0.9400         1.0449         1.0600          .          
b15         0.9400         1.0359         1.0600          .          
b16         0.9400         1.0464         1.0600          .          
b17         0.9400         1.0474         1.0600          .          
b18         0.9400         1.0455         1.0600          .          
b19         0.9400         1.0600         1.0600      -149.8883      
b20         0.9400         0.9968         1.0600          .          
b21         0.9400         1.0441         1.0600          .          
b22         0.9400         1.0596         1.0600          .          
b23         0.9400         1.0522         1.0600          .          
b24         0.9400         1.0508         1.0600          .          
b25         0.9400         1.0600         1.0600      -337.1801      
b26         0.9400         1.0600         1.0600      -481.6329      
b27         0.9400         1.0487         1.0600          .          
b28         0.9400         1.0554         1.0600          .          
b29         0.9400         1.0532         1.0600          .          
b30         0.9400         1.0463         1.0600          .          
b31         0.9400         1.0385         1.0600          .          
b32         0.9400         1.0398         1.0600          .          
b33         0.9400         1.0072         1.0600          .          
b34         0.9400         1.0132         1.0600          .          
b35         0.9400         1.0600         1.0600       -65.4269      
b36         0.9400         1.0600         1.0600       -89.7753      
b37         0.9400         1.0316         1.0600          .          
b38         0.9400         1.0227         1.0600          .          
b39         0.9400         1.0381         1.0600          .          

---- VAR va  

           LOWER          LEVEL          UPPER         MARGINAL

b1         -INF           -0.2334        +INF             .          
b2         -INF           -0.0948        +INF             .          
b3         -INF           -0.1567        +INF             .          
b4         -INF           -0.1814        +INF             .          
b5         -INF           -0.1692        +INF             .          
b6         -INF           -0.1572        +INF             .          
b7         -INF           -0.1993        +INF             .          
b8         -INF           -0.2108        +INF             .          
b9         -INF           -0.2632        +INF             .          
b10        -INF           -0.1147        +INF             .          
b11        -INF           -0.1291        +INF             .          
b12        -INF           -0.1282        +INF             .          
b13        -INF           -0.1253        +INF             .          
b14        -INF           -0.1502        +INF             .          
b15        -INF           -0.1519        +INF             .          
b16        -INF           -0.1259        +INF             .          
b17        -INF           -0.1452        +INF             .          
b18        -INF           -0.1569        +INF             .          
b19        -INF           -0.0432        +INF             .          
b20        -INF           -0.0672        +INF             .          
b21        -INF           -0.0825        +INF             .          
b22        -INF           -0.0041        +INF             .          
b23        -INF           -0.0067        +INF             .          
b24        -INF           -0.1231        +INF             .          
b25        -INF           -0.0793        +INF             .          
b26        -INF           -0.1321        +INF             .          
b27        -INF           -0.1580        +INF             .          
b28        -INF           -0.1082        +INF             .          
b29        -INF           -0.0721        +INF             .          
b30        -INF            0.0183        +INF             .          
b31          .              .              .       5.381064E-10      
b32        -INF            0.0161        +INF             .          
b33        -INF            0.0490        +INF             .          
b34        -INF            0.0230        +INF             .          
b35        -INF            0.0824        +INF             .          
b36        -INF            0.1349        +INF             .          
b37        -INF            0.0436        +INF             .          
b38        -INF            0.0254        +INF             .          
b39        -INF           -0.2957        +INF             .          

---- VAR pg  

           LOWER          LEVEL          UPPER         MARGINAL

g1           .             6.7159        10.4000          .          
g2           .             6.4600         6.4600       -60.3532      
g3           .             6.7115         7.2500          .          
g4           .             6.5200         6.5200        -8.0580      
g5           .             5.0800         5.0800      -299.3913      
g6           .             6.6145         6.8700          .          
g7           .             5.8000         5.8000      -155.9295      
g8           .             5.6400         5.6400      -178.3452      
g9           .             6.5403         8.6500          .          
g10          .             6.8959        11.0000          .          

---- VAR qg  

           LOWER          LEVEL          UPPER         MARGINAL

g1          1.4000         1.4000         4.0000         5.6695      
g2         -1.0000         3.0000         3.0000        -2.3686      
g3          1.5000         3.0000         3.0000        -0.5138      
g4           .             1.1508         2.5000          .          
g5           .             1.3959         1.6700         EPS         
g6         -1.0000         2.2291         3.0000          .          
g7           .             0.6063         2.4000          .          
g8           .             0.0864         2.5000   -1.394452E-8      
g9         -1.5000        -0.3277         3.0000          .          
g10        -1.0000         0.8209         3.0000   -1.377768E-8      

---- VAR pf  

           LOWER          LEVEL          UPPER         MARGINAL

l1         -INF           -3.6711        +INF             .          
l2         -INF            2.6951        +INF             .          
l3         -INF            4.5438        +INF             .          
l4         -INF           -1.5427        +INF             .          
l5         -INF           -6.7159        +INF             .          
l6         -INF            1.2823        +INF      5.4662905E-9      
l7         -INF            0.0173        +INF             .          
l8         -INF           -1.0704        +INF             .          
l9         -INF           -2.6495        +INF             .          
l10        -INF           -5.1392        +INF             .          
l11        -INF            4.0676        +INF             .          
l12        -INF            5.0496        +INF             .          
l13        -INF           -3.8258        +INF             .          
l14        -INF           -6.3680        +INF             .          
l15        -INF            2.6969        +INF             .          
l16        -INF            1.5292        +INF             .          
l17        -INF            1.4581        +INF             .          
l18        -INF            3.8369        +INF             .          
l19        -INF            2.8746        +INF             .          
l20        -INF           -6.7115        +INF             .          
l21        -INF            0.0043        +INF             .          
l22        -INF           -0.0896        +INF             .          
l23        -INF            2.7814        +INF             .          
l24        -INF            0.1197        +INF             .          
l25        -INF           -3.0806        +INF             .          
l26        -INF            2.3650        +INF             .          
l27        -INF           -4.7108        +INF             .          
l28        -INF           -3.4775        +INF             .          
l29        -INF           -0.5559        +INF             .          
l30        -INF            1.5643        +INF             .          
l31        -INF            0.7970        +INF             .          
l32        -INF            1.7465        +INF             .          
l33        -INF           -6.4898        +INF             .          
l34        -INF           -5.0557        +INF             .          
l35        -INF           -6.2265        +INF             .          
l36        -INF            0.3594        +INF             .          
l37        -INF           -6.6145        +INF             .          
l38        -INF            3.6689        +INF             .          
l39        -INF           -5.7849        +INF             .          
l40        -INF            1.8222        +INF             .          
l41        -INF           -5.6221        +INF             .          
l42        -INF            2.0193        +INF             .          
l43        -INF           -0.5492        +INF             .          
l44        -INF           -1.0474        +INF             .          
l45        -INF           -2.6105        +INF             .          
l46        -INF           -6.5075        +INF             .          

---- VAR qf  

           LOWER          LEVEL          UPPER         MARGINAL

l1         -INF           -0.1438        +INF             .          
l2         -INF           -0.2982        +INF             .          
l3         -INF            0.2255        +INF             .          
l4         -INF            0.5068        +INF             .          
l5         -INF           -0.6219        +INF             .          
l6         -INF            0.3151        +INF             .          
l7         -INF           -0.1123        +INF             .          
l8         -INF           -0.6919        +INF             .          
l9         -INF           -0.6291        +INF             .          
l10        -INF           -1.2208        +INF             .          
l11        -INF            0.6557        +INF             .          
l12        -INF            1.1097        +INF             .          
l13        -INF           -0.5377        +INF             .          
l14        -INF           -1.8117        +INF             .          
l15        -INF            0.1672        +INF             .          
l16        -INF           -0.9072        +INF             .          
l17        -INF            0.0781        +INF             .          
l18        -INF            0.9267        +INF             .          
l19        -INF            1.0735        +INF             .          
l20        -INF           -2.0002        +INF             .          
l21        -INF           -0.4451        +INF             .          
l22        -INF           -0.4349        +INF             .          
l23        -INF            0.6757        +INF             .          
l24        -INF            0.2221        +INF             .          
l25        -INF           -0.9156        +INF             .          
l26        -INF           -0.3571        +INF             .          
l27        -INF           -0.3156        +INF             .          
l28        -INF            0.3223        +INF             .          
l29        -INF           -0.7918        +INF             .          
l30        -INF            0.0525        +INF             .          
l31        -INF           -0.3087        +INF             .          
l32        -INF            0.1632        +INF             .          
l33        -INF           -0.5372        +INF             .          
l34        -INF           -0.9093        +INF             .          
l35        -INF           -0.7011        +INF             .          
l36        -INF            0.6898        +INF             .          
l37        -INF           -1.6090        +INF             .          
l38        -INF           -0.1738        +INF             .          
l39        -INF            0.2170        +INF             .          
l40        -INF           -0.4304        +INF             .          
l41        -INF            0.6073        +INF             .          
l42        -INF            0.5132        +INF             .          
l43        -INF           -0.2782        +INF             .          
l44        -INF           -0.3347        +INF             .          
l45        -INF            0.3048        +INF             .          
l46        -INF            0.9672        +INF             .          

---- VAR pt  

           LOWER          LEVEL          UPPER         MARGINAL

l1         -INF            3.7148        +INF             .          
l2         -INF           -2.6884        +INF             .          
l3         -INF           -4.5195        +INF             .          
l4         -INF            1.5598        +INF             .          
l5         -INF            6.7159        +INF             .          
l6         -INF           -1.2801        +INF             .          
l7         -INF           -0.0173        +INF      -5.948550E-9      
l8         -INF            1.0716        +INF             .          
l9         -INF            2.6550        +INF             .          
l10        -INF            5.1443        +INF             .          
l11        -INF           -4.0551        +INF             .          
l12        -INF           -5.0349        +INF             .          
l13        -INF            3.8353        +INF             .          
l14        -INF            6.3680        +INF             .          
l15        -INF           -2.6942        +INF             .          
l16        -INF           -1.5231        +INF             .          
l17        -INF           -1.4557        +INF             .          
l18        -INF           -3.8313        +INF             .          
l19        -INF           -2.8712        +INF             .          
l20        -INF            6.7115        +INF             .          
l21        -INF           -0.0040        +INF             .          
l22        -INF            0.0899        +INF             .          
l23        -INF           -2.7746        +INF             .          
l24        -INF           -0.1194        +INF             .          
l25        -INF            3.0892        +INF             .          
l26        -INF           -2.3614        +INF             .          
l27        -INF            4.7433        +INF             .          
l28        -INF            3.4865        +INF             .          
l29        -INF            0.5561        +INF             .          
l30        -INF           -1.5627        +INF             .          
l31        -INF           -0.7963        +INF      2.1739197E-9      
l32        -INF           -1.7443        +INF             .          
l33        -INF            6.5200        +INF             .          
l34        -INF            5.0800        +INF             .          
l35        -INF            6.2551        +INF             .          
l36        -INF           -0.3590        +INF             .          
l37        -INF            6.6145        +INF             .          
l38        -INF           -3.6421        +INF             .          
l39        -INF            5.8000        +INF             .          
l40        -INF           -1.8127        +INF             .          
l41        -INF            5.6400        +INF             .          
l42        -INF           -2.0137        +INF             .          
l43        -INF            0.5505        +INF             .          
l44        -INF            1.0533        +INF             .          
l45        -INF            2.6193        +INF             .          
l46        -INF            6.5403        +INF             .          

---- VAR qt  

           LOWER          LEVEL          UPPER         MARGINAL

l1         -INF           -0.1104        +INF             .          
l2         -INF           -0.3447        +INF             .          
l3         -INF           -0.2268        +INF             .          
l4         -INF           -0.6489        +INF             .          
l5         -INF            1.4000        +INF             .          
l6         -INF           -0.5190        +INF             .          
l7         -INF           -0.1214        +INF             .          
l8         -INF            0.5651        +INF             .          
l9         -INF            0.5677        +INF             .          
l10        -INF            1.2397        +INF             .          
l11        -INF           -0.6394        +INF             .          
l12        -INF           -1.0072        +INF             .          
l13        -INF            0.4951        +INF             .          
l14        -INF            2.9540        +INF             .          
l15        -INF           -0.2194        +INF             .          
l16        -INF            0.5879        +INF             .          
l17        -INF           -1.3344        +INF             .          
l18        -INF           -0.9483        +INF             .          
l19        -INF           -1.1185        +INF             .          
l20        -INF            3.0000        +INF             .          
l21        -INF            0.4532        +INF             .          
l22        -INF            0.4429        +INF             .          
l23        -INF           -0.7898        +INF             .          
l24        -INF           -0.6144        +INF             .          
l25        -INF            0.8193        +INF             .          
l26        -INF            0.2561        +INF             .          
l27        -INF            0.3740        +INF             .          
l28        -INF           -0.4489        +INF             .          
l29        -INF            0.7218        +INF             .          
l30        -INF           -0.1786        +INF             .          
l31        -INF           -0.0343        +INF             .          
l32        -INF           -0.1207        +INF             .          
l33        -INF            1.1508        +INF             .          
l34        -INF            1.3959        +INF             .          
l35        -INF            0.9192        +INF             .          
l36        -INF           -0.8891        +INF             .          
l37        -INF            2.2291        +INF             .          
l38        -INF            0.2002        +INF             .          
l39        -INF            0.6063        +INF             .          
l40        -INF           -0.0703        +INF             .          
l41        -INF            0.0864        +INF             .          
l42        -INF           -0.7207        +INF             .          
l43        -INF           -0.5808        +INF             .          
l44        -INF           -0.7497        +INF             .          
l45        -INF           -0.4865        +INF             .          
l46        -INF           -0.3277        +INF             .          

                           LOWER          LEVEL          UPPER         MARGINAL

---- VAR obj               -INF        41864.1778        +INF             .          


**** REPORT SUMMARY :        0     NONOPT
                             0 INFEASIBLE
                             0  UNBOUNDED
                             0     ERRORS
GAMS 54.3.1  61154be4 Aug 21, 2026          LEX-LEG x86 64bit/Linux - 10/01/26 23:46:02 Page 6
G e n e r a l   A l g e b r a i c   M o d e l i n g   S y s t e m
E x e c u t i o n


**** REPORT FILE SUMMARY

res /workspace/minlp-notes/research-20260929/publication/reviews/lit-network-r1/opf/case39/res_conopt.txt


EXECUTION TIME       =        0.225 SECONDS      4 MB  54.3.1 61154be4 LEX-LEG


USER: [REDACTED]
      License for teaching and research at degree granting institutions


**** FILE SUMMARY

Input      /workspace/minlp-notes/research-20260929/publication/reviews/lit-network-r1/opf/case39/opf.gms
Output     /workspace/minlp-notes/research-20260929/publication/reviews/lit-network-r1/opf/case39/opf.lst
