GAMS 54.3.1  61154be4 Aug 21, 2026          LEX-LEG x86 64bit/Linux - 10/02/26 20:11:47 Page 1
G e n e r a l   A l g e b r a i c   M o d e l i n g   S y s t e m
C o m p i l a t i o n




COMPILATION TIME     =        0.008 SECONDS      3 MB  54.3.1 61154be4 LEX-LEG
GAMS 54.3.1  61154be4 Aug 21, 2026          LEX-LEG x86 64bit/Linux - 10/02/26 20:11:47 Page 2
G e n e r a l   A l g e b r a i c   M o d e l i n g   S y s t e m
Range Statistics    SOLVE m Using MINLP From line 5041


RANGE STATISTICS (ABSOLUTE NON-ZERO FINITE VALUES)

RHS       [min, max] : [ 2.000E-01, 2.000E+03] - Zero values observed as well
Bound     [min, max] : [ 1.250E-01, 1.000E+03] - Zero values observed as well
Matrix    [min, max] : [ 1.326E-01, 3.600E+03] - Zero values observed as well

GAMS 54.3.1  61154be4 Aug 21, 2026          LEX-LEG x86 64bit/Linux - 10/02/26 20:11:47 Page 3
G e n e r a l   A l g e b r a i c   M o d e l i n g   S y s t e m
Model Statistics    SOLVE m Using MINLP From line 5041


MODEL STATISTICS

BLOCKS OF EQUATIONS       1,853     SINGLE EQUATIONS        1,853
BLOCKS OF VARIABLES       1,495     SINGLE VARIABLES        1,495  276 projected
NON ZERO ELEMENTS         4,918     NON LINEAR N-Z            909
CODE LENGTH               2,458     CONSTANT POOL              16     DISCRETE VARIABLES         81


GENERATION TIME      =        0.011 SECONDS      4 MB  54.3.1 61154be4 LEX-LEG
GAMS 54.3.1  61154be4 Aug 21, 2026          LEX-LEG x86 64bit/Linux - 10/02/26 20:11:47 Page 4
G e n e r a l   A l g e b r a i c   M o d e l i n g   S y s t e m
Solution Report     SOLVE m Using MINLP From line 5041


               S O L V E      S U M M A R Y

     MODEL   m                   OBJECTIVE  objvar
     TYPE    MINLP               DIRECTION  MINIMIZE
     SOLVER  CONVERT             FROM LINE  5041

**** SOLVER STATUS     1 Normal Completion
**** MODEL STATUS      14 No Solution Returned
**** OBJECTIVE VALUE                0.0000

 RESOURCE USAGE, LIMIT          0.012 10000000000.000
 ITERATION COUNT, LIMIT         0    2147483647
 EVALUATION ERRORS              0             0

--- Reading option file '/workspace/minlp-notes/research-20260929/publication/reviews/minlplib-st
---     atus-r1/conv/waterno2_09.cur/convert.opt':
--- Setting 'OSiL': out.osil
--- Setting 'Gams': scalar.gms

--- Writing Gams      : scalar.gms
--- Writing OSiL      : out.osil


No solution returned


EXECUTION TIME       =        0.040 SECONDS      4 MB  54.3.1 61154be4 LEX-LEG


USER: [REDACTED]
      License for teaching and research at degree granting institutions


**** FILE SUMMARY

Input      /workspace/minlp-notes/research-20260929/publication/reviews/minlplib-status-r1/conv/waterno2_09.cur/m.gms
Output     /workspace/minlp-notes/research-20260929/publication/reviews/minlplib-status-r1/conv/waterno2_09.cur/out.lst
