GAMS 54.3.1  61154be4 Aug 21, 2026          LEX-LEG x86 64bit/Linux - 10/02/26 18:59:38 Page 1
G e n e r a l   A l g e b r a i c   M o d e l i n g   S y s t e m
C o m p i l a t i o n


   1  * Own transcription of Coleman-Liao problem 5 / CUTEst DTOC5 with coefficient c on h*y^2
   2  * (c=1: source model; c=4: MINLPLib/QPLIB 8585 variant).  y(1)=1, h=1/N.
   5  Set t /1*10/; Set tt(t); tt(t) = yes$(ord(t) < card(t));
   6  Scalar h; h = 1/10;
   7  Variables x(t), y(t), f;
   8  Equations obj, dyn(t);
   9  obj.. f =e= h*sum(tt, sqr(y(tt)) + sqr(x(tt)));
  10  dyn(tt(t)).. y(t+1) =e= y(t) + 1*h*sqr(y(t)) - h*x(t);
  11  y.fx('1') = 1; x.l(t) = 1; y.l(t) = 1;
  12  x.fx(t)$(not tt(t)) = 0;
  13  Model m /all/;
  14  option nlp=ipopt;
  15  Solve m using nlp minimizing f;
  16  file res /'dtoc5_10_1_ipopt.txt'/; put res; put 'N=10 c=1 solver=ipopt obj=' f.l:22:12 ' ms=' m.modelstat:3:0 ' ss=' m.solvestat:3:0 /; putclose;


COMPILATION TIME     =        0.001 SECONDS      3 MB  54.3.1 61154be4 LEX-LEG
GAMS 54.3.1  61154be4 Aug 21, 2026          LEX-LEG x86 64bit/Linux - 10/02/26 18:59:38 Page 2
G e n e r a l   A l g e b r a i c   M o d e l i n g   S y s t e m
Equation Listing    SOLVE m Using NLP From line 15


---- obj  =E=  

obj..  - (0.2)*x(1) - (0.2)*x(2) - (0.2)*x(3) - (0.2)*x(4) - (0.2)*x(5) - (0.2)*x(6) - (0.2)*x(7) - (0.2)*x(8) - (0.2)*x(9) - (0.2)*y(1) - (0.2)*y(2) - (0.2)*y(3) - (0.2)*y(4) - (0.2)*y(5) - (0.2)*y(6) - (0.2)*y(7) - (0.2)*y(8) - (0.2)*y(9) + f =E= 0 ; (LHS = -1.8, INFES = 1.8 ****)
     

---- dyn  =E=  

dyn(1)..  0.1*x(1) - (1.2)*y(1) + y(2) =E= 0 ; (LHS = 0)
     
dyn(2)..  0.1*x(2) - (1.2)*y(2) + y(3) =E= 0 ; (LHS = 0)
     
dyn(3)..  0.1*x(3) - (1.2)*y(3) + y(4) =E= 0 ; (LHS = 0)
     
REMAINING 6 ENTRIES SKIPPED

GAMS 54.3.1  61154be4 Aug 21, 2026          LEX-LEG x86 64bit/Linux - 10/02/26 18:59:38 Page 3
G e n e r a l   A l g e b r a i c   M o d e l i n g   S y s t e m
Column Listing      SOLVE m Using NLP From line 15


---- x  

x(1)
                (.LO, .L, .UP, .M = -INF, 1, +INF, 0)
      (-0.2)    obj
        0.1     dyn(1)

x(2)
                (.LO, .L, .UP, .M = -INF, 1, +INF, 0)
      (-0.2)    obj
        0.1     dyn(2)

x(3)
                (.LO, .L, .UP, .M = -INF, 1, +INF, 0)
      (-0.2)    obj
        0.1     dyn(3)

REMAINING 6 ENTRIES SKIPPED

---- y  

y(1)
                (.LO, .L, .UP, .M = 1, 1, 1, 0)
      (-0.2)    obj
      (-1.2)    dyn(1)

y(2)
                (.LO, .L, .UP, .M = -INF, 1, +INF, 0)
      (-0.2)    obj
        1       dyn(1)
      (-1.2)    dyn(2)

y(3)
                (.LO, .L, .UP, .M = -INF, 1, +INF, 0)
      (-0.2)    obj
        1       dyn(2)
      (-1.2)    dyn(3)

REMAINING 7 ENTRIES SKIPPED

---- f  

f
                (.LO, .L, .UP, .M = -INF, 0, +INF, 0)
        1       obj

GAMS 54.3.1  61154be4 Aug 21, 2026          LEX-LEG x86 64bit/Linux - 10/02/26 18:59:38 Page 4
G e n e r a l   A l g e b r a i c   M o d e l i n g   S y s t e m
Model Statistics    SOLVE m Using NLP From line 15


MODEL STATISTICS

BLOCKS OF EQUATIONS           2     SINGLE EQUATIONS           10
BLOCKS OF VARIABLES           3     SINGLE VARIABLES           20
NON ZERO ELEMENTS            46     NON LINEAR N-Z             27
CODE LENGTH                 121     CONSTANT POOL              16


GENERATION TIME      =        0.002 SECONDS      4 MB  54.3.1 61154be4 LEX-LEG
GAMS 54.3.1  61154be4 Aug 21, 2026          LEX-LEG x86 64bit/Linux - 10/02/26 18:59:38 Page 5
G e n e r a l   A l g e b r a i c   M o d e l i n g   S y s t e m
Solution Report     SOLVE m Using NLP From line 15


               S O L V E      S U M M A R Y

     MODEL   m                   OBJECTIVE  f
     TYPE    NLP                 DIRECTION  MINIMIZE
     SOLVER  IPOPT               FROM LINE  15

**** SOLVER STATUS     1 Normal Completion
**** MODEL STATUS      2 Locally Optimal
**** OBJECTIVE VALUE                1.4519

 RESOURCE USAGE, LIMIT          0.052 10000000000.000
 ITERATION COUNT, LIMIT         3    2147483647
 EVALUATION ERRORS              0             0

COIN-OR Ipopt    54.3.1 61154be4 Aug 21, 2026          LEG x86 64bit/Linux    

                           LOWER          LEVEL          UPPER         MARGINAL

---- EQU obj                 .              .              .             1.0000      

---- EQU dyn  

         LOWER          LEVEL          UPPER         MARGINAL

1          .              .              .             3.1190      
2          .       -2.22045E-16          .             2.4648      
3          .       -6.66134E-16          .             1.9314      
4          .       -1.88738E-15          .             1.4858      
5          .       -5.44009E-15          .             1.1059      
6          .       -7.10543E-15          .             0.7761      
7          .              .              .             0.4861      
8          .       -3.35287E-14          .             0.2289      
9          .       -2.69784E-13          .             EPS         

---- VAR x  

         LOWER          LEVEL          UPPER         MARGINAL

1        -INF            1.5595        +INF            EPS         
2        -INF            1.2324        +INF            EPS         
3        -INF            0.9657        +INF            EPS         
4        -INF            0.7429        +INF            EPS         
5        -INF            0.5529        +INF            EPS         
6        -INF            0.3881        +INF            EPS         
7        -INF            0.2431        +INF            EPS         
8        -INF            0.1145        +INF            EPS         
9        -INF             .            +INF            EPS         

---- VAR y  

          LOWER          LEVEL          UPPER         MARGINAL

1          1.0000         1.0000         1.0000         3.9428      
2         -INF            0.9440        +INF            EPS         
3         -INF            0.9099        +INF            EPS         
4         -INF            0.8962        +INF            EPS         
5         -INF            0.9022        +INF            EPS         
6         -INF            0.9283        +INF            EPS         
7         -INF            0.9756        +INF            EPS         
8         -INF            1.0465        +INF            EPS         
9         -INF            1.1446        +INF            EPS         
10        -INF            1.2756        +INF            EPS         

                           LOWER          LEVEL          UPPER         MARGINAL

---- VAR f                 -INF            1.4519        +INF             .          


**** REPORT SUMMARY :        0     NONOPT
                             0 INFEASIBLE
                             0  UNBOUNDED
                             0     ERRORS
GAMS 54.3.1  61154be4 Aug 21, 2026          LEX-LEG x86 64bit/Linux - 10/02/26 18:59:38 Page 6
G e n e r a l   A l g e b r a i c   M o d e l i n g   S y s t e m
E x e c u t i o n


**** REPORT FILE SUMMARY

res /workspace/minlp-notes/research-20260929/publication/reviews/lit-control-r1/gms/dtoc5_10_1_ipopt.txt


EXECUTION TIME       =        0.148 SECONDS      4 MB  54.3.1 61154be4 LEX-LEG


USER: [REDACTED]
      License for teaching and research at degree granting institutions


**** FILE SUMMARY

Input      /workspace/minlp-notes/research-20260929/publication/reviews/lit-control-r1/gms/dtoc5.gms
Output     /workspace/minlp-notes/research-20260929/publication/reviews/lit-control-r1/gms/dtoc5_10_1.lst
