GAMS 54.3.1  61154be4 Aug 21, 2026          LEX-LEG x86 64bit/Linux - 10/02/26 18:59:40 Page 1
G e n e r a l   A l g e b r a i c   M o d e l i n g   S y s t e m
C o m p i l a t i o n


   3  Set t /0*10/; Set tc(t); tc(t)=yes$(ord(t)<card(t));
   4  Scalar dt; dt = 20/10;
   5  Variables x(t), y(t), u(t), f;
   6  Equations obj, e1(t), e2(t);
   7  obj.. f =e= (dt/2)*sum(t, sqr(x(t)));
   8  e1(tc(t)).. x(t+1) - x(t) - dt*y(t) =e= 0;
   9  e2(tc(t)).. y(t+1) - y(t) - dt*u(t) + 0.02*dt*x(t) + 0.05*dt*sqr(y(t)) =e= 0;
  10  y.lo(t) = -1; u.lo(t) = -0.2; u.up(t) = 0.2;
  11  x.fx('0') = 10; y.fx('0') = 0; y.fx('10') = 0;
  12  y.l(t)$(ord(t)>1 and ord(t)<card(t)) = -1;
  13  Model m /all/; m.optfile=0;
  14  option nlp=ipopt;
  15  Solve m using nlp minimizing f;
  16  file res /'optc_10_0.05.txt'/; put res; put 'T=10 D=0.05 obj=' f.l:20:10 ' ms=' m.modelstat:3:0 ' ss=' m.solvestat:3:0 /; putclose;


COMPILATION TIME     =        0.000 SECONDS      3 MB  54.3.1 61154be4 LEX-LEG
GAMS 54.3.1  61154be4 Aug 21, 2026          LEX-LEG x86 64bit/Linux - 10/02/26 18:59:40 Page 2
G e n e r a l   A l g e b r a i c   M o d e l i n g   S y s t e m
Equation Listing    SOLVE m Using NLP From line 15


---- obj  =E=  

obj..  - (20)*x(0) + (0)*x(1) + (0)*x(2) + (0)*x(3) + (0)*x(4) + (0)*x(5) + (0)*x(6) + (0)*x(7) + (0)*x(8) + (0)*x(9) + (0)*x(10) + f =E= 0 ; (LHS = -100, INFES = 100 ****)
     

---- e1  =E=  

e1(0)..  - x(0) + x(1) - 2*y(0) =E= 0 ; (LHS = -10, INFES = 10 ****)
     
e1(1)..  - x(1) + x(2) - 2*y(1) =E= 0 ; (LHS = 2, INFES = 2 ****)
     
e1(2)..  - x(2) + x(3) - 2*y(2) =E= 0 ; (LHS = 2, INFES = 2 ****)
     
REMAINING 7 ENTRIES SKIPPED


---- e2  =E=  

e2(0)..  0.04*x(0) - (1)*y(0) + y(1) - 2*u(0) =E= 0 ; (LHS = -0.6, INFES = 0.6 ****)
     
e2(1)..  0.04*x(1) - (1.2)*y(1) + y(2) - 2*u(1) =E= 0 ; (LHS = 0.1, INFES = 0.1 ****)
     
e2(2)..  0.04*x(2) - (1.2)*y(2) + y(3) - 2*u(2) =E= 0 ; (LHS = 0.1, INFES = 0.1 ****)
     
REMAINING 7 ENTRIES SKIPPED

GAMS 54.3.1  61154be4 Aug 21, 2026          LEX-LEG x86 64bit/Linux - 10/02/26 18:59:40 Page 3
G e n e r a l   A l g e b r a i c   M o d e l i n g   S y s t e m
Column Listing      SOLVE m Using NLP From line 15


---- x  

x(0)
                (.LO, .L, .UP, .M = 10, 10, 10, 0)
     (-20)      obj
       -1       e1(0)
        0.04    e2(0)

x(1)
                (.LO, .L, .UP, .M = -INF, 0, +INF, 0)
       (0)      obj
        1       e1(0)
       -1       e1(1)
        0.04    e2(1)

x(2)
                (.LO, .L, .UP, .M = -INF, 0, +INF, 0)
       (0)      obj
        1       e1(1)
       -1       e1(2)
        0.04    e2(2)

REMAINING 8 ENTRIES SKIPPED

---- y  

y(0)
                (.LO, .L, .UP, .M = 0, 0, 0, 0)
       -2       e1(0)
      (-1)      e2(0)

y(1)
                (.LO, .L, .UP, .M = -1, -1, +INF, 0)
       -2       e1(1)
        1       e2(0)
      (-1.2)    e2(1)

y(2)
                (.LO, .L, .UP, .M = -1, -1, +INF, 0)
       -2       e1(2)
        1       e2(1)
      (-1.2)    e2(2)

REMAINING 8 ENTRIES SKIPPED

---- u  

u(0)
                (.LO, .L, .UP, .M = -0.2, 0, 0.2, 0)
       -2       e2(0)

u(1)
                (.LO, .L, .UP, .M = -0.2, 0, 0.2, 0)
       -2       e2(1)

u(2)
                (.LO, .L, .UP, .M = -0.2, 0, 0.2, 0)
       -2       e2(2)

REMAINING 7 ENTRIES SKIPPED

---- f  

f
                (.LO, .L, .UP, .M = -INF, 0, +INF, 0)
        1       obj

GAMS 54.3.1  61154be4 Aug 21, 2026          LEX-LEG x86 64bit/Linux - 10/02/26 18:59:40 Page 4
G e n e r a l   A l g e b r a i c   M o d e l i n g   S y s t e m
Model Statistics    SOLVE m Using NLP From line 15


MODEL STATISTICS

BLOCKS OF EQUATIONS           3     SINGLE EQUATIONS           21
BLOCKS OF VARIABLES           4     SINGLE VARIABLES           33
NON ZERO ELEMENTS            82     NON LINEAR N-Z             21
CODE LENGTH                  96     CONSTANT POOL              16


GENERATION TIME      =        0.001 SECONDS      4 MB  54.3.1 61154be4 LEX-LEG
GAMS 54.3.1  61154be4 Aug 21, 2026          LEX-LEG x86 64bit/Linux - 10/02/26 18:59:40 Page 5
G e n e r a l   A l g e b r a i c   M o d e l i n g   S y s t e m
Solution Report     SOLVE m Using NLP From line 15


               S O L V E      S U M M A R Y

     MODEL   m                   OBJECTIVE  f
     TYPE    NLP                 DIRECTION  MINIMIZE
     SOLVER  IPOPT               FROM LINE  15

**** SOLVER STATUS     1 Normal Completion
**** MODEL STATUS      2 Locally Optimal
**** OBJECTIVE VALUE              340.6053

 RESOURCE USAGE, LIMIT          0.056 10000000000.000
 ITERATION COUNT, LIMIT        13    2147483647
 EVALUATION ERRORS              0             0

COIN-OR Ipopt    54.3.1 61154be4 Aug 21, 2026          LEG x86 64bit/Linux    

                           LOWER          LEVEL          UPPER         MARGINAL

---- EQU obj                 .              .              .             1.0000      

---- EQU e1  

         LOWER          LEVEL          UPPER         MARGINAL

0          .              .              .            66.4339      
1          .              .              .            46.4339      
2          .              .              .            27.7731      
3          .       -4.44089E-16          .            14.1936      
4          .       2.220446E-16          .             4.4232      
5          .              .              .            -1.3033      
6          .              .              .            -3.4035      
7          .              .              .            -2.8726      
8          .              .              .            -1.1667      
9          .              .              .       -5.04704E-11      

---- EQU e2  

         LOWER          LEVEL          UPPER         MARGINAL

0          .              .              .            92.8679      
1          .              .              .       -7.99991E-11      
2          .              .              .           -46.5216      
3          .       -2.22045E-16          .           -16.4799      
4          .              .              .           -21.2525      
5          .              .              .           -15.9950      
6          .              .              .            -8.2049      
7          .              .              .            -2.3335      
8          .       5.551115E-17          .       -1.72761E-11      
9          .       4.718448E-15          .       9.715849E-11      

---- VAR x  

          LOWER          LEVEL          UPPER         MARGINAL

0         10.0000        10.0000        10.0000        82.7192      
1         -INF           10.0000        +INF            EPS         
2         -INF            8.4000        +INF            EPS         
3         -INF            6.4602        +INF            EPS         
4         -INF            4.4602        +INF            EPS         
5         -INF            2.5433        +INF            EPS         
6         -INF            0.8860        +INF            EPS         
7         -INF           -0.3121        +INF            EPS         
8         -INF           -0.8529        +INF            EPS         
9         -INF           -0.5834        +INF            EPS         
10        -INF      -2.52352E-11        +INF            EPS         

---- VAR y  

          LOWER          LEVEL          UPPER         MARGINAL

0           .              .              .           225.7357      
1         -1.0000        -0.8000        +INF      5.000000E-11      
2         -1.0000        -0.9699        +INF      3.324979E-10      
3         -1.0000        -1.0000        +INF           55.1329      
4         -1.0000        -0.9584        +INF      2.404193E-10      
5         -1.0000        -0.8287        +INF      5.836561E-11      
6         -1.0000        -0.5991        +INF      2.494192E-11      
7         -1.0000        -0.2704        +INF      1.370609E-11      
8         -1.0000         0.1348        +INF      8.812303E-12      
9         -1.0000         0.2917        +INF      7.741754E-12      
10          .              .              .       -9.71585E-11      

---- VAR u  

         LOWER          LEVEL          UPPER         MARGINAL

0        -0.2000        -0.2000         0.2000       185.7357      
1        -0.2000         0.1470         0.2000   -1.59998E-10      
2        -0.2000         0.2000         0.2000       -93.0433      
3        -0.2000         0.2000         0.2000       -32.9597      
4        -0.2000         0.2000         0.2000       -42.5050      
5        -0.2000         0.2000         0.2000       -31.9899      
6        -0.2000         0.2000         0.2000       -16.4097      
7        -0.2000         0.2000         0.2000        -4.6670      
8        -0.2000         0.0623         0.2000   -3.45521E-11      
9        -0.2000        -0.1533         0.2000   1.943170E-10      

                           LOWER          LEVEL          UPPER         MARGINAL

---- VAR f                 -INF          340.6053        +INF             .          


**** REPORT SUMMARY :        0     NONOPT
                             0 INFEASIBLE
                             0  UNBOUNDED
                             0     ERRORS
GAMS 54.3.1  61154be4 Aug 21, 2026          LEX-LEG x86 64bit/Linux - 10/02/26 18:59:40 Page 6
G e n e r a l   A l g e b r a i c   M o d e l i n g   S y s t e m
E x e c u t i o n


**** REPORT FILE SUMMARY

res /workspace/minlp-notes/research-20260929/publication/reviews/lit-control-r1/gms/optc_10_0.05.txt


EXECUTION TIME       =        0.153 SECONDS      4 MB  54.3.1 61154be4 LEX-LEG


USER: [REDACTED]
      License for teaching and research at degree granting institutions


**** FILE SUMMARY

Input      /workspace/minlp-notes/research-20260929/publication/reviews/lit-control-r1/gms/optc.gms
Output     /workspace/minlp-notes/research-20260929/publication/reviews/lit-control-r1/gms/optc_10.lst
