GAMS 54.3.1  61154be4 Aug 21, 2026          LEX-LEG x86 64bit/Linux - 09/23/26 01:05:18 Page 1
G e n e r a l   A l g e b r a i c   M o d e l i n g   S y s t e m
C o m p i l a t i o n




COMPILATION TIME     =        0.128 SECONDS      5 MB  54.3.1 61154be4 LEX-LEG
GAMS 54.3.1  61154be4 Aug 21, 2026          LEX-LEG x86 64bit/Linux - 09/23/26 01:05:18 Page 2
G e n e r a l   A l g e b r a i c   M o d e l i n g   S y s t e m
Range Statistics    SOLVE m Using MINLP From line 10442


RANGE STATISTICS (ABSOLUTE NON-ZERO FINITE VALUES)

RHS       [min, max] : [ 5.000E-06, 1.000E+00] - Zero values observed as well
Bound     [min, max] : [ 7.854E-03, 5.740E+01] - Zero values observed as well
Matrix    [min, max] : [ 4.489E-06, 9.031E+05] - Zero values observed as well

GAMS 54.3.1  61154be4 Aug 21, 2026          LEX-LEG x86 64bit/Linux - 09/23/26 01:05:18 Page 3
G e n e r a l   A l g e b r a i c   M o d e l i n g   S y s t e m
Model Statistics    SOLVE m Using MINLP From line 10442


MODEL STATISTICS

BLOCKS OF EQUATIONS       7,098     SINGLE EQUATIONS        7,098
BLOCKS OF VARIABLES       4,131     SINGLE VARIABLES        4,131  167 projected
NON ZERO ELEMENTS        20,291     NON LINEAR N-Z          1,287
CODE LENGTH               6,435     CONSTANT POOL              17     DISCRETE VARIABLES      1,287


GENERATION TIME      =        0.101 SECONDS      8 MB  54.3.1 61154be4 LEX-LEG
GAMS 54.3.1  61154be4 Aug 21, 2026          LEX-LEG x86 64bit/Linux - 09/23/26 01:05:18 Page 4
G e n e r a l   A l g e b r a i c   M o d e l i n g   S y s t e m
Solution Report     SOLVE m Using MINLP From line 10442


               S O L V E      S U M M A R Y

     MODEL   m                   OBJECTIVE  objvar
     TYPE    MINLP               DIRECTION  MINIMIZE
     SOLVER  SCIP                FROM LINE  10442

**** SOLVER STATUS     3 Resource Interrupt
**** MODEL STATUS      14 No Solution Returned
**** OBJECTIVE VALUE               NA

 RESOURCE USAGE, LIMIT        600.004       600.000
 ITERATION COUNT, LIMIT    329960    2147483647
 EVALUATION ERRORS              0             0

SCIP             54.3.1 61154be4 Aug 21, 2026          LEG x86 64bit/Linux    

No solution returned


EXECUTION TIME       =      600.587 SECONDS      8 MB  54.3.1 61154be4 LEX-LEG


USER: David Bernal / SECQUOIA Research Group         G251008+0003Ac-GEN
      Purdue University, Davidson School of Chemical EngineeringDCE4838
      License for teaching and research at degree granting institutions


**** FILE SUMMARY

Input      /tmp/b2probe/pescara_dis.gms
Output     /tmp/b2probe/run_pescara_dis/pescara_dis.lst
